[38;5;2m[i 0801 16:18:01.272423 52 compiler.py:955] Jittor(1.3.11.0) src: /root/miniconda3/envs/JittorDome/lib/python3.8/site-packages/jittor[m
[38;5;2m[i 0801 16:18:01.276115 52 compiler.py:956] g++ at /usr/bin/g++(9.3.0)[m
[38;5;2m[i 0801 16:18:01.276165 52 compiler.py:957] cache_path: /root/autodl-tmp/.cache/jittor_gpu/.cache/jittor/jt1.3.11/g++9.3.0/py3.8.18/Linux-5.15.0-9xc8/IntelRXeonRPlaxf4/82d5/default[m
[38;5;2m[i 0801 16:18:01.280669 52 __init__.py:412] Found /usr/local/cuda/bin/nvcc(11.3.109) at /usr/local/cuda/bin/nvcc.[m
[38;5;2m[i 0801 16:18:01.284700 52 __init__.py:412] Found addr2line(2.34) at /usr/bin/addr2line.[m
[38;5;2m[i 0801 16:18:01.450068 52 compiler.py:1012] cuda key:cu11.3.109_sm_86[m
[38;5;2m[i 0801 16:18:01.836778 52 __init__.py:227] Total mem: 755.27GB, using 16 procs for compiling.[m
[38;5;2m[i 0801 16:18:01.928565 52 jit_compiler.cc:28] Load cc_path: /usr/bin/g++[m
[38;5;2m[i 0801 16:18:02.118560 52 init.cc:63] Found cuda archs: [86,][m
[38;5;2m[i 0801 16:18:03.707315 52 cuda_flags.cc:55] CUDA enabled.[m

Compiling Operators(1/1) used: 2.03s eta:    0s

Compiling Operators(1/1) used: 2.01s eta:    0s

Compiling Operators(1/1) used:    2s eta:    0s
[alignment] forward activations: start

Compiling Operators(29/30) used: 2.31s eta: 0.0797s
Compiling Operators(30/30) used: 3.31s eta:    0s
[alignment] forward activations: done
[alignment] losses: start

Compiling Operators(10/10) used: 3.31s eta:    0s
[alignment] losses: done
[alignment] pre-clip gradients: start

Compiling Operators(47/58) used: 2.31s eta: 0.541s
Compiling Operators(58/58) used: 3.31s eta:    0s
[alignment] pre-clip gradients: done
[alignment] post-clip gradients: start
[alignment] post-clip gradients: done
[alignment] Adam step: start
[alignment] Adam step: done
[alignment] reference-gradient clip: start
[alignment] reference-gradient clip: done
[alignment] reference-gradient Adam step: start
[alignment] reference-gradient Adam step: done
{
  "check_count": 706,
  "activation_max_abs": 0.00020229816436767578,
  "loss_max_abs": 3.337860107421875e-06,
  "gradient_preclip_cosine": 0.999945296094024,
  "gradient_preclip_relative_l2": 0.010504294484336634,
  "parameter_update_cosine": 0.9977376305741568,
  "parameter_update_relative_l2": 0.06726786928923395,
  "reference_gradient_postclip_max_abs": 5.587935447692871e-09,
  "reference_gradient_parameter_after_step_max_abs": 2.9802322387695312e-08,
  "forward_and_loss_passed": true,
  "optimizer_implementation_passed": true,
  "native_training_step_close": true,
  "strict_training_equivalence_passed": false,
  "functional_migration_passed": true
}
