[38;5;2m[i 0801 16:55:22.644528 12 compiler.py:955] Jittor(1.3.11.0) src: /root/miniconda3/envs/JittorDome/lib/python3.8/site-packages/jittor[m
[38;5;2m[i 0801 16:55:22.646899 12 compiler.py:956] g++ at /usr/bin/g++(9.3.0)[m
[38;5;2m[i 0801 16:55:22.646950 12 compiler.py:957] cache_path: /root/autodl-tmp/.cache/jittor_gpu/.cache/jittor/jt1.3.11/g++9.3.0/py3.8.18/Linux-5.15.0-9xc8/IntelRXeonRPlaxf4/82d5/default[m
[38;5;2m[i 0801 16:55:22.649800 12 __init__.py:412] Found /usr/local/cuda/bin/nvcc(11.3.109) at /usr/local/cuda/bin/nvcc.[m
[38;5;2m[i 0801 16:55:22.652389 12 __init__.py:412] Found addr2line(2.34) at /usr/bin/addr2line.[m
[38;5;2m[i 0801 16:55:22.854159 12 compiler.py:1012] cuda key:cu11.3.109_sm_86[m
[38;5;2m[i 0801 16:55:23.216306 12 __init__.py:227] Total mem: 755.27GB, using 16 procs for compiling.[m
[38;5;2m[i 0801 16:55:23.309336 12 jit_compiler.cc:28] Load cc_path: /usr/bin/g++[m
[38;5;2m[i 0801 16:55:23.483432 12 init.cc:63] Found cuda archs: [86,][m
[38;5;2m[i 0801 16:55:25.127672 12 cuda_flags.cc:55] CUDA enabled.[m
[Epoch 0/60] [batch 0/321] [lr 0.0001] [total 0.298100] [joint 0.005498] [intensity 0.149209] [sobel 0.228197] ETA: 6:19:23.899584
[Epoch 0/60] [batch 50/321] [lr 0.0001] [total 0.218737] [joint 0.006700] [intensity 0.205394] [sobel 0.131197] ETA: 1:05:22.975686
[Epoch 0/60] [batch 100/321] [lr 0.0001] [total 0.113395] [joint 0.003874] [intensity 0.116925] [sobel 0.062959] ETA: 1:04:33.369627
[Epoch 0/60] [batch 150/321] [lr 0.0001] [total 0.190552] [joint 0.006848] [intensity 0.128531] [sobel 0.109222] ETA: 1:07:43.446507
[Epoch 0/60] [batch 200/321] [lr 0.0001] [total 0.227776] [joint 0.008959] [intensity 0.210174] [sobel 0.117171] ETA: 1:05:47.301650
[Epoch 0/60] [batch 250/321] [lr 0.0001] [total 0.149470] [joint 0.005923] [intensity 0.146549] [sobel 0.075590] ETA: 1:04:52.806282
[Epoch 0/60] [batch 300/321] [lr 0.0001] [total 0.220349] [joint 0.008691] [intensity 0.190770] [sobel 0.114359] ETA: 1:04:41.961708
[Epoch 1/60] [batch 0/321] [lr 0.0001] [total 0.188754] [joint 0.006223] [intensity 0.182530] [sobel 0.108275] ETA: 2:15:15.558986
[Epoch 1/60] [batch 50/321] [lr 0.0001] [total 0.114343] [joint 0.003903] [intensity 0.129695] [sobel 0.062341] ETA: 1:07:42.295279
[Epoch 1/60] [batch 100/321] [lr 0.0001] [total 0.152358] [joint 0.005707] [intensity 0.184225] [sobel 0.076866] ETA: 1:04:26.489622
[Epoch 1/60] [batch 150/321] [lr 0.0001] [total 0.169552] [joint 0.006516] [intensity 0.138051] [sobel 0.090582] ETA: 1:03:32.958786
[Epoch 1/60] [batch 200/321] [lr 0.0001] [total 0.133362] [joint 0.004898] [intensity 0.198526] [sobel 0.064533] ETA: 1:07:30.391023
[Epoch 1/60] [batch 250/321] [lr 0.0001] [total 0.099400] [joint 0.005047] [intensity 0.073357] [sobel 0.041596] ETA: 1:07:48.354772
[Epoch 1/60] [batch 300/321] [lr 0.0001] [total 0.139706] [joint 0.006283] [intensity 0.122167] [sobel 0.064663] ETA: 1:03:40.602516
[Epoch 2/60] [batch 0/321] [lr 0.0001] [total 0.167324] [joint 0.007432] [intensity 0.185594] [sobel 0.074446] ETA: 0:54:39.708738
[Epoch 2/60] [batch 50/321] [lr 0.0001] [total 0.186053] [joint 0.008083] [intensity 0.184243] [sobel 0.086802] ETA: 1:06:41.738182
[Epoch 2/60] [batch 100/321] [lr 0.0001] [total 0.121399] [joint 0.005764] [intensity 0.122025] [sobel 0.051558] ETA: 1:06:35.531844
[Epoch 2/60] [batch 150/321] [lr 0.0001] [total 0.068746] [joint 0.001744] [intensity 0.053111] [sobel 0.045999] ETA: 0:58:47.026663
[Epoch 2/60] [batch 200/321] [lr 0.0001] [total 0.070322] [joint 0.002119] [intensity 0.114415] [sobel 0.037694] ETA: 1:06:06.046828
[Epoch 2/60] [batch 250/321] [lr 0.0001] [total 0.061925] [joint 0.001579] [intensity 0.036156] [sobel 0.042522] ETA: 0:55:56.037933
[Epoch 2/60] [batch 300/321] [lr 0.0001] [total 0.185055] [joint 0.009575] [intensity 0.178741] [sobel 0.071431] ETA: 1:06:13.848792
[Epoch 3/60] [batch 0/321] [lr 0.0001] [total 0.180362] [joint 0.008787] [intensity 0.194693] [sobel 0.073026] ETA: 0:54:13.528318
[Epoch 3/60] [batch 50/321] [lr 0.0001] [total 0.207043] [joint 0.008807] [intensity 0.176745] [sobel 0.101300] ETA: 1:03:43.178549
[Epoch 3/60] [batch 100/321] [lr 0.0001] [total 0.121550] [joint 0.004103] [intensity 0.126228] [sobel 0.067896] ETA: 0:58:57.281187
[Epoch 3/60] [batch 150/321] [lr 0.0001] [total 0.209489] [joint 0.009751] [intensity 0.264077] [sobel 0.085570] ETA: 1:05:18.096373
[Epoch 3/60] [batch 200/321] [lr 0.0001] [total 0.117906] [joint 0.004611] [intensity 0.082464] [sobel 0.063547] ETA: 0:57:51.489968
[Epoch 3/60] [batch 250/321] [lr 0.0001] [total 0.042107] [joint 0.001276] [intensity 0.033635] [sobel 0.025987] ETA: 1:01:13.253524
[Epoch 3/60] [batch 300/321] [lr 0.0001] [total 0.125738] [joint 0.004908] [intensity 0.181431] [sobel 0.058515] ETA: 1:04:07.015451
[Epoch 4/60] [batch 0/321] [lr 0.0001] [total 0.059645] [joint 0.001784] [intensity 0.041162] [sobel 0.037685] ETA: 0:49:49.778429
[Epoch 4/60] [batch 50/321] [lr 0.0001] [total 0.167310] [joint 0.006505] [intensity 0.220715] [sobel 0.080189] ETA: 1:01:26.436522
[Epoch 4/60] [batch 100/321] [lr 0.0001] [total 0.140741] [joint 0.004563] [intensity 0.180857] [sobel 0.077024] ETA: 1:04:58.488364
[Epoch 4/60] [batch 150/321] [lr 0.0001] [total 0.142935] [joint 0.006371] [intensity 0.125224] [sobel 0.066698] ETA: 1:03:37.152290
[Epoch 4/60] [batch 200/321] [lr 0.0001] [total 0.156363] [joint 0.005451] [intensity 0.141909] [sobel 0.087665] ETA: 0:57:24.183067
[Epoch 4/60] [batch 250/321] [lr 0.0001] [total 0.126077] [joint 0.006567] [intensity 0.121847] [sobel 0.048224] ETA: 1:00:47.969539
[Epoch 4/60] [batch 300/321] [lr 0.0001] [total 0.057018] [joint 0.001977] [intensity 0.046098] [sobel 0.032634] ETA: 0:59:25.960922
[Epoch 5/60] [batch 0/321] [lr 0.0001] [total 0.117358] [joint 0.005018] [intensity 0.099467] [sobel 0.057229] ETA: 0:52:16.650234
[Epoch 5/60] [batch 50/321] [lr 0.0001] [total 0.160069] [joint 0.008625] [intensity 0.144122] [sobel 0.059409] ETA: 0:59:23.091956
[Epoch 5/60] [batch 100/321] [lr 0.0001] [total 0.111722] [joint 0.003002] [intensity 0.093769] [sobel 0.072327] ETA: 0:56:08.306694
[Epoch 5/60] [batch 150/321] [lr 0.0001] [total 0.115557] [joint 0.003565] [intensity 0.112165] [sobel 0.068690] ETA: 0:58:26.605868
[Epoch 5/60] [batch 200/321] [lr 0.0001] [total 0.194795] [joint 0.008485] [intensity 0.328272] [sobel 0.077117] ETA: 1:02:22.477773
[Epoch 5/60] [batch 250/321] [lr 0.0001] [total 0.107177] [joint 0.003766] [intensity 0.111190] [sobel 0.058402] ETA: 0:58:42.725816
[Epoch 5/60] [batch 300/321] [lr 0.0001] [total 0.109984] [joint 0.005374] [intensity 0.107353] [sobel 0.045508] ETA: 0:59:28.804929
[Epoch 6/60] [batch 0/321] [lr 0.0001] [total 0.075291] [joint 0.004103] [intensity 0.045582] [sobel 0.029701] ETA: 0:50:40.945978
[Epoch 6/60] [batch 50/321] [lr 0.0001] [total 0.073969] [joint 0.003266] [intensity 0.073064] [sobel 0.034007] ETA: 1:01:52.638230
[Epoch 6/60] [batch 100/321] [lr 0.0001] [total 0.181700] [joint 0.008547] [intensity 0.226573] [sobel 0.073575] ETA: 1:02:06.198198
[Epoch 6/60] [batch 150/321] [lr 0.0001] [total 0.178363] [joint 0.008877] [intensity 0.180286] [sobel 0.071565] ETA: 0:59:30.161774
[Epoch 6/60] [batch 200/321] [lr 0.0001] [total 0.195023] [joint 0.009227] [intensity 0.239788] [sobel 0.078771] ETA: 0:58:27.309257
[Epoch 6/60] [batch 250/321] [lr 0.0001] [total 0.122684] [joint 0.005394] [intensity 0.087413] [sobel 0.060006] ETA: 0:57:39.910960
[Epoch 6/60] [batch 300/321] [lr 0.0001] [total 0.100766] [joint 0.003197] [intensity 0.100378] [sobel 0.058759] ETA: 1:01:17.980794
[Epoch 7/60] [batch 0/321] [lr 0.0001] [total 0.167413] [joint 0.008184] [intensity 0.160955] [sobel 0.069472] ETA: 0:47:33.036371
[Epoch 7/60] [batch 50/321] [lr 0.0001] [total 0.180460] [joint 0.008605] [intensity 0.214235] [sobel 0.072991] ETA: 1:00:50.857314
[Epoch 7/60] [batch 100/321] [lr 0.0001] [total 0.081495] [joint 0.003307] [intensity 0.095884] [sobel 0.038835] ETA: 0:57:28.465594
[Epoch 7/60] [batch 150/321] [lr 0.0001] [total 0.133840] [joint 0.004574] [intensity 0.228306] [sobel 0.065266] ETA: 0:57:17.563276
[Epoch 7/60] [batch 200/321] [lr 0.0001] [total 0.105485] [joint 0.003242] [intensity 0.222890] [sobel 0.050775] ETA: 0:59:52.750642
[Epoch 7/60] [batch 250/321] [lr 0.0001] [total 0.126006] [joint 0.005487] [intensity 0.108620] [sobel 0.060279] ETA: 0:56:40.967781
[Epoch 7/60] [batch 300/321] [lr 0.0001] [total 0.166117] [joint 0.007109] [intensity 0.156197] [sobel 0.079402] ETA: 0:59:44.184565
[Epoch 8/60] [batch 0/321] [lr 0.0001] [total 0.099365] [joint 0.005074] [intensity 0.114597] [sobel 0.037163] ETA: 0:49:09.677307
[Epoch 8/60] [batch 50/321] [lr 0.0001] [total 0.150684] [joint 0.004765] [intensity 0.150576] [sobel 0.087977] ETA: 0:53:52.281759
[Epoch 8/60] [batch 100/321] [lr 0.0001] [total 0.268339] [joint 0.013918] [intensity 0.272930] [sobel 0.101864] ETA: 1:00:14.175072
[Epoch 8/60] [batch 150/321] [lr 0.0001] [total 0.157129] [joint 0.007395] [intensity 0.161403] [sobel 0.067043] ETA: 0:59:14.820863
[Epoch 8/60] [batch 200/321] [lr 0.0001] [total 0.097499] [joint 0.004680] [intensity 0.139134] [sobel 0.036789] ETA: 0:58:37.078922
[Epoch 8/60] [batch 250/321] [lr 0.0001] [total 0.065845] [joint 0.002185] [intensity 0.058159] [sobel 0.038175] ETA: 0:59:02.155291
[Epoch 8/60] [batch 300/321] [lr 0.0001] [total 0.160072] [joint 0.008072] [intensity 0.160287] [sobel 0.063320] ETA: 0:57:03.123756
[Epoch 9/60] [batch 0/321] [lr 0.0001] [total 0.144281] [joint 0.006909] [intensity 0.164750] [sobel 0.058712] ETA: 0:49:15.992528
[Epoch 9/60] [batch 50/321] [lr 0.0001] [total 0.150123] [joint 0.006428] [intensity 0.125267] [sobel 0.073314] ETA: 0:52:37.507153
[Epoch 9/60] [batch 100/321] [lr 0.0001] [total 0.086792] [joint 0.003998] [intensity 0.094272] [sobel 0.037384] ETA: 0:57:37.922672
[Epoch 9/60] [batch 150/321] [lr 0.0001] [total 0.174791] [joint 0.008050] [intensity 0.195115] [sobel 0.074782] ETA: 0:58:28.594738
[Epoch 9/60] [batch 200/321] [lr 0.0001] [total 0.124219] [joint 0.005827] [intensity 0.125080] [sobel 0.053442] ETA: 0:55:49.949597
[Epoch 9/60] [batch 250/321] [lr 0.0001] [total 0.125241] [joint 0.005886] [intensity 0.144980] [sobel 0.051878] ETA: 0:57:30.608684
[Epoch 9/60] [batch 300/321] [lr 0.0001] [total 0.093488] [joint 0.004441] [intensity 0.081847] [sobel 0.040897] ETA: 0:57:20.672793
[Epoch 10/60] [batch 0/321] [lr 0.0001] [total 0.107993] [joint 0.005451] [intensity 0.104292] [sobel 0.043049] ETA: 0:47:07.170575
[Epoch 10/60] [batch 50/321] [lr 0.0001] [total 0.200781] [joint 0.008225] [intensity 0.263108] [sobel 0.092224] ETA: 0:57:49.749451
[Epoch 10/60] [batch 100/321] [lr 0.0001] [total 0.131240] [joint 0.005738] [intensity 0.143477] [sobel 0.059516] ETA: 0:53:58.318837
[Epoch 10/60] [batch 150/321] [lr 0.0001] [total 0.135994] [joint 0.005613] [intensity 0.176304] [sobel 0.062237] ETA: 0:55:01.266432
[Epoch 10/60] [batch 200/321] [lr 0.0001] [total 0.079032] [joint 0.003441] [intensity 0.042533] [sobel 0.040369] ETA: 0:53:35.812778
[Epoch 10/60] [batch 250/321] [lr 0.0001] [total 0.076976] [joint 0.002669] [intensity 0.058520] [sobel 0.044431] ETA: 0:53:47.558374
[Epoch 10/60] [batch 300/321] [lr 0.0001] [total 0.153894] [joint 0.005631] [intensity 0.200637] [sobel 0.077524] ETA: 0:53:34.779854
[Epoch 11/60] [batch 0/321] [lr 0.0001] [total 0.167128] [joint 0.007122] [intensity 0.172454] [sobel 0.078659] ETA: 0:43:57.926626
[Epoch 11/60] [batch 50/321] [lr 0.0001] [total 0.094449] [joint 0.003584] [intensity 0.080416] [sobel 0.050564] ETA: 0:53:31.726615
[Epoch 11/60] [batch 100/321] [lr 0.0001] [total 0.169718] [joint 0.006649] [intensity 0.167732] [sobel 0.086451] ETA: 0:53:57.207988
[Epoch 11/60] [batch 150/321] [lr 0.0001] [total 0.111125] [joint 0.004924] [intensity 0.121286] [sobel 0.049756] ETA: 0:53:30.545695
[Epoch 11/60] [batch 200/321] [lr 0.0001] [total 0.114633] [joint 0.006534] [intensity 0.139981] [sobel 0.035293] ETA: 0:56:04.591244
[Epoch 11/60] [batch 250/321] [lr 0.0001] [total 0.122480] [joint 0.006184] [intensity 0.118255] [sobel 0.048814] ETA: 0:52:32.848196
[Epoch 11/60] [batch 300/321] [lr 0.0001] [total 0.111103] [joint 0.003881] [intensity 0.107320] [sobel 0.061563] ETA: 0:50:02.588024
[Epoch 12/60] [batch 0/321] [lr 0.0001] [total 0.083325] [joint 0.002420] [intensity 0.065852] [sobel 0.052536] ETA: 0:42:20.927135
[Epoch 12/60] [batch 50/321] [lr 0.0001] [total 0.077240] [joint 0.002902] [intensity 0.100467] [sobel 0.038171] ETA: 0:55:10.137784
[Epoch 12/60] [batch 100/321] [lr 0.0001] [total 0.169566] [joint 0.006036] [intensity 0.077428] [sobel 0.101460] ETA: 0:49:11.751710
[Epoch 12/60] [batch 150/321] [lr 0.0001] [total 0.097960] [joint 0.003224] [intensity 0.114456] [sobel 0.054275] ETA: 0:52:15.000717
[Epoch 12/60] [batch 200/321] [lr 0.0001] [total 0.103984] [joint 0.004170] [intensity 0.177787] [sobel 0.044501] ETA: 0:54:31.557011
[Epoch 12/60] [batch 250/321] [lr 0.0001] [total 0.115514] [joint 0.005686] [intensity 0.121854] [sobel 0.046467] ETA: 0:53:51.079856
[Epoch 12/60] [batch 300/321] [lr 0.0001] [total 0.121189] [joint 0.006171] [intensity 0.086611] [sobel 0.050822] ETA: 0:53:42.381357
[Epoch 13/60] [batch 0/321] [lr 0.0001] [total 0.141063] [joint 0.005941] [intensity 0.144658] [sobel 0.067190] ETA: 0:45:06.596514
[Epoch 13/60] [batch 50/321] [lr 0.0001] [total 0.109996] [joint 0.003961] [intensity 0.092301] [sobel 0.061154] ETA: 0:48:40.318634
[Epoch 13/60] [batch 100/321] [lr 0.0001] [total 0.100612] [joint 0.005602] [intensity 0.095267] [sobel 0.035065] ETA: 0:53:39.570281
[Epoch 13/60] [batch 150/321] [lr 0.0001] [total 0.128950] [joint 0.006259] [intensity 0.146421] [sobel 0.051713] ETA: 0:53:27.682345
[Epoch 13/60] [batch 200/321] [lr 0.0001] [total 0.107876] [joint 0.005253] [intensity 0.134660] [sobel 0.041881] ETA: 0:53:27.096079
[Epoch 13/60] [batch 250/321] [lr 0.0001] [total 0.096229] [joint 0.004347] [intensity 0.071063] [sobel 0.045656] ETA: 0:50:08.321541
[Epoch 13/60] [batch 300/321] [lr 0.0001] [total 0.120593] [joint 0.004709] [intensity 0.158057] [sobel 0.057700] ETA: 0:53:28.839046
[Epoch 14/60] [batch 0/321] [lr 0.0001] [total 0.201786] [joint 0.007483] [intensity 0.164099] [sobel 0.110544] ETA: 0:41:06.454411
[Epoch 14/60] [batch 50/321] [lr 0.0001] [total 0.139696] [joint 0.005054] [intensity 0.192818] [sobel 0.069876] ETA: 0:47:27.690469
[Epoch 14/60] [batch 100/321] [lr 0.0001] [total 0.132936] [joint 0.004350] [intensity 0.151198] [sobel 0.074315] ETA: 0:47:04.612330
[Epoch 14/60] [batch 150/321] [lr 0.0001] [total 0.059350] [joint 0.001700] [intensity 0.070462] [sobel 0.035309] ETA: 0:49:38.754198
[Epoch 14/60] [batch 200/321] [lr 0.0001] [total 0.116074] [joint 0.005125] [intensity 0.110866] [sobel 0.053733] ETA: 0:49:27.682060
[Epoch 14/60] [batch 250/321] [lr 0.0001] [total 0.171997] [joint 0.009292] [intensity 0.129694] [sobel 0.066110] ETA: 0:52:42.220180
[Epoch 14/60] [batch 300/321] [lr 0.0001] [total 0.096898] [joint 0.002082] [intensity 0.092060] [sobel 0.066875] ETA: 0:43:58.832758
[Epoch 15/60] [batch 0/321] [lr 0.0001] [total 0.156668] [joint 0.006574] [intensity 0.197928] [sobel 0.071136] ETA: 0:37:21.633321
[Epoch 15/60] [batch 50/321] [lr 0.0001] [total 0.132106] [joint 0.005080] [intensity 0.174739] [sobel 0.063836] ETA: 0:51:45.590531
[Epoch 15/60] [batch 100/321] [lr 0.0001] [total 0.107974] [joint 0.002831] [intensity 0.088765] [sobel 0.070790] ETA: 0:45:49.378759
[Epoch 15/60] [batch 150/321] [lr 0.0001] [total 0.086098] [joint 0.002861] [intensity 0.116092] [sobel 0.045875] ETA: 0:48:41.663729
[Epoch 15/60] [batch 200/321] [lr 0.0001] [total 0.140494] [joint 0.005790] [intensity 0.168164] [sobel 0.065773] ETA: 0:46:04.114240
[Epoch 15/60] [batch 250/321] [lr 0.0001] [total 0.064282] [joint 0.002577] [intensity 0.040968] [sobel 0.034417] ETA: 0:48:30.501876
[Epoch 15/60] [batch 300/321] [lr 0.0001] [total 0.090492] [joint 0.003311] [intensity 0.125704] [sobel 0.044809] ETA: 0:48:03.522763
[Epoch 16/60] [batch 0/321] [lr 0.0001] [total 0.102728] [joint 0.004389] [intensity 0.101166] [sobel 0.048717] ETA: 0:39:12.613744
[Epoch 16/60] [batch 50/321] [lr 0.0001] [total 0.133339] [joint 0.006197] [intensity 0.145517] [sobel 0.056821] ETA: 0:50:36.747067
[Epoch 16/60] [batch 100/321] [lr 0.0001] [total 0.094058] [joint 0.002762] [intensity 0.083900] [sobel 0.058049] ETA: 0:47:51.712435
[Epoch 16/60] [batch 150/321] [lr 0.0001] [total 0.116653] [joint 0.005709] [intensity 0.124897] [sobel 0.047069] ETA: 0:50:29.319632
[Epoch 16/60] [batch 200/321] [lr 0.0001] [total 0.132305] [joint 0.006054] [intensity 0.104864] [sobel 0.061283] ETA: 0:50:26.079389
[Epoch 16/60] [batch 250/321] [lr 0.0001] [total 0.095026] [joint 0.003494] [intensity 0.077289] [sobel 0.052356] ETA: 0:47:17.910547
[Epoch 16/60] [batch 300/321] [lr 0.0001] [total 0.154200] [joint 0.006664] [intensity 0.182986] [sobel 0.069265] ETA: 0:44:30.732422
[Epoch 17/60] [batch 0/321] [lr 0.0001] [total 0.149662] [joint 0.005046] [intensity 0.233358] [sobel 0.075863] ETA: 0:38:13.962095
[Epoch 17/60] [batch 50/321] [lr 0.0001] [total 0.094402] [joint 0.003064] [intensity 0.060429] [sobel 0.057722] ETA: 0:49:31.941016
[Epoch 17/60] [batch 100/321] [lr 0.0001] [total 0.095789] [joint 0.002189] [intensity 0.060336] [sobel 0.067864] ETA: 0:43:59.919980
[Epoch 17/60] [batch 150/321] [lr 0.0001] [total 0.079172] [joint 0.001736] [intensity 0.025007] [sobel 0.059307] ETA: 0:46:26.071302
[Epoch 17/60] [batch 200/321] [lr 0.0001] [total 0.032166] [joint 0.000913] [intensity 0.013757] [sobel 0.021661] ETA: 0:48:29.835345
[Epoch 17/60] [batch 250/321] [lr 0.0001] [total 0.053941] [joint 0.001262] [intensity 0.062409] [sobel 0.035076] ETA: 0:46:18.276721
[Epoch 17/60] [batch 300/321] [lr 0.0001] [total 0.065601] [joint 0.001643] [intensity 0.031012] [sobel 0.046069] ETA: 0:43:15.530193
[Epoch 18/60] [batch 0/321] [lr 0.0001] [total 0.040856] [joint 0.001153] [intensity 0.009625] [sobel 0.028363] ETA: 0:39:48.882890
[Epoch 18/60] [batch 50/321] [lr 0.0001] [total 0.106394] [joint 0.002504] [intensity 0.057338] [sobel 0.075619] ETA: 0:40:45.929544
[Epoch 18/60] [batch 100/321] [lr 0.0001] [total 0.051772] [joint 0.001363] [intensity 0.014318] [sobel 0.036710] ETA: 0:45:47.179077
[Epoch 18/60] [batch 150/321] [lr 0.0001] [total 0.117340] [joint 0.002836] [intensity 0.045779] [sobel 0.084408] ETA: 0:40:07.980741
[Epoch 18/60] [batch 200/321] [lr 0.0001] [total 0.044630] [joint 0.001264] [intensity 0.012714] [sobel 0.030717] ETA: 0:48:21.317655
[Epoch 18/60] [batch 250/321] [lr 0.0001] [total 0.076964] [joint 0.002041] [intensity 0.024398] [sobel 0.054114] ETA: 0:48:34.261383
[Epoch 18/60] [batch 300/321] [lr 0.0001] [total 0.041025] [joint 0.001181] [intensity 0.032452] [sobel 0.025966] ETA: 0:47:33.526438
[Epoch 19/60] [batch 0/321] [lr 0.0001] [total 0.036172] [joint 0.000971] [intensity 0.010813] [sobel 0.025375] ETA: 0:38:47.564701
[Epoch 19/60] [batch 50/321] [lr 0.0001] [total 0.077188] [joint 0.001935] [intensity 0.043236] [sobel 0.053519] ETA: 0:42:08.826687
[Epoch 19/60] [batch 100/321] [lr 0.0001] [total 0.030647] [joint 0.000914] [intensity 0.017524] [sobel 0.019752] ETA: 0:46:03.917089
[Epoch 19/60] [batch 150/321] [lr 0.0001] [total 0.060959] [joint 0.001572] [intensity 0.043445] [sobel 0.040891] ETA: 0:41:56.512303
[Epoch 19/60] [batch 200/321] [lr 0.0001] [total 0.044195] [joint 0.001197] [intensity 0.019772] [sobel 0.030243] ETA: 0:41:58.185508
[Epoch 19/60] [batch 250/321] [lr 0.0001] [total 0.139503] [joint 0.003964] [intensity 0.046928] [sobel 0.095168] ETA: 0:41:24.516310
[Epoch 19/60] [batch 300/321] [lr 0.0001] [total 0.057240] [joint 0.001466] [intensity 0.035001] [sobel 0.039085] ETA: 0:44:09.716711
[Epoch 20/60] [batch 0/321] [lr 0.0001] [total 0.059359] [joint 0.001553] [intensity 0.025206] [sobel 0.041308] ETA: 0:35:44.032745
[Epoch 20/60] [batch 50/321] [lr 0.0001] [total 0.037309] [joint 0.001145] [intensity 0.010092] [sobel 0.024853] ETA: 0:45:43.798945
[Epoch 20/60] [batch 100/321] [lr 0.0001] [total 0.035333] [joint 0.000957] [intensity 0.014458] [sobel 0.024321] ETA: 0:43:26.757092
[Epoch 20/60] [batch 150/321] [lr 0.0001] [total 0.066121] [joint 0.002098] [intensity 0.012189] [sobel 0.043925] ETA: 0:46:20.197449
[Epoch 20/60] [batch 200/321] [lr 0.0001] [total 0.029587] [joint 0.000939] [intensity 0.014182] [sobel 0.018776] ETA: 0:45:10.818291
[Epoch 20/60] [batch 250/321] [lr 0.0001] [total 0.040974] [joint 0.001174] [intensity 0.018073] [sobel 0.027425] ETA: 0:45:17.255778
[Epoch 20/60] [batch 300/321] [lr 0.0001] [total 0.070873] [joint 0.001821] [intensity 0.031130] [sobel 0.049546] ETA: 0:42:51.933818
[Epoch 21/60] [batch 0/321] [lr 0.0001] [total 0.060887] [joint 0.001483] [intensity 0.033112] [sobel 0.042747] ETA: 0:37:17.723971
[Epoch 21/60] [batch 50/321] [lr 0.0001] [total 0.029068] [joint 0.000825] [intensity 0.011870] [sobel 0.019633] ETA: 0:41:54.509407
[Epoch 21/60] [batch 100/321] [lr 0.0001] [total 0.048928] [joint 0.001194] [intensity 0.016373] [sobel 0.035354] ETA: 0:44:44.462163
[Epoch 21/60] [batch 150/321] [lr 0.0001] [total 0.030955] [joint 0.001040] [intensity 0.004652] [sobel 0.020088] ETA: 0:44:18.623230
[Epoch 21/60] [batch 200/321] [lr 0.0001] [total 0.023066] [joint 0.000790] [intensity 0.005141] [sobel 0.014651] ETA: 0:44:07.699882
[Epoch 21/60] [batch 250/321] [lr 0.0001] [total 0.039095] [joint 0.001185] [intensity 0.012170] [sobel 0.026027] ETA: 0:44:16.800668
[Epoch 21/60] [batch 300/321] [lr 0.0001] [total 0.031245] [joint 0.000952] [intensity 0.011656] [sobel 0.020555] ETA: 0:43:56.910298
[Epoch 22/60] [batch 0/321] [lr 0.0001] [total 0.028006] [joint 0.000849] [intensity 0.011538] [sobel 0.018361] ETA: 0:35:34.821004
[Epoch 22/60] [batch 50/321] [lr 0.0001] [total 0.049018] [joint 0.001154] [intensity 0.033852] [sobel 0.034090] ETA: 0:41:51.143260
[Epoch 22/60] [batch 100/321] [lr 0.0001] [total 0.081227] [joint 0.002220] [intensity 0.022091] [sobel 0.056818] ETA: 0:41:18.508432
[Epoch 22/60] [batch 150/321] [lr 0.0001] [total 0.058145] [joint 0.001552] [intensity 0.021496] [sobel 0.040473] ETA: 0:41:10.832954
[Epoch 22/60] [batch 200/321] [lr 0.0001] [total 0.051510] [joint 0.001363] [intensity 0.019558] [sobel 0.035923] ETA: 0:40:59.314472
[Epoch 22/60] [batch 250/321] [lr 0.0001] [total 0.031047] [joint 0.000909] [intensity 0.009950] [sobel 0.020965] ETA: 0:42:38.959883
[Epoch 22/60] [batch 300/321] [lr 0.0001] [total 0.055561] [joint 0.001323] [intensity 0.030496] [sobel 0.039286] ETA: 0:39:51.443808
[Epoch 23/60] [batch 0/321] [lr 0.0001] [total 0.064600] [joint 0.001702] [intensity 0.022324] [sobel 0.045348] ETA: 0:33:14.169137
[Epoch 23/60] [batch 50/321] [lr 0.0001] [total 0.026176] [joint 0.000852] [intensity 0.008127] [sobel 0.016842] ETA: 0:42:36.386848
[Epoch 23/60] [batch 100/321] [lr 0.0001] [total 0.061582] [joint 0.001816] [intensity 0.018803] [sobel 0.041546] ETA: 0:39:54.185471
[Epoch 23/60] [batch 150/321] [lr 0.0001] [total 0.032824] [joint 0.000881] [intensity 0.018271] [sobel 0.022190] ETA: 0:40:16.392137
[Epoch 23/60] [batch 200/321] [lr 0.0001] [total 0.046131] [joint 0.001389] [intensity 0.022031] [sobel 0.030037] ETA: 0:42:22.422603
[Epoch 23/60] [batch 250/321] [lr 0.0001] [total 0.039924] [joint 0.001397] [intensity 0.007832] [sobel 0.025174] ETA: 0:41:49.550680
[Epoch 23/60] [batch 300/321] [lr 0.0001] [total 0.081429] [joint 0.002045] [intensity 0.037646] [sobel 0.057216] ETA: 0:36:41.932646
[Epoch 24/60] [batch 0/321] [lr 0.0001] [total 0.042262] [joint 0.001461] [intensity 0.011500] [sobel 0.026506] ETA: 0:31:34.294478
[Epoch 24/60] [batch 50/321] [lr 0.0001] [total 0.044910] [joint 0.001334] [intensity 0.008981] [sobel 0.030675] ETA: 0:39:05.196699
[Epoch 24/60] [batch 100/321] [lr 0.0001] [total 0.021060] [joint 0.000740] [intensity 0.014239] [sobel 0.012235] ETA: 0:41:08.220337
[Epoch 24/60] [batch 150/321] [lr 0.0001] [total 0.027572] [joint 0.001004] [intensity 0.010376] [sobel 0.016494] ETA: 0:40:47.426730
[Epoch 24/60] [batch 200/321] [lr 0.0001] [total 0.026143] [joint 0.000899] [intensity 0.009672] [sobel 0.016187] ETA: 0:40:54.949181
[Epoch 24/60] [batch 250/321] [lr 0.0001] [total 0.039982] [joint 0.001224] [intensity 0.007918] [sobel 0.026955] ETA: 0:40:54.407530
[Epoch 24/60] [batch 300/321] [lr 0.0001] [total 0.027522] [joint 0.000891] [intensity 0.011085] [sobel 0.017505] ETA: 0:40:37.726902
[Epoch 25/60] [batch 0/321] [lr 5e-05] [total 0.055280] [joint 0.001501] [intensity 0.032713] [sobel 0.037002] ETA: 0:31:32.480814
[Epoch 25/60] [batch 50/321] [lr 5e-05] [total 0.040236] [joint 0.001087] [intensity 0.034480] [sobel 0.025921] ETA: 0:38:02.395968
[Epoch 25/60] [batch 100/321] [lr 5e-05] [total 0.029047] [joint 0.000934] [intensity 0.005158] [sobel 0.019193] ETA: 0:40:09.634215
[Epoch 25/60] [batch 150/321] [lr 5e-05] [total 0.050421] [joint 0.001421] [intensity 0.031669] [sobel 0.033042] ETA: 0:37:51.496507
[Epoch 25/60] [batch 200/321] [lr 5e-05] [total 0.021879] [joint 0.000778] [intensity 0.005326] [sobel 0.013570] ETA: 0:39:40.608959
[Epoch 25/60] [batch 250/321] [lr 5e-05] [total 0.062490] [joint 0.001710] [intensity 0.019219] [sobel 0.043470] ETA: 0:37:28.951565
[Epoch 25/60] [batch 300/321] [lr 5e-05] [total 0.036734] [joint 0.000978] [intensity 0.011773] [sobel 0.025781] ETA: 0:39:33.061938
[Epoch 26/60] [batch 0/321] [lr 5e-05] [total 0.042386] [joint 0.001139] [intensity 0.011151] [sobel 0.029881] ETA: 0:30:05.082232
[Epoch 26/60] [batch 50/321] [lr 5e-05] [total 0.041499] [joint 0.001577] [intensity 0.004913] [sobel 0.025238] ETA: 0:39:10.877945
[Epoch 26/60] [batch 100/321] [lr 5e-05] [total 0.068814] [joint 0.001935] [intensity 0.014391] [sobel 0.048023] ETA: 0:36:44.207347
[Epoch 26/60] [batch 150/321] [lr 5e-05] [total 0.030435] [joint 0.001145] [intensity 0.005342] [sobel 0.018448] ETA: 0:38:24.050185
[Epoch 26/60] [batch 200/321] [lr 5e-05] [total 0.034012] [joint 0.001187] [intensity 0.005830] [sobel 0.021558] ETA: 0:38:37.009172
[Epoch 26/60] [batch 250/321] [lr 5e-05] [total 0.038514] [joint 0.001197] [intensity 0.007232] [sobel 0.025820] ETA: 0:39:04.097158
[Epoch 26/60] [batch 300/321] [lr 5e-05] [total 0.042545] [joint 0.001215] [intensity 0.012482] [sobel 0.029147] ETA: 0:36:16.873828
[Epoch 27/60] [batch 0/321] [lr 5e-05] [total 0.024538] [joint 0.000790] [intensity 0.007724] [sobel 0.015862] ETA: 0:31:13.441093
[Epoch 27/60] [batch 50/321] [lr 5e-05] [total 0.060251] [joint 0.001720] [intensity 0.015994] [sobel 0.041456] ETA: 0:37:58.500422
[Epoch 27/60] [batch 100/321] [lr 5e-05] [total 0.069559] [joint 0.001764] [intensity 0.038405] [sobel 0.048075] ETA: 0:32:07.239764
[Epoch 27/60] [batch 150/321] [lr 5e-05] [total 0.031784] [joint 0.000902] [intensity 0.012658] [sobel 0.021500] ETA: 0:37:41.039428
[Epoch 27/60] [batch 200/321] [lr 5e-05] [total 0.025810] [joint 0.000901] [intensity 0.008389] [sobel 0.015964] ETA: 0:37:38.673303
[Epoch 27/60] [batch 250/321] [lr 5e-05] [total 0.036825] [joint 0.001105] [intensity 0.012310] [sobel 0.024539] ETA: 0:37:12.451429
[Epoch 27/60] [batch 300/321] [lr 5e-05] [total 0.065595] [joint 0.001901] [intensity 0.022923] [sobel 0.044290] ETA: 0:34:57.926521
[Epoch 28/60] [batch 0/321] [lr 5e-05] [total 0.050630] [joint 0.001543] [intensity 0.031313] [sobel 0.032066] ETA: 0:26:36.367149
[Epoch 28/60] [batch 50/321] [lr 5e-05] [total 0.053573] [joint 0.001562] [intensity 0.020315] [sobel 0.035918] ETA: 0:34:46.674679
[Epoch 28/60] [batch 100/321] [lr 5e-05] [total 0.055178] [joint 0.001524] [intensity 0.008613] [sobel 0.039081] ETA: 0:34:40.685308
[Epoch 28/60] [batch 150/321] [lr 5e-05] [total 0.026817] [joint 0.000847] [intensity 0.007984] [sobel 0.017545] ETA: 0:36:14.957336
[Epoch 28/60] [batch 200/321] [lr 5e-05] [total 0.073608] [joint 0.001984] [intensity 0.029475] [sobel 0.050820] ETA: 0:32:41.364222
[Epoch 28/60] [batch 250/321] [lr 5e-05] [total 0.055397] [joint 0.001658] [intensity 0.019813] [sobel 0.036832] ETA: 0:36:23.395144
[Epoch 28/60] [batch 300/321] [lr 5e-05] [total 0.116153] [joint 0.003346] [intensity 0.057407] [sobel 0.076950] ETA: 0:32:17.133390
[Epoch 29/60] [batch 0/321] [lr 5e-05] [total 0.058194] [joint 0.001506] [intensity 0.031041] [sobel 0.040027] ETA: 0:25:34.342949
[Epoch 29/60] [batch 50/321] [lr 5e-05] [total 0.047317] [joint 0.001477] [intensity 0.012356] [sobel 0.031312] ETA: 0:34:03.768594
[Epoch 29/60] [batch 100/321] [lr 5e-05] [total 0.078513] [joint 0.002049] [intensity 0.024556] [sobel 0.055569] ETA: 0:34:11.994952
[Epoch 29/60] [batch 150/321] [lr 5e-05] [total 0.050521] [joint 0.001059] [intensity 0.051603] [sobel 0.034768] ETA: 0:35:26.954942
[Epoch 29/60] [batch 200/321] [lr 5e-05] [total 0.044802] [joint 0.001336] [intensity 0.011245] [sobel 0.030314] ETA: 0:35:17.896675
[Epoch 29/60] [batch 250/321] [lr 5e-05] [total 0.056473] [joint 0.001431] [intensity 0.022314] [sobel 0.039930] ETA: 0:33:17.097769
[Epoch 29/60] [batch 300/321] [lr 5e-05] [total 0.037625] [joint 0.001215] [intensity 0.008453] [sobel 0.024634] ETA: 0:34:28.963222
[Epoch 30/60] [batch 0/321] [lr 5e-05] [total 0.088409] [joint 0.002275] [intensity 0.037691] [sobel 0.061886] ETA: 0:26:51.289430
[Epoch 30/60] [batch 50/321] [lr 5e-05] [total 0.025250] [joint 0.000881] [intensity 0.004479] [sobel 0.015997] ETA: 0:34:22.225337
[Epoch 30/60] [batch 100/321] [lr 5e-05] [total 0.054956] [joint 0.001593] [intensity 0.025698] [sobel 0.036451] ETA: 0:30:58.542495
[Epoch 30/60] [batch 150/321] [lr 5e-05] [total 0.014920] [joint 0.000602] [intensity 0.005619] [sobel 0.008336] ETA: 0:33:54.878941
[Epoch 30/60] [batch 200/321] [lr 5e-05] [total 0.036361] [joint 0.001001] [intensity 0.015483] [sobel 0.024801] ETA: 0:33:59.203236
[Epoch 30/60] [batch 250/321] [lr 5e-05] [total 0.029528] [joint 0.001034] [intensity 0.003965] [sobel 0.018792] ETA: 0:33:42.095547
[Epoch 30/60] [batch 300/321] [lr 5e-05] [total 0.041199] [joint 0.001094] [intensity 0.017624] [sobel 0.028492] ETA: 0:29:40.704088
[Epoch 31/60] [batch 0/321] [lr 5e-05] [total 0.060727] [joint 0.001454] [intensity 0.023658] [sobel 0.043824] ETA: 0:25:35.878112
[Epoch 31/60] [batch 50/321] [lr 5e-05] [total 0.035940] [joint 0.001025] [intensity 0.011693] [sobel 0.024521] ETA: 0:31:20.716715
[Epoch 31/60] [batch 100/321] [lr 5e-05] [total 0.014803] [joint 0.000618] [intensity 0.005666] [sobel 0.008060] ETA: 0:32:59.613652
[Epoch 31/60] [batch 150/321] [lr 5e-05] [total 0.015855] [joint 0.000572] [intensity 0.003747] [sobel 0.009761] ETA: 0:32:27.388946
[Epoch 31/60] [batch 200/321] [lr 5e-05] [total 0.029354] [joint 0.001000] [intensity 0.009083] [sobel 0.018443] ETA: 0:32:42.597472
[Epoch 31/60] [batch 250/321] [lr 5e-05] [total 0.019398] [joint 0.000598] [intensity 0.012164] [sobel 0.012198] ETA: 0:32:44.101120
[Epoch 31/60] [batch 300/321] [lr 5e-05] [total 0.042874] [joint 0.001307] [intensity 0.008312] [sobel 0.028974] ETA: 0:32:11.996175
[Epoch 32/60] [batch 0/321] [lr 5e-05] [total 0.055345] [joint 0.001392] [intensity 0.037735] [sobel 0.037649] ETA: 0:24:45.310424
[Epoch 32/60] [batch 50/321] [lr 5e-05] [total 0.037196] [joint 0.000995] [intensity 0.007647] [sobel 0.026482] ETA: 0:32:15.448184
[Epoch 32/60] [batch 100/321] [lr 5e-05] [total 0.035672] [joint 0.001288] [intensity 0.004834] [sobel 0.022306] ETA: 0:32:16.996443
[Epoch 32/60] [batch 150/321] [lr 5e-05] [total 0.025988] [joint 0.001068] [intensity 0.004353] [sobel 0.014871] ETA: 0:32:00.937247
[Epoch 32/60] [batch 200/321] [lr 5e-05] [total 0.032066] [joint 0.000992] [intensity 0.009765] [sobel 0.021173] ETA: 0:31:43.649997
[Epoch 32/60] [batch 250/321] [lr 5e-05] [total 0.054850] [joint 0.001602] [intensity 0.025914] [sobel 0.036234] ETA: 0:29:51.212251
[Epoch 32/60] [batch 300/321] [lr 5e-05] [total 0.051480] [joint 0.001426] [intensity 0.024385] [sobel 0.034784] ETA: 0:27:57.327381
[Epoch 33/60] [batch 0/321] [lr 5e-05] [total 0.021268] [joint 0.000807] [intensity 0.003900] [sobel 0.012805] ETA: 0:26:03.660202
[Epoch 33/60] [batch 50/321] [lr 5e-05] [total 0.024953] [joint 0.000766] [intensity 0.007403] [sobel 0.016553] ETA: 0:30:20.871874
[Epoch 33/60] [batch 100/321] [lr 5e-05] [total 0.020057] [joint 0.000737] [intensity 0.009455] [sobel 0.011744] ETA: 0:30:26.777273
[Epoch 33/60] [batch 150/321] [lr 5e-05] [total 0.036018] [joint 0.001231] [intensity 0.006444] [sobel 0.023063] ETA: 0:30:19.809245
[Epoch 33/60] [batch 200/321] [lr 5e-05] [total 0.088909] [joint 0.002296] [intensity 0.028445] [sobel 0.063104] ETA: 0:27:31.696285
[Epoch 33/60] [batch 250/321] [lr 5e-05] [total 0.026252] [joint 0.000867] [intensity 0.018606] [sobel 0.015722] ETA: 0:28:58.953793
[Epoch 33/60] [batch 300/321] [lr 5e-05] [total 0.023235] [joint 0.000852] [intensity 0.005346] [sobel 0.014185] ETA: 0:29:38.554835
[Epoch 34/60] [batch 0/321] [lr 5e-05] [total 0.061234] [joint 0.001649] [intensity 0.022254] [sobel 0.042518] ETA: 0:23:12.256253
[Epoch 34/60] [batch 50/321] [lr 5e-05] [total 0.034757] [joint 0.001054] [intensity 0.010310] [sobel 0.023182] ETA: 0:29:41.799822
[Epoch 34/60] [batch 100/321] [lr 5e-05] [total 0.058198] [joint 0.001366] [intensity 0.041589] [sobel 0.040376] ETA: 0:24:58.201794
[Epoch 34/60] [batch 150/321] [lr 5e-05] [total 0.055647] [joint 0.001571] [intensity 0.028563] [sobel 0.037077] ETA: 0:24:47.845273
[Epoch 34/60] [batch 200/321] [lr 5e-05] [total 0.030581] [joint 0.001021] [intensity 0.007164] [sobel 0.019653] ETA: 0:29:19.089956
[Epoch 34/60] [batch 250/321] [lr 5e-05] [total 0.048696] [joint 0.001468] [intensity 0.008292] [sobel 0.033187] ETA: 0:27:52.843597
[Epoch 34/60] [batch 300/321] [lr 5e-05] [total 0.048310] [joint 0.001546] [intensity 0.015452] [sobel 0.031309] ETA: 0:27:33.078023
[Epoch 35/60] [batch 0/321] [lr 5e-05] [total 0.036521] [joint 0.001074] [intensity 0.009743] [sobel 0.024803] ETA: 0:23:55.186547
[Epoch 35/60] [batch 50/321] [lr 5e-05] [total 0.019797] [joint 0.000708] [intensity 0.012596] [sobel 0.011459] ETA: 0:28:39.672501
[Epoch 35/60] [batch 100/321] [lr 5e-05] [total 0.027834] [joint 0.000829] [intensity 0.005751] [sobel 0.018973] ETA: 0:28:28.477062
[Epoch 35/60] [batch 150/321] [lr 5e-05] [total 0.035134] [joint 0.001200] [intensity 0.004211] [sobel 0.022710] ETA: 0:28:55.447973
[Epoch 35/60] [batch 200/321] [lr 5e-05] [total 0.024254] [joint 0.000871] [intensity 0.006812] [sobel 0.014862] ETA: 0:27:41.216271
[Epoch 35/60] [batch 250/321] [lr 5e-05] [total 0.070101] [joint 0.002170] [intensity 0.025955] [sobel 0.045810] ETA: 0:26:38.473448
[Epoch 35/60] [batch 300/321] [lr 5e-05] [total 0.018860] [joint 0.000728] [intensity 0.003617] [sobel 0.011217] ETA: 0:27:42.073338
[Epoch 36/60] [batch 0/321] [lr 5e-05] [total 0.038228] [joint 0.000942] [intensity 0.025030] [sobel 0.026308] ETA: 0:21:17.221069
[Epoch 36/60] [batch 50/321] [lr 5e-05] [total 0.034455] [joint 0.000930] [intensity 0.013696] [sobel 0.023782] ETA: 0:26:12.073129
[Epoch 36/60] [batch 100/321] [lr 5e-05] [total 0.033911] [joint 0.001333] [intensity 0.004556] [sobel 0.020121] ETA: 0:27:25.443261
[Epoch 36/60] [batch 150/321] [lr 5e-05] [total 0.045262] [joint 0.001270] [intensity 0.017462] [sobel 0.030816] ETA: 0:25:45.070054
[Epoch 36/60] [batch 200/321] [lr 5e-05] [total 0.031362] [joint 0.001023] [intensity 0.007924] [sobel 0.020338] ETA: 0:27:11.026649
[Epoch 36/60] [batch 250/321] [lr 5e-05] [total 0.025641] [joint 0.000880] [intensity 0.008911] [sobel 0.015954] ETA: 0:26:53.128442
[Epoch 36/60] [batch 300/321] [lr 5e-05] [total 0.021929] [joint 0.000844] [intensity 0.008318] [sobel 0.012654] ETA: 0:26:49.331820
[Epoch 37/60] [batch 0/321] [lr 5e-05] [total 0.036465] [joint 0.001142] [intensity 0.008061] [sobel 0.024238] ETA: 0:22:04.758152
[Epoch 37/60] [batch 50/321] [lr 5e-05] [total 0.018044] [joint 0.000689] [intensity 0.006616] [sobel 0.010490] ETA: 0:26:24.780021
[Epoch 37/60] [batch 100/321] [lr 5e-05] [total 0.032022] [joint 0.000884] [intensity 0.028398] [sobel 0.020341] ETA: 0:24:38.456446
[Epoch 37/60] [batch 150/321] [lr 5e-05] [total 0.030264] [joint 0.000940] [intensity 0.010773] [sobel 0.019782] ETA: 0:25:30.763669
[Epoch 37/60] [batch 200/321] [lr 5e-05] [total 0.068668] [joint 0.001730] [intensity 0.030132] [sobel 0.048353] ETA: 0:22:50.284856
[Epoch 37/60] [batch 250/321] [lr 5e-05] [total 0.025752] [joint 0.000954] [intensity 0.009008] [sobel 0.015306] ETA: 0:25:39.291531
[Epoch 37/60] [batch 300/321] [lr 5e-05] [total 0.041459] [joint 0.001233] [intensity 0.024795] [sobel 0.026651] ETA: 0:23:56.214807
[Epoch 38/60] [batch 0/321] [lr 5e-05] [total 0.044779] [joint 0.001354] [intensity 0.029632] [sobel 0.028276] ETA: 0:19:43.740460
[Epoch 38/60] [batch 50/321] [lr 5e-05] [total 0.021007] [joint 0.000733] [intensity 0.027740] [sobel 0.010900] ETA: 0:23:55.789346
[Epoch 38/60] [batch 100/321] [lr 5e-05] [total 0.024442] [joint 0.000805] [intensity 0.009042] [sobel 0.015491] ETA: 0:25:11.925921
[Epoch 38/60] [batch 150/321] [lr 5e-05] [total 0.077633] [joint 0.002214] [intensity 0.032314] [sobel 0.052262] ETA: 0:23:15.743774
[Epoch 38/60] [batch 200/321] [lr 5e-05] [total 0.033063] [joint 0.000917] [intensity 0.012718] [sobel 0.022620] ETA: 0:24:32.121160
[Epoch 38/60] [batch 250/321] [lr 5e-05] [total 0.040332] [joint 0.001119] [intensity 0.012889] [sobel 0.027858] ETA: 0:23:07.468422
[Epoch 38/60] [batch 300/321] [lr 5e-05] [total 0.059271] [joint 0.001640] [intensity 0.026665] [sobel 0.040201] ETA: 0:21:41.680937
[Epoch 39/60] [batch 0/321] [lr 5e-05] [total 0.059534] [joint 0.001715] [intensity 0.018334] [sobel 0.040551] ETA: 0:17:27.521118
[Epoch 39/60] [batch 50/321] [lr 5e-05] [total 0.028645] [joint 0.000898] [intensity 0.005892] [sobel 0.019074] ETA: 0:23:41.385085
[Epoch 39/60] [batch 100/321] [lr 5e-05] [total 0.048879] [joint 0.001395] [intensity 0.013288] [sobel 0.033597] ETA: 0:22:35.742477
[Epoch 39/60] [batch 150/321] [lr 5e-05] [total 0.015032] [joint 0.000670] [intensity 0.001686] [sobel 0.008165] ETA: 0:23:51.763468
[Epoch 39/60] [batch 200/321] [lr 5e-05] [total 0.029065] [joint 0.000992] [intensity 0.006429] [sobel 0.018504] ETA: 0:23:31.830376
[Epoch 39/60] [batch 250/321] [lr 5e-05] [total 0.045208] [joint 0.001357] [intensity 0.011218] [sobel 0.030512] ETA: 0:23:46.235832
[Epoch 39/60] [batch 300/321] [lr 5e-05] [total 0.025248] [joint 0.000919] [intensity 0.005037] [sobel 0.015556] ETA: 0:23:14.510567
[Epoch 40/60] [batch 0/321] [lr 5e-05] [total 0.024140] [joint 0.000739] [intensity 0.012998] [sobel 0.015454] ETA: 0:18:51.762128
[Epoch 40/60] [batch 50/321] [lr 5e-05] [total 0.058603] [joint 0.001535] [intensity 0.011707] [sobel 0.042084] ETA: 0:22:47.199984
[Epoch 40/60] [batch 100/321] [lr 5e-05] [total 0.018979] [joint 0.000822] [intensity 0.004123] [sobel 0.010351] ETA: 0:23:13.022022
[Epoch 40/60] [batch 150/321] [lr 5e-05] [total 0.028021] [joint 0.000886] [intensity 0.008893] [sobel 0.018273] ETA: 0:22:31.519089
[Epoch 40/60] [batch 200/321] [lr 5e-05] [total 0.019529] [joint 0.000680] [intensity 0.004591] [sobel 0.012268] ETA: 0:22:01.502938
[Epoch 40/60] [batch 250/321] [lr 5e-05] [total 0.046347] [joint 0.001246] [intensity 0.023796] [sobel 0.031502] ETA: 0:18:39.329579
[Epoch 40/60] [batch 300/321] [lr 5e-05] [total 0.046062] [joint 0.001226] [intensity 0.015142] [sobel 0.032284] ETA: 0:21:49.766006
[Epoch 41/60] [batch 0/321] [lr 5e-05] [total 0.048297] [joint 0.001371] [intensity 0.011118] [sobel 0.033478] ETA: 0:17:53.892946
[Epoch 41/60] [batch 50/321] [lr 5e-05] [total 0.066001] [joint 0.001850] [intensity 0.028029] [sobel 0.044702] ETA: 0:19:24.322143
[Epoch 41/60] [batch 100/321] [lr 5e-05] [total 0.039268] [joint 0.001112] [intensity 0.020478] [sobel 0.026100] ETA: 0:20:01.482287
[Epoch 41/60] [batch 150/321] [lr 5e-05] [total 0.068337] [joint 0.001705] [intensity 0.041864] [sobel 0.047100] ETA: 0:17:53.642918
[Epoch 41/60] [batch 200/321] [lr 5e-05] [total 0.038695] [joint 0.001363] [intensity 0.007158] [sobel 0.024345] ETA: 0:21:19.711747
[Epoch 41/60] [batch 250/321] [lr 5e-05] [total 0.044431] [joint 0.001272] [intensity 0.018035] [sobel 0.029902] ETA: 0:19:56.821704
[Epoch 41/60] [batch 300/321] [lr 5e-05] [total 0.027201] [joint 0.001082] [intensity 0.006393] [sobel 0.015743] ETA: 0:20:57.922642
[Epoch 42/60] [batch 0/321] [lr 5e-05] [total 0.084611] [joint 0.002337] [intensity 0.027979] [sobel 0.058444] ETA: 0:15:11.163405
[Epoch 42/60] [batch 50/321] [lr 5e-05] [total 0.038759] [joint 0.001180] [intensity 0.017254] [sobel 0.025233] ETA: 0:20:51.048470
[Epoch 42/60] [batch 100/321] [lr 5e-05] [total 0.031235] [joint 0.001050] [intensity 0.007139] [sobel 0.020025] ETA: 0:20:26.387537
[Epoch 42/60] [batch 150/321] [lr 5e-05] [total 0.027920] [joint 0.000917] [intensity 0.009540] [sobel 0.017798] ETA: 0:19:20.934408
[Epoch 42/60] [batch 200/321] [lr 5e-05] [total 0.071031] [joint 0.001958] [intensity 0.037394] [sobel 0.047715] ETA: 0:17:57.795232
[Epoch 42/60] [batch 250/321] [lr 5e-05] [total 0.019087] [joint 0.000779] [intensity 0.004179] [sobel 0.010879] ETA: 0:19:39.783968
[Epoch 42/60] [batch 300/321] [lr 5e-05] [total 0.024352] [joint 0.000824] [intensity 0.005913] [sobel 0.015516] ETA: 0:19:34.538345
[Epoch 43/60] [batch 0/321] [lr 5e-05] [total 0.063618] [joint 0.001941] [intensity 0.025651] [sobel 0.041639] ETA: 0:15:11.792884
[Epoch 43/60] [batch 50/321] [lr 5e-05] [total 0.013503] [joint 0.000469] [intensity 0.007866] [sobel 0.008022] ETA: 0:19:09.020244
[Epoch 43/60] [batch 100/321] [lr 5e-05] [total 0.034529] [joint 0.000915] [intensity 0.016209] [sobel 0.023756] ETA: 0:17:55.921573
[Epoch 43/60] [batch 150/321] [lr 5e-05] [total 0.025964] [joint 0.001102] [intensity 0.004506] [sobel 0.014492] ETA: 0:19:05.035750
[Epoch 43/60] [batch 200/321] [lr 5e-05] [total 0.053940] [joint 0.001436] [intensity 0.030667] [sobel 0.036509] ETA: 0:17:59.390431
[Epoch 43/60] [batch 250/321] [lr 5e-05] [total 0.034095] [joint 0.001095] [intensity 0.007544] [sobel 0.022387] ETA: 0:18:41.343134
[Epoch 43/60] [batch 300/321] [lr 5e-05] [total 0.026371] [joint 0.000906] [intensity 0.005009] [sobel 0.016812] ETA: 0:18:26.124604
[Epoch 44/60] [batch 0/321] [lr 5e-05] [total 0.072882] [joint 0.002120] [intensity 0.029901] [sobel 0.048689] ETA: 0:14:23.429558
[Epoch 44/60] [batch 50/321] [lr 5e-05] [total 0.023033] [joint 0.000927] [intensity 0.008277] [sobel 0.012934] ETA: 0:18:38.158635
[Epoch 44/60] [batch 100/321] [lr 5e-05] [total 0.041445] [joint 0.001105] [intensity 0.024915] [sobel 0.027906] ETA: 0:16:23.920334
[Epoch 44/60] [batch 150/321] [lr 5e-05] [total 0.052002] [joint 0.001519] [intensity 0.017017] [sobel 0.035111] ETA: 0:17:05.522326
[Epoch 44/60] [batch 200/321] [lr 5e-05] [total 0.055708] [joint 0.001464] [intensity 0.016536] [sobel 0.039412] ETA: 0:17:59.100388
[Epoch 44/60] [batch 250/321] [lr 5e-05] [total 0.045595] [joint 0.001310] [intensity 0.010540] [sobel 0.031443] ETA: 0:16:34.131081
[Epoch 44/60] [batch 300/321] [lr 5e-05] [total 0.049866] [joint 0.001354] [intensity 0.018942] [sobel 0.034436] ETA: 0:16:29.902648
[Epoch 45/60] [batch 0/321] [lr 5e-05] [total 0.033192] [joint 0.000995] [intensity 0.021672] [sobel 0.021076] ETA: 0:13:31.957487
[Epoch 45/60] [batch 50/321] [lr 5e-05] [total 0.029087] [joint 0.000905] [intensity 0.008750] [sobel 0.019157] ETA: 0:16:20.429369
[Epoch 45/60] [batch 100/321] [lr 5e-05] [total 0.042933] [joint 0.001291] [intensity 0.011637] [sobel 0.028856] ETA: 0:17:03.216864
[Epoch 45/60] [batch 150/321] [lr 5e-05] [total 0.036897] [joint 0.001002] [intensity 0.012731] [sobel 0.025605] ETA: 0:16:44.737473
[Epoch 45/60] [batch 200/321] [lr 5e-05] [total 0.083166] [joint 0.002226] [intensity 0.041241] [sobel 0.056781] ETA: 0:14:51.563499
[Epoch 45/60] [batch 250/321] [lr 5e-05] [total 0.020362] [joint 0.000710] [intensity 0.005375] [sobel 0.012726] ETA: 0:16:23.946321
[Epoch 45/60] [batch 300/321] [lr 5e-05] [total 0.037824] [joint 0.001070] [intensity 0.008742] [sobel 0.026251] ETA: 0:16:20.637732
[Epoch 46/60] [batch 0/321] [lr 5e-05] [total 0.040923] [joint 0.001200] [intensity 0.009502] [sobel 0.027973] ETA: 0:12:36.839108
[Epoch 46/60] [batch 50/321] [lr 5e-05] [total 0.043931] [joint 0.001278] [intensity 0.009910] [sobel 0.030160] ETA: 0:16:03.977198
[Epoch 46/60] [batch 100/321] [lr 5e-05] [total 0.037057] [joint 0.001148] [intensity 0.015625] [sobel 0.024015] ETA: 0:15:46.941035
[Epoch 46/60] [batch 150/321] [lr 5e-05] [total 0.051358] [joint 0.001440] [intensity 0.018236] [sobel 0.035132] ETA: 0:14:43.479046
[Epoch 46/60] [batch 200/321] [lr 5e-05] [total 0.032897] [joint 0.001079] [intensity 0.011087] [sobel 0.020994] ETA: 0:15:34.278626
[Epoch 46/60] [batch 250/321] [lr 5e-05] [total 0.051715] [joint 0.001544] [intensity 0.026744] [sobel 0.033598] ETA: 0:14:27.718733
[Epoch 46/60] [batch 300/321] [lr 5e-05] [total 0.058928] [joint 0.001266] [intensity 0.053037] [sobel 0.040960] ETA: 0:13:23.441763
[Epoch 47/60] [batch 0/321] [lr 5e-05] [total 0.025683] [joint 0.000927] [intensity 0.008827] [sobel 0.015535] ETA: 0:12:25.015547
[Epoch 47/60] [batch 50/321] [lr 5e-05] [total 0.063887] [joint 0.001828] [intensity 0.028278] [sobel 0.042779] ETA: 0:13:18.582158
[Epoch 47/60] [batch 100/321] [lr 5e-05] [total 0.033071] [joint 0.000933] [intensity 0.011650] [sobel 0.022575] ETA: 0:14:41.245337
[Epoch 47/60] [batch 150/321] [lr 5e-05] [total 0.065604] [joint 0.001805] [intensity 0.028942] [sobel 0.044655] ETA: 0:13:49.957450
[Epoch 47/60] [batch 200/321] [lr 5e-05] [total 0.050063] [joint 0.001556] [intensity 0.014244] [sobel 0.033075] ETA: 0:14:21.208949
[Epoch 47/60] [batch 250/321] [lr 5e-05] [total 0.025923] [joint 0.000747] [intensity 0.013206] [sobel 0.017135] ETA: 0:14:09.143544
[Epoch 47/60] [batch 300/321] [lr 5e-05] [total 0.027060] [joint 0.001042] [intensity 0.004783] [sobel 0.016162] ETA: 0:13:49.412921
[Epoch 48/60] [batch 0/321] [lr 5e-05] [total 0.042524] [joint 0.001503] [intensity 0.007775] [sobel 0.026719] ETA: 0:11:36.087871
[Epoch 48/60] [batch 50/321] [lr 5e-05] [total 0.047871] [joint 0.001257] [intensity 0.021328] [sobel 0.033171] ETA: 0:12:17.017854
[Epoch 48/60] [batch 100/321] [lr 5e-05] [total 0.032274] [joint 0.001019] [intensity 0.013809] [sobel 0.020708] ETA: 0:12:41.609741
[Epoch 48/60] [batch 150/321] [lr 5e-05] [total 0.023496] [joint 0.000804] [intensity 0.004823] [sobel 0.014969] ETA: 0:13:19.533442
[Epoch 48/60] [batch 200/321] [lr 5e-05] [total 0.049623] [joint 0.001454] [intensity 0.020040] [sobel 0.033075] ETA: 0:11:01.852209
[Epoch 48/60] [batch 250/321] [lr 5e-05] [total 0.044841] [joint 0.001142] [intensity 0.011052] [sobel 0.032317] ETA: 0:12:25.733433
[Epoch 48/60] [batch 300/321] [lr 5e-05] [total 0.027253] [joint 0.000979] [intensity 0.006909] [sobel 0.016774] ETA: 0:12:46.020424
[Epoch 49/60] [batch 0/321] [lr 5e-05] [total 0.071212] [joint 0.001951] [intensity 0.037661] [sobel 0.047938] ETA: 0:09:04.852572
[Epoch 49/60] [batch 50/321] [lr 5e-05] [total 0.030008] [joint 0.001147] [intensity 0.005965] [sobel 0.017942] ETA: 0:12:32.701316
[Epoch 49/60] [batch 100/321] [lr 5e-05] [total 0.060399] [joint 0.001496] [intensity 0.033219] [sobel 0.042113] ETA: 0:10:57.260459
[Epoch 49/60] [batch 150/321] [lr 5e-05] [total 0.033807] [joint 0.001282] [intensity 0.010201] [sobel 0.019967] ETA: 0:11:28.801010
[Epoch 49/60] [batch 200/321] [lr 5e-05] [total 0.100632] [joint 0.002256] [intensity 0.059241] [sobel 0.072145] ETA: 0:10:08.540074
[Epoch 49/60] [batch 250/321] [lr 5e-05] [total 0.054439] [joint 0.001420] [intensity 0.034977] [sobel 0.036740] ETA: 0:10:40.753821
[Epoch 49/60] [batch 300/321] [lr 5e-05] [total 0.029927] [joint 0.000837] [intensity 0.012326] [sobel 0.020329] ETA: 0:11:44.360872
[Epoch 50/60] [batch 0/321] [lr 2.5e-05] [total 0.050616] [joint 0.001318] [intensity 0.024341] [sobel 0.035006] ETA: 0:09:04.813235
[Epoch 50/60] [batch 50/321] [lr 2.5e-05] [total 0.033208] [joint 0.001196] [intensity 0.005387] [sobel 0.020709] ETA: 0:11:20.040121
[Epoch 50/60] [batch 100/321] [lr 2.5e-05] [total 0.025769] [joint 0.000985] [intensity 0.003682] [sobel 0.015547] ETA: 0:11:11.844778
[Epoch 50/60] [batch 150/321] [lr 2.5e-05] [total 0.034154] [joint 0.001194] [intensity 0.008086] [sobel 0.021410] ETA: 0:10:55.256538
[Epoch 50/60] [batch 200/321] [lr 2.5e-05] [total 0.028665] [joint 0.000879] [intensity 0.005623] [sobel 0.019315] ETA: 0:10:43.887351
[Epoch 50/60] [batch 250/321] [lr 2.5e-05] [total 0.046173] [joint 0.001345] [intensity 0.024081] [sobel 0.030317] ETA: 0:10:00.024872
[Epoch 50/60] [batch 300/321] [lr 2.5e-05] [total 0.023119] [joint 0.000861] [intensity 0.005826] [sobel 0.013924] ETA: 0:10:29.362957
[Epoch 51/60] [batch 0/321] [lr 2.5e-05] [total 0.058158] [joint 0.001674] [intensity 0.016344] [sobel 0.039788] ETA: 0:08:02.866791
[Epoch 51/60] [batch 50/321] [lr 2.5e-05] [total 0.042383] [joint 0.001200] [intensity 0.017840] [sobel 0.028594] ETA: 0:09:39.068673
[Epoch 51/60] [batch 100/321] [lr 2.5e-05] [total 0.032638] [joint 0.000997] [intensity 0.005984] [sobel 0.022068] ETA: 0:10:03.460880
[Epoch 51/60] [batch 150/321] [lr 2.5e-05] [total 0.019218] [joint 0.000660] [intensity 0.004859] [sobel 0.012127] ETA: 0:09:42.035802
[Epoch 51/60] [batch 200/321] [lr 2.5e-05] [total 0.026339] [joint 0.000815] [intensity 0.007203] [sobel 0.017473] ETA: 0:09:42.360309
[Epoch 51/60] [batch 250/321] [lr 2.5e-05] [total 0.037843] [joint 0.001097] [intensity 0.024488] [sobel 0.024420] ETA: 0:08:49.630430
[Epoch 51/60] [batch 300/321] [lr 2.5e-05] [total 0.030101] [joint 0.000890] [intensity 0.006518] [sobel 0.020550] ETA: 0:09:19.556296
[Epoch 52/60] [batch 0/321] [lr 2.5e-05] [total 0.048346] [joint 0.001559] [intensity 0.004917] [sobel 0.032264] ETA: 0:07:39.316635
[Epoch 52/60] [batch 50/321] [lr 2.5e-05] [total 0.057471] [joint 0.001647] [intensity 0.024152] [sobel 0.038581] ETA: 0:08:36.075744
[Epoch 52/60] [batch 100/321] [lr 2.5e-05] [total 0.046902] [joint 0.001505] [intensity 0.008590] [sobel 0.030994] ETA: 0:08:54.984077
[Epoch 52/60] [batch 150/321] [lr 2.5e-05] [total 0.019317] [joint 0.000697] [intensity 0.005561] [sobel 0.011794] ETA: 0:08:39.194715
[Epoch 52/60] [batch 200/321] [lr 2.5e-05] [total 0.029383] [joint 0.000993] [intensity 0.005416] [sobel 0.018910] ETA: 0:08:36.079315
[Epoch 52/60] [batch 250/321] [lr 2.5e-05] [total 0.041290] [joint 0.001229] [intensity 0.008883] [sobel 0.028110] ETA: 0:08:26.935390
[Epoch 52/60] [batch 300/321] [lr 2.5e-05] [total 0.031279] [joint 0.001191] [intensity 0.006023] [sobel 0.018771] ETA: 0:08:07.818254
[Epoch 53/60] [batch 0/321] [lr 2.5e-05] [total 0.026965] [joint 0.000847] [intensity 0.021868] [sobel 0.016310] ETA: 0:06:15.569489
[Epoch 53/60] [batch 50/321] [lr 2.5e-05] [total 0.029470] [joint 0.000760] [intensity 0.035347] [sobel 0.018336] ETA: 0:07:09.800319
[Epoch 53/60] [batch 100/321] [lr 2.5e-05] [total 0.026019] [joint 0.000980] [intensity 0.007707] [sobel 0.015447] ETA: 0:07:52.575016
[Epoch 53/60] [batch 150/321] [lr 2.5e-05] [total 0.023837] [joint 0.000869] [intensity 0.004726] [sobel 0.014676] ETA: 0:07:36.257428
[Epoch 53/60] [batch 200/321] [lr 2.5e-05] [total 0.066206] [joint 0.001982] [intensity 0.035388] [sobel 0.042843] ETA: 0:07:02.627034
[Epoch 53/60] [batch 250/321] [lr 2.5e-05] [total 0.037917] [joint 0.000750] [intensity 0.037075] [sobel 0.026706] ETA: 0:06:50.977952
[Epoch 53/60] [batch 300/321] [lr 2.5e-05] [total 0.033650] [joint 0.001115] [intensity 0.016292] [sobel 0.020873] ETA: 0:06:40.516314
[Epoch 54/60] [batch 0/321] [lr 2.5e-05] [total 0.081847] [joint 0.002430] [intensity 0.033476] [sobel 0.054196] ETA: 0:05:18.512239
[Epoch 54/60] [batch 50/321] [lr 2.5e-05] [total 0.031563] [joint 0.000961] [intensity 0.006524] [sobel 0.021299] ETA: 0:06:44.933026
[Epoch 54/60] [batch 100/321] [lr 2.5e-05] [total 0.058650] [joint 0.001665] [intensity 0.024037] [sobel 0.039600] ETA: 0:06:15.411276
[Epoch 54/60] [batch 150/321] [lr 2.5e-05] [total 0.029843] [joint 0.000974] [intensity 0.007534] [sobel 0.019345] ETA: 0:05:58.238628
[Epoch 54/60] [batch 200/321] [lr 2.5e-05] [total 0.018709] [joint 0.000698] [intensity 0.006071] [sobel 0.011127] ETA: 0:06:12.786510
[Epoch 54/60] [batch 250/321] [lr 2.5e-05] [total 0.048230] [joint 0.001527] [intensity 0.020732] [sobel 0.030890] ETA: 0:05:20.287798
[Epoch 54/60] [batch 300/321] [lr 2.5e-05] [total 0.023768] [joint 0.000850] [intensity 0.004127] [sobel 0.014853] ETA: 0:05:52.677253
[Epoch 55/60] [batch 0/321] [lr 2.5e-05] [total 0.072190] [joint 0.002171] [intensity 0.027811] [sobel 0.047696] ETA: 0:04:28.067615
[Epoch 55/60] [batch 50/321] [lr 2.5e-05] [total 0.044475] [joint 0.001112] [intensity 0.023866] [sobel 0.030969] ETA: 0:05:35.233552
[Epoch 55/60] [batch 100/321] [lr 2.5e-05] [total 0.024614] [joint 0.000831] [intensity 0.007128] [sobel 0.015592] ETA: 0:05:26.631299
[Epoch 55/60] [batch 150/321] [lr 2.5e-05] [total 0.022719] [joint 0.000825] [intensity 0.005802] [sobel 0.013884] ETA: 0:05:10.392072
[Epoch 55/60] [batch 200/321] [lr 2.5e-05] [total 0.026116] [joint 0.000889] [intensity 0.004221] [sobel 0.016803] ETA: 0:05:04.407667
[Epoch 55/60] [batch 250/321] [lr 2.5e-05] [total 0.036267] [joint 0.001119] [intensity 0.008562] [sobel 0.024218] ETA: 0:04:34.449346
[Epoch 55/60] [batch 300/321] [lr 2.5e-05] [total 0.052283] [joint 0.001480] [intensity 0.016736] [sobel 0.035806] ETA: 0:04:45.017291
[Epoch 56/60] [batch 0/321] [lr 2.5e-05] [total 0.030744] [joint 0.000919] [intensity 0.023212] [sobel 0.019235] ETA: 0:03:32.172815
[Epoch 56/60] [batch 50/321] [lr 2.5e-05] [total 0.025474] [joint 0.000862] [intensity 0.006341] [sobel 0.016220] ETA: 0:04:26.536744
[Epoch 56/60] [batch 100/321] [lr 2.5e-05] [total 0.029257] [joint 0.000938] [intensity 0.005939] [sobel 0.019283] ETA: 0:04:14.503159
[Epoch 56/60] [batch 150/321] [lr 2.5e-05] [total 0.054419] [joint 0.001723] [intensity 0.021939] [sobel 0.034992] ETA: 0:03:52.113841
[Epoch 56/60] [batch 200/321] [lr 2.5e-05] [total 0.056593] [joint 0.001758] [intensity 0.028657] [sobel 0.036149] ETA: 0:03:44.781890
[Epoch 56/60] [batch 250/321] [lr 2.5e-05] [total 0.045906] [joint 0.001363] [intensity 0.025350] [sobel 0.029737] ETA: 0:03:29.246068
[Epoch 56/60] [batch 300/321] [lr 2.5e-05] [total 0.030663] [joint 0.000974] [intensity 0.006194] [sobel 0.020299] ETA: 0:03:33.421263
[Epoch 57/60] [batch 0/321] [lr 2.5e-05] [total 0.040838] [joint 0.001396] [intensity 0.009233] [sobel 0.025957] ETA: 0:02:53.196796
[Epoch 57/60] [batch 50/321] [lr 2.5e-05] [total 0.027112] [joint 0.000978] [intensity 0.006056] [sobel 0.016722] ETA: 0:03:18.154529
[Epoch 57/60] [batch 100/321] [lr 2.5e-05] [total 0.037184] [joint 0.001222] [intensity 0.014915] [sobel 0.023472] ETA: 0:02:56.354045
[Epoch 57/60] [batch 150/321] [lr 2.5e-05] [total 0.038657] [joint 0.001044] [intensity 0.024448] [sobel 0.025776] ETA: 0:02:45.363534
[Epoch 57/60] [batch 200/321] [lr 2.5e-05] [total 0.022237] [joint 0.000827] [intensity 0.003930] [sobel 0.013579] ETA: 0:02:47.235149
[Epoch 57/60] [batch 250/321] [lr 2.5e-05] [total 0.051750] [joint 0.001273] [intensity 0.033775] [sobel 0.035646] ETA: 0:02:17.519810
[Epoch 57/60] [batch 300/321] [lr 2.5e-05] [total 0.028777] [joint 0.000961] [intensity 0.009296] [sobel 0.018241] ETA: 0:02:24.185725
[Epoch 58/60] [batch 0/321] [lr 2.5e-05] [total 0.027327] [joint 0.000958] [intensity 0.005315] [sobel 0.017215] ETA: 0:01:54.818903
[Epoch 58/60] [batch 50/321] [lr 2.5e-05] [total 0.023821] [joint 0.000935] [intensity 0.003706] [sobel 0.014104] ETA: 0:02:07.902393
[Epoch 58/60] [batch 100/321] [lr 2.5e-05] [total 0.024352] [joint 0.000795] [intensity 0.008947] [sobel 0.015504] ETA: 0:01:58.501507
[Epoch 58/60] [batch 150/321] [lr 2.5e-05] [total 0.052745] [joint 0.001551] [intensity 0.020348] [sobel 0.035200] ETA: 0:01:41.354390
[Epoch 58/60] [batch 200/321] [lr 2.5e-05] [total 0.038397] [joint 0.000830] [intensity 0.032151] [sobel 0.026884] ETA: 0:01:29.780934
[Epoch 58/60] [batch 250/321] [lr 2.5e-05] [total 0.045558] [joint 0.001261] [intensity 0.014031] [sobel 0.031542] ETA: 0:01:20.361279
[Epoch 58/60] [batch 300/321] [lr 2.5e-05] [total 0.040836] [joint 0.001247] [intensity 0.023491] [sobel 0.026016] ETA: 0:01:10.276395
[Epoch 59/60] [batch 0/321] [lr 2.5e-05] [total 0.054795] [joint 0.001435] [intensity 0.018521] [sobel 0.038592] ETA: 0:00:53.586890
[Epoch 59/60] [batch 50/321] [lr 2.5e-05] [total 0.032023] [joint 0.000954] [intensity 0.018890] [sobel 0.020592] ETA: 0:00:55.166212
[Epoch 59/60] [batch 100/321] [lr 2.5e-05] [total 0.028154] [joint 0.001006] [intensity 0.005720] [sobel 0.017525] ETA: 0:00:47.866269
[Epoch 59/60] [batch 150/321] [lr 2.5e-05] [total 0.021473] [joint 0.000658] [intensity 0.005947] [sobel 0.014298] ETA: 0:00:36.669544
[Epoch 59/60] [batch 200/321] [lr 2.5e-05] [total 0.038233] [joint 0.001246] [intensity 0.006959] [sobel 0.025077] ETA: 0:00:26.289369
[Epoch 59/60] [batch 250/321] [lr 2.5e-05] [total 0.062975] [joint 0.001820] [intensity 0.023481] [sobel 0.042428] ETA: 0:00:14.493327
[Epoch 59/60] [batch 300/321] [lr 2.5e-05] [total 0.042208] [joint 0.001283] [intensity 0.020743] [sobel 0.027307] ETA: 0:00:04.297744
done
