2026-08-03 07:42:37,971 | Training data: ./datasets/SIBA/train/ir and ./datasets/SIBA/train/vi
2026-08-03 07:42:37,971 | Training pairs: 1283; epochs: 60; device: cuda
2026-08-03 07:42:39,212 | [Epoch 0/60] [batch 0/321] [lr 0.0001] [total 0.349915] [joint 0.005893] [intensity 0.323806] [sobel 0.258607] ETA: 6:38:10.555472
2026-08-03 07:43:01,105 | [Epoch 0/60] [batch 50/321] [lr 0.0001] [total 0.102531] [joint 0.002738] [intensity 0.173540] [sobel 0.057799] ETA: 1:08:45.037048
2026-08-03 07:43:11,528 | [Epoch 0/60] [batch 100/321] [lr 0.0001] [total 0.157019] [joint 0.006657] [intensity 0.174851] [sobel 0.072962] ETA: 1:08:19.444895
2026-08-03 07:43:21,927 | [Epoch 0/60] [batch 150/321] [lr 0.0001] [total 0.209454] [joint 0.007555] [intensity 0.194157] [sobel 0.114491] ETA: 1:05:45.254667
2026-08-03 07:43:32,387 | [Epoch 0/60] [batch 200/321] [lr 0.0001] [total 0.209573] [joint 0.006856] [intensity 0.191174] [sobel 0.121900] ETA: 1:00:58.904853
2026-08-03 07:43:42,744 | [Epoch 0/60] [batch 250/321] [lr 0.0001] [total 0.097179] [joint 0.002586] [intensity 0.126815] [sobel 0.058638] ETA: 1:05:02.292464
2026-08-03 07:43:53,141 | [Epoch 0/60] [batch 300/321] [lr 0.0001] [total 0.124698] [joint 0.004521] [intensity 0.111214] [sobel 0.068362] ETA: 1:00:46.805134
2026-08-03 07:44:03,742 | [Epoch 1/60] [batch 0/321] [lr 0.0001] [total 0.133353] [joint 0.004867] [intensity 0.143426] [sobel 0.070339] ETA: 17:49:44.847816
2026-08-03 07:44:14,154 | [Epoch 1/60] [batch 50/321] [lr 0.0001] [total 0.119320] [joint 0.004713] [intensity 0.137451] [sobel 0.058445] ETA: 1:07:08.915422
2026-08-03 07:44:24,520 | [Epoch 1/60] [batch 100/321] [lr 0.0001] [total 0.130182] [joint 0.004730] [intensity 0.185205] [sobel 0.064364] ETA: 1:06:36.053381
2026-08-03 07:44:34,928 | [Epoch 1/60] [batch 150/321] [lr 0.0001] [total 0.182239] [joint 0.007479] [intensity 0.155890] [sobel 0.091860] ETA: 1:05:39.387854
2026-08-03 07:44:45,467 | [Epoch 1/60] [batch 200/321] [lr 0.0001] [total 0.221891] [joint 0.008151] [intensity 0.170443] [sobel 0.123339] ETA: 1:04:33.026779
2026-08-03 07:44:55,969 | [Epoch 1/60] [batch 250/321] [lr 0.0001] [total 0.172814] [joint 0.005957] [intensity 0.239201] [sobel 0.089324] ETA: 1:04:25.214630
2026-08-03 07:45:06,442 | [Epoch 1/60] [batch 300/321] [lr 0.0001] [total 0.133179] [joint 0.004377] [intensity 0.201498] [sobel 0.069257] ETA: 1:03:16.227813
2026-08-03 07:45:10,827 | [Epoch 2/60] [batch 0/321] [lr 0.0001] [total 0.150697] [joint 0.007390] [intensity 0.168441] [sobel 0.059950] ETA: 0:55:54.015541
2026-08-03 07:45:21,379 | [Epoch 2/60] [batch 50/321] [lr 0.0001] [total 0.179100] [joint 0.006636] [intensity 0.210365] [sobel 0.091706] ETA: 1:06:25.225636
2026-08-03 07:45:31,822 | [Epoch 2/60] [batch 100/321] [lr 0.0001] [total 0.122362] [joint 0.003641] [intensity 0.157478] [sobel 0.070203] ETA: 1:03:29.778066
2026-08-03 07:45:42,335 | [Epoch 2/60] [batch 150/321] [lr 0.0001] [total 0.097888] [joint 0.003776] [intensity 0.102060] [sobel 0.049920] ETA: 1:05:45.617532
2026-08-03 07:45:52,762 | [Epoch 2/60] [batch 200/321] [lr 0.0001] [total 0.172917] [joint 0.008773] [intensity 0.183600] [sobel 0.066824] ETA: 1:06:48.751184
2026-08-03 07:46:03,230 | [Epoch 2/60] [batch 250/321] [lr 0.0001] [total 0.119872] [joint 0.005290] [intensity 0.134473] [sobel 0.053527] ETA: 1:05:53.278732
2026-08-03 07:46:13,570 | [Epoch 2/60] [batch 300/321] [lr 0.0001] [total 0.063547] [joint 0.002675] [intensity 0.059255] [sobel 0.030867] ETA: 1:06:03.284168
2026-08-03 07:46:17,939 | [Epoch 3/60] [batch 0/321] [lr 0.0001] [total 0.137436] [joint 0.006544] [intensity 0.134001] [sobel 0.058598] ETA: 0:53:47.258278
2026-08-03 07:46:28,443 | [Epoch 3/60] [batch 50/321] [lr 0.0001] [total 0.103811] [joint 0.004085] [intensity 0.110819] [sobel 0.051875] ETA: 1:05:44.611929
2026-08-03 07:46:38,962 | [Epoch 3/60] [batch 100/321] [lr 0.0001] [total 0.125206] [joint 0.004127] [intensity 0.149308] [sobel 0.069007] ETA: 1:03:05.734231
2026-08-03 07:46:49,527 | [Epoch 3/60] [batch 150/321] [lr 0.0001] [total 0.099214] [joint 0.004059] [intensity 0.129258] [sobel 0.045694] ETA: 1:05:45.574495
2026-08-03 07:46:59,906 | [Epoch 3/60] [batch 200/321] [lr 0.0001] [total 0.207917] [joint 0.008778] [intensity 0.205150] [sobel 0.099621] ETA: 0:55:22.427059
2026-08-03 07:47:10,440 | [Epoch 3/60] [batch 250/321] [lr 0.0001] [total 0.200887] [joint 0.010583] [intensity 0.203231] [sobel 0.074738] ETA: 1:05:55.375586
2026-08-03 07:47:20,990 | [Epoch 3/60] [batch 300/321] [lr 0.0001] [total 0.150160] [joint 0.007303] [intensity 0.105826] [sobel 0.066548] ETA: 1:05:48.699283
2026-08-03 07:47:25,329 | [Epoch 4/60] [batch 0/321] [lr 0.0001] [total 0.100781] [joint 0.003771] [intensity 0.134379] [sobel 0.049638] ETA: 0:52:50.476851
2026-08-03 07:47:35,788 | [Epoch 4/60] [batch 50/321] [lr 0.0001] [total 0.143672] [joint 0.006018] [intensity 0.182561] [sobel 0.065233] ETA: 0:58:20.137593
2026-08-03 07:47:46,189 | [Epoch 4/60] [batch 100/321] [lr 0.0001] [total 0.138875] [joint 0.004812] [intensity 0.156236] [sobel 0.075134] ETA: 0:57:23.084028
2026-08-03 07:47:56,669 | [Epoch 4/60] [batch 150/321] [lr 0.0001] [total 0.101286] [joint 0.004972] [intensity 0.107291] [sobel 0.040834] ETA: 1:03:31.699476
2026-08-03 07:48:07,209 | [Epoch 4/60] [batch 200/321] [lr 0.0001] [total 0.132062] [joint 0.004473] [intensity 0.159774] [sobel 0.071358] ETA: 1:00:42.090961
2026-08-03 07:48:17,705 | [Epoch 4/60] [batch 250/321] [lr 0.0001] [total 0.034970] [joint 0.001197] [intensity 0.023169] [sobel 0.020683] ETA: 1:03:57.857278
2026-08-03 07:48:28,196 | [Epoch 4/60] [batch 300/321] [lr 0.0001] [total 0.161625] [joint 0.006677] [intensity 0.145789] [sobel 0.080279] ETA: 1:01:03.955733
2026-08-03 07:48:32,562 | [Epoch 5/60] [batch 0/321] [lr 0.0001] [total 0.112043] [joint 0.003273] [intensity 0.158992] [sobel 0.063413] ETA: 0:49:55.959259
2026-08-03 07:48:43,081 | [Epoch 5/60] [batch 50/321] [lr 0.0001] [total 0.075198] [joint 0.003288] [intensity 0.072817] [sobel 0.035032] ETA: 1:02:58.815227
2026-08-03 07:48:53,630 | [Epoch 5/60] [batch 100/321] [lr 0.0001] [total 0.099189] [joint 0.004194] [intensity 0.125160] [sobel 0.044731] ETA: 1:03:42.832721
2026-08-03 07:49:04,110 | [Epoch 5/60] [batch 150/321] [lr 0.0001] [total 0.105328] [joint 0.004407] [intensity 0.151315] [sobel 0.046128] ETA: 1:02:55.851985
2026-08-03 07:49:14,637 | [Epoch 5/60] [batch 200/321] [lr 0.0001] [total 0.061831] [joint 0.002514] [intensity 0.056522] [sobel 0.031038] ETA: 1:02:45.449785
2026-08-03 07:49:25,115 | [Epoch 5/60] [batch 250/321] [lr 0.0001] [total 0.106008] [joint 0.004848] [intensity 0.085312] [sobel 0.048999] ETA: 0:59:49.664229
2026-08-03 07:49:35,585 | [Epoch 5/60] [batch 300/321] [lr 0.0001] [total 0.064926] [joint 0.003098] [intensity 0.058020] [sobel 0.028139] ETA: 1:02:17.757719
2026-08-03 07:49:39,907 | [Epoch 6/60] [batch 0/321] [lr 0.0001] [total 0.038987] [joint 0.000978] [intensity 0.038712] [sobel 0.025332] ETA: 0:47:49.751039
2026-08-03 07:49:50,409 | [Epoch 6/60] [batch 50/321] [lr 0.0001] [total 0.135896] [joint 0.005667] [intensity 0.154011] [sobel 0.063821] ETA: 1:02:37.007172
2026-08-03 07:50:00,834 | [Epoch 6/60] [batch 100/321] [lr 0.0001] [total 0.180815] [joint 0.009835] [intensity 0.178998] [sobel 0.064561] ETA: 0:58:40.941918
2026-08-03 07:50:11,561 | [Epoch 6/60] [batch 150/321] [lr 0.0001] [total 0.088062] [joint 0.004051] [intensity 0.085509] [sobel 0.039002] ETA: 1:02:19.703201
2026-08-03 07:50:22,040 | [Epoch 6/60] [batch 200/321] [lr 0.0001] [total 0.149037] [joint 0.005223] [intensity 0.146642] [sobel 0.082141] ETA: 0:55:50.683821
2026-08-03 07:50:32,520 | [Epoch 6/60] [batch 250/321] [lr 0.0001] [total 0.102707] [joint 0.003281] [intensity 0.137805] [sobel 0.056115] ETA: 0:58:35.611191
2026-08-03 07:50:42,888 | [Epoch 6/60] [batch 300/321] [lr 0.0001] [total 0.143084] [joint 0.006916] [intensity 0.178909] [sobel 0.056031] ETA: 1:00:39.967755
2026-08-03 07:50:47,226 | [Epoch 7/60] [batch 0/321] [lr 0.0001] [total 0.199330] [joint 0.007194] [intensity 0.247142] [sobel 0.102675] ETA: 0:44:16.078725
2026-08-03 07:50:57,724 | [Epoch 7/60] [batch 50/321] [lr 0.0001] [total 0.149973] [joint 0.007657] [intensity 0.157507] [sobel 0.057652] ETA: 1:01:36.311138
2026-08-03 07:51:08,219 | [Epoch 7/60] [batch 100/321] [lr 0.0001] [total 0.122547] [joint 0.003748] [intensity 0.087649] [sobel 0.076306] ETA: 0:55:52.382200
2026-08-03 07:51:18,801 | [Epoch 7/60] [batch 150/321] [lr 0.0001] [total 0.135650] [joint 0.004665] [intensity 0.148127] [sobel 0.074182] ETA: 0:55:10.533058
2026-08-03 07:51:29,283 | [Epoch 7/60] [batch 200/321] [lr 0.0001] [total 0.092387] [joint 0.004707] [intensity 0.080048] [sobel 0.037308] ETA: 1:00:53.652262
2026-08-03 07:51:39,817 | [Epoch 7/60] [batch 250/321] [lr 0.0001] [total 0.064041] [joint 0.002961] [intensity 0.056079] [sobel 0.028820] ETA: 0:57:28.215712
2026-08-03 07:51:50,364 | [Epoch 7/60] [batch 300/321] [lr 0.0001] [total 0.145118] [joint 0.003925] [intensity 0.135679] [sobel 0.092302] ETA: 0:51:08.940277
2026-08-03 07:51:54,723 | [Epoch 8/60] [batch 0/321] [lr 0.0001] [total 0.108343] [joint 0.004875] [intensity 0.091879] [sobel 0.050409] ETA: 0:49:48.574728
2026-08-03 07:52:05,180 | [Epoch 8/60] [batch 50/321] [lr 0.0001] [total 0.069511] [joint 0.002006] [intensity 0.065429] [sobel 0.042909] ETA: 0:56:46.902965
2026-08-03 07:52:15,714 | [Epoch 8/60] [batch 100/321] [lr 0.0001] [total 0.128326] [joint 0.005047] [intensity 0.142617] [sobel 0.063592] ETA: 0:57:42.100674
2026-08-03 07:52:26,243 | [Epoch 8/60] [batch 150/321] [lr 0.0001] [total 0.152194] [joint 0.008139] [intensity 0.164064] [sobel 0.054396] ETA: 0:59:38.748626
2026-08-03 07:52:36,763 | [Epoch 8/60] [batch 200/321] [lr 0.0001] [total 0.178545] [joint 0.007367] [intensity 0.181423] [sobel 0.086732] ETA: 0:56:28.187988
2026-08-03 07:52:47,196 | [Epoch 8/60] [batch 250/321] [lr 0.0001] [total 0.061095] [joint 0.001901] [intensity 0.053553] [sobel 0.036731] ETA: 0:48:57.694901
2026-08-03 07:52:57,493 | [Epoch 8/60] [batch 300/321] [lr 0.0001] [total 0.264641] [joint 0.015304] [intensity 0.239123] [sobel 0.087688] ETA: 0:59:06.672335
2026-08-03 07:53:01,925 | [Epoch 9/60] [batch 0/321] [lr 0.0001] [total 0.190856] [joint 0.009539] [intensity 0.218769] [sobel 0.073588] ETA: 0:49:40.195965
2026-08-03 07:53:12,488 | [Epoch 9/60] [batch 50/321] [lr 0.0001] [total 0.074766] [joint 0.002369] [intensity 0.046813] [sobel 0.046398] ETA: 0:53:21.143402
2026-08-03 07:53:23,260 | [Epoch 9/60] [batch 100/321] [lr 0.0001] [total 0.121411] [joint 0.004796] [intensity 0.151098] [sobel 0.058341] ETA: 1:00:11.035107
2026-08-03 07:53:33,853 | [Epoch 9/60] [batch 150/321] [lr 0.0001] [total 0.194720] [joint 0.010792] [intensity 0.154820] [sobel 0.071316] ETA: 0:59:41.568478
2026-08-03 07:53:44,428 | [Epoch 9/60] [batch 200/321] [lr 0.0001] [total 0.112289] [joint 0.006165] [intensity 0.123355] [sobel 0.038301] ETA: 0:56:19.015961
2026-08-03 07:53:54,939 | [Epoch 9/60] [batch 250/321] [lr 0.0001] [total 0.185513] [joint 0.007107] [intensity 0.244661] [sobel 0.089978] ETA: 0:58:26.905101
2026-08-03 07:54:05,400 | [Epoch 9/60] [batch 300/321] [lr 0.0001] [total 0.073615] [joint 0.003315] [intensity 0.066797] [sobel 0.033784] ETA: 0:57:45.574523
2026-08-03 07:54:09,730 | [Epoch 10/60] [batch 0/321] [lr 0.0001] [total 0.102141] [joint 0.005362] [intensity 0.119747] [sobel 0.036543] ETA: 0:48:13.439949
2026-08-03 07:54:20,330 | [Epoch 10/60] [batch 50/321] [lr 0.0001] [total 0.142168] [joint 0.007502] [intensity 0.169587] [sobel 0.050192] ETA: 0:58:21.296997
2026-08-03 07:54:30,807 | [Epoch 10/60] [batch 100/321] [lr 0.0001] [total 0.245692] [joint 0.013506] [intensity 0.248894] [sobel 0.085740] ETA: 0:58:06.739004
2026-08-03 07:54:41,403 | [Epoch 10/60] [batch 150/321] [lr 0.0001] [total 0.135392] [joint 0.006239] [intensity 0.186433] [sobel 0.054360] ETA: 0:58:11.605282
2026-08-03 07:54:51,947 | [Epoch 10/60] [batch 200/321] [lr 0.0001] [total 0.137233] [joint 0.005971] [intensity 0.173776] [sobel 0.060145] ETA: 0:58:00.402434
2026-08-03 07:55:02,491 | [Epoch 10/60] [batch 250/321] [lr 0.0001] [total 0.193810] [joint 0.009815] [intensity 0.217977] [sobel 0.073863] ETA: 0:58:03.251953
2026-08-03 07:55:13,101 | [Epoch 10/60] [batch 300/321] [lr 0.0001] [total 0.099571] [joint 0.004902] [intensity 0.107481] [sobel 0.039805] ETA: 0:57:30.693548
2026-08-03 07:55:17,450 | [Epoch 11/60] [batch 0/321] [lr 0.0001] [total 0.206782] [joint 0.010463] [intensity 0.225277] [sobel 0.079627] ETA: 0:47:49.156918
2026-08-03 07:55:27,965 | [Epoch 11/60] [batch 50/321] [lr 0.0001] [total 0.176592] [joint 0.006796] [intensity 0.241206] [sobel 0.084509] ETA: 0:54:43.252662
2026-08-03 07:55:38,690 | [Epoch 11/60] [batch 100/321] [lr 0.0001] [total 0.185011] [joint 0.009596] [intensity 0.163078] [sobel 0.072742] ETA: 0:54:18.082406
2026-08-03 07:55:49,243 | [Epoch 11/60] [batch 150/321] [lr 0.0001] [total 0.147247] [joint 0.005673] [intensity 0.127185] [sobel 0.077798] ETA: 0:56:18.808243
2026-08-03 07:55:59,694 | [Epoch 11/60] [batch 200/321] [lr 0.0001] [total 0.168693] [joint 0.008274] [intensity 0.148859] [sobel 0.071068] ETA: 0:53:00.237535
2026-08-03 07:56:09,983 | [Epoch 11/60] [batch 250/321] [lr 0.0001] [total 0.114921] [joint 0.002784] [intensity 0.082061] [sobel 0.078874] ETA: 0:43:21.549355
2026-08-03 07:56:20,522 | [Epoch 11/60] [batch 300/321] [lr 0.0001] [total 0.156294] [joint 0.007026] [intensity 0.170835] [sobel 0.068946] ETA: 0:53:18.364680
2026-08-03 07:56:24,884 | [Epoch 12/60] [batch 0/321] [lr 0.0001] [total 0.059001] [joint 0.002230] [intensity 0.076410] [sobel 0.029060] ETA: 0:43:15.703491
2026-08-03 07:56:35,469 | [Epoch 12/60] [batch 50/321] [lr 0.0001] [total 0.099698] [joint 0.003466] [intensity 0.077311] [sobel 0.057306] ETA: 0:51:48.096224
2026-08-03 07:56:45,985 | [Epoch 12/60] [batch 100/321] [lr 0.0001] [total 0.084570] [joint 0.002787] [intensity 0.054190] [sobel 0.051277] ETA: 0:52:46.821916
2026-08-03 07:56:56,410 | [Epoch 12/60] [batch 150/321] [lr 0.0001] [total 0.119815] [joint 0.005903] [intensity 0.134923] [sobel 0.047297] ETA: 0:55:10.000275
2026-08-03 07:57:06,935 | [Epoch 12/60] [batch 200/321] [lr 0.0001] [total 0.166311] [joint 0.007207] [intensity 0.123572] [sobel 0.081879] ETA: 0:52:22.207733
2026-08-03 07:57:17,701 | [Epoch 12/60] [batch 250/321] [lr 0.0001] [total 0.178053] [joint 0.008320] [intensity 0.155498] [sobel 0.079301] ETA: 0:53:03.827475
2026-08-03 07:57:28,384 | [Epoch 12/60] [batch 300/321] [lr 0.0001] [total 0.083726] [joint 0.003745] [intensity 0.099308] [sobel 0.036345] ETA: 0:54:57.307139
2026-08-03 07:57:32,777 | [Epoch 13/60] [batch 0/321] [lr 0.0001] [total 0.074248] [joint 0.002254] [intensity 0.044693] [sobel 0.047236] ETA: 0:42:52.956389
2026-08-03 07:57:43,270 | [Epoch 13/60] [batch 50/321] [lr 0.0001] [total 0.119466] [joint 0.004720] [intensity 0.099362] [sobel 0.062330] ETA: 0:50:47.288542
2026-08-03 07:57:53,690 | [Epoch 13/60] [batch 100/321] [lr 0.0001] [total 0.074786] [joint 0.002871] [intensity 0.074200] [sobel 0.038652] ETA: 0:53:41.346151
2026-08-03 07:58:04,137 | [Epoch 13/60] [batch 150/321] [lr 0.0001] [total 0.076591] [joint 0.003005] [intensity 0.074251] [sobel 0.039115] ETA: 0:54:19.153212
2026-08-03 07:58:14,776 | [Epoch 13/60] [batch 200/321] [lr 0.0001] [total 0.068219] [joint 0.002569] [intensity 0.052195] [sobel 0.037307] ETA: 0:56:22.057116
2026-08-03 07:58:25,275 | [Epoch 13/60] [batch 250/321] [lr 0.0001] [total 0.089367] [joint 0.004054] [intensity 0.092784] [sobel 0.039552] ETA: 0:53:27.071285
2026-08-03 07:58:35,832 | [Epoch 13/60] [batch 300/321] [lr 0.0001] [total 0.163282] [joint 0.006791] [intensity 0.208519] [sobel 0.074521] ETA: 0:53:32.138910
2026-08-03 07:58:40,164 | [Epoch 14/60] [batch 0/321] [lr 0.0001] [total 0.150495] [joint 0.006644] [intensity 0.131976] [sobel 0.070857] ETA: 0:41:31.562536
2026-08-03 07:58:50,612 | [Epoch 14/60] [batch 50/321] [lr 0.0001] [total 0.094474] [joint 0.002225] [intensity 0.053886] [sobel 0.066839] ETA: 0:47:38.686320
2026-08-03 07:59:01,210 | [Epoch 14/60] [batch 100/321] [lr 0.0001] [total 0.101904] [joint 0.002647] [intensity 0.036360] [sobel 0.071796] ETA: 0:50:56.579885
2026-08-03 07:59:11,741 | [Epoch 14/60] [batch 150/321] [lr 0.0001] [total 0.035882] [joint 0.000999] [intensity 0.012904] [sobel 0.024599] ETA: 0:52:49.898386
2026-08-03 07:59:22,195 | [Epoch 14/60] [batch 200/321] [lr 0.0001] [total 0.070538] [joint 0.001526] [intensity 0.053712] [sobel 0.049908] ETA: 0:47:10.339567
2026-08-03 07:59:32,683 | [Epoch 14/60] [batch 250/321] [lr 0.0001] [total 0.069225] [joint 0.001727] [intensity 0.025763] [sobel 0.049381] ETA: 0:49:53.695889
2026-08-03 07:59:43,132 | [Epoch 14/60] [batch 300/321] [lr 0.0001] [total 0.071587] [joint 0.001702] [intensity 0.035560] [sobel 0.051014] ETA: 0:49:37.296759
2026-08-03 07:59:47,499 | [Epoch 15/60] [batch 0/321] [lr 0.0001] [total 0.034177] [joint 0.001004] [intensity 0.011742] [sobel 0.022960] ETA: 0:43:03.704288
2026-08-03 07:59:58,194 | [Epoch 15/60] [batch 50/321] [lr 0.0001] [total 0.036136] [joint 0.001043] [intensity 0.011334] [sobel 0.024573] ETA: 0:52:26.524417
2026-08-03 08:00:08,746 | [Epoch 15/60] [batch 100/321] [lr 0.0001] [total 0.045309] [joint 0.001313] [intensity 0.011490] [sobel 0.031028] ETA: 0:48:51.349372
2026-08-03 08:00:19,210 | [Epoch 15/60] [batch 150/321] [lr 0.0001] [total 0.034431] [joint 0.000963] [intensity 0.016298] [sobel 0.023167] ETA: 0:51:37.097086
2026-08-03 08:00:29,518 | [Epoch 15/60] [batch 200/321] [lr 0.0001] [total 0.043508] [joint 0.001254] [intensity 0.010105] [sobel 0.029955] ETA: 0:51:18.721166
2026-08-03 08:00:39,934 | [Epoch 15/60] [batch 250/321] [lr 0.0001] [total 0.057170] [joint 0.001632] [intensity 0.014877] [sobel 0.039365] ETA: 0:51:21.069819
2026-08-03 08:00:50,440 | [Epoch 15/60] [batch 300/321] [lr 0.0001] [total 0.043682] [joint 0.001196] [intensity 0.016510] [sobel 0.030069] ETA: 0:50:45.089178
2026-08-03 08:00:54,793 | [Epoch 16/60] [batch 0/321] [lr 0.0001] [total 0.077207] [joint 0.001807] [intensity 0.025320] [sobel 0.056608] ETA: 0:38:25.860429
2026-08-03 08:01:05,254 | [Epoch 16/60] [batch 50/321] [lr 0.0001] [total 0.056575] [joint 0.001455] [intensity 0.023910] [sobel 0.039633] ETA: 0:45:15.048275
2026-08-03 08:01:15,838 | [Epoch 16/60] [batch 100/321] [lr 0.0001] [total 0.037856] [joint 0.001152] [intensity 0.016614] [sobel 0.024678] ETA: 0:50:58.889507
2026-08-03 08:01:26,292 | [Epoch 16/60] [batch 150/321] [lr 0.0001] [total 0.070152] [joint 0.002108] [intensity 0.028157] [sobel 0.046253] ETA: 0:47:53.524489
2026-08-03 08:01:36,767 | [Epoch 16/60] [batch 200/321] [lr 0.0001] [total 0.052132] [joint 0.001404] [intensity 0.018813] [sobel 0.036213] ETA: 0:50:16.435543
2026-08-03 08:01:47,216 | [Epoch 16/60] [batch 250/321] [lr 0.0001] [total 0.045653] [joint 0.001363] [intensity 0.013005] [sobel 0.030728] ETA: 0:49:57.737763
2026-08-03 08:01:57,651 | [Epoch 16/60] [batch 300/321] [lr 0.0001] [total 0.088032] [joint 0.002191] [intensity 0.041664] [sobel 0.061958] ETA: 0:47:45.641968
2026-08-03 08:02:02,072 | [Epoch 17/60] [batch 0/321] [lr 0.0001] [total 0.069231] [joint 0.001859] [intensity 0.016521] [sobel 0.048987] ETA: 0:41:11.430009
2026-08-03 08:02:12,526 | [Epoch 17/60] [batch 50/321] [lr 0.0001] [total 0.033245] [joint 0.000949] [intensity 0.013839] [sobel 0.022376] ETA: 0:49:22.566439
2026-08-03 08:02:22,988 | [Epoch 17/60] [batch 100/321] [lr 0.0001] [total 0.065035] [joint 0.001751] [intensity 0.034283] [sobel 0.044102] ETA: 0:47:14.462994
2026-08-03 08:02:33,458 | [Epoch 17/60] [batch 150/321] [lr 0.0001] [total 0.035179] [joint 0.001073] [intensity 0.014206] [sobel 0.023030] ETA: 0:46:40.703106
2026-08-03 08:02:43,980 | [Epoch 17/60] [batch 200/321] [lr 0.0001] [total 0.041240] [joint 0.001363] [intensity 0.016258] [sobel 0.025983] ETA: 0:46:43.464611
2026-08-03 08:02:54,497 | [Epoch 17/60] [batch 250/321] [lr 0.0001] [total 0.049736] [joint 0.001146] [intensity 0.038222] [sobel 0.034459] ETA: 0:46:01.823008
2026-08-03 08:03:05,094 | [Epoch 17/60] [batch 300/321] [lr 0.0001] [total 0.077781] [joint 0.001859] [intensity 0.026106] [sobel 0.056585] ETA: 0:45:56.691659
2026-08-03 08:03:09,429 | [Epoch 18/60] [batch 0/321] [lr 0.0001] [total 0.091615] [joint 0.002486] [intensity 0.038181] [sobel 0.062936] ETA: 0:37:57.048902
2026-08-03 08:03:19,954 | [Epoch 18/60] [batch 50/321] [lr 0.0001] [total 0.030355] [joint 0.001019] [intensity 0.007838] [sobel 0.019380] ETA: 0:48:35.410210
2026-08-03 08:03:30,419 | [Epoch 18/60] [batch 100/321] [lr 0.0001] [total 0.070015] [joint 0.001828] [intensity 0.049698] [sobel 0.046764] ETA: 0:43:05.397510
2026-08-03 08:03:40,882 | [Epoch 18/60] [batch 150/321] [lr 0.0001] [total 0.060538] [joint 0.001644] [intensity 0.016917] [sobel 0.042407] ETA: 0:48:11.839414
2026-08-03 08:03:51,324 | [Epoch 18/60] [batch 200/321] [lr 0.0001] [total 0.051656] [joint 0.001439] [intensity 0.014903] [sobel 0.035771] ETA: 0:44:58.834086
2026-08-03 08:04:01,771 | [Epoch 18/60] [batch 250/321] [lr 0.0001] [total 0.032225] [joint 0.000936] [intensity 0.011880] [sobel 0.021673] ETA: 0:48:12.181255
2026-08-03 08:04:12,416 | [Epoch 18/60] [batch 300/321] [lr 0.0001] [total 0.049591] [joint 0.001168] [intensity 0.024573] [sobel 0.035458] ETA: 0:45:20.612858
2026-08-03 08:04:16,792 | [Epoch 19/60] [batch 0/321] [lr 0.0001] [total 0.061293] [joint 0.001675] [intensity 0.024886] [sobel 0.042051] ETA: 0:37:03.981897
2026-08-03 08:04:27,454 | [Epoch 19/60] [batch 50/321] [lr 0.0001] [total 0.051505] [joint 0.001621] [intensity 0.015695] [sobel 0.033729] ETA: 0:44:58.982254
2026-08-03 08:04:37,950 | [Epoch 19/60] [batch 100/321] [lr 0.0001] [total 0.100666] [joint 0.002603] [intensity 0.045409] [sobel 0.070095] ETA: 0:42:17.511691
2026-08-03 08:04:48,365 | [Epoch 19/60] [batch 150/321] [lr 0.0001] [total 0.029315] [joint 0.000921] [intensity 0.012632] [sobel 0.018841] ETA: 0:46:01.454389
2026-08-03 08:04:58,800 | [Epoch 19/60] [batch 200/321] [lr 0.0001] [total 0.080077] [joint 0.001843] [intensity 0.060755] [sobel 0.055569] ETA: 0:41:41.983887
2026-08-03 08:05:09,320 | [Epoch 19/60] [batch 250/321] [lr 0.0001] [total 0.041554] [joint 0.001085] [intensity 0.016321] [sobel 0.029069] ETA: 0:46:58.645025
2026-08-03 08:05:19,811 | [Epoch 19/60] [batch 300/321] [lr 0.0001] [total 0.028368] [joint 0.000905] [intensity 0.007841] [sobel 0.018533] ETA: 0:46:56.244471
2026-08-03 08:05:24,176 | [Epoch 20/60] [batch 0/321] [lr 0.0001] [total 0.119177] [joint 0.002837] [intensity 0.066814] [sobel 0.084122] ETA: 0:33:33.367510
2026-08-03 08:05:34,768 | [Epoch 20/60] [batch 50/321] [lr 0.0001] [total 0.050963] [joint 0.001658] [intensity 0.015970] [sobel 0.032785] ETA: 0:44:23.813875
2026-08-03 08:05:45,237 | [Epoch 20/60] [batch 100/321] [lr 0.0001] [total 0.059100] [joint 0.001691] [intensity 0.020937] [sobel 0.040096] ETA: 0:44:34.316115
2026-08-03 08:05:55,530 | [Epoch 20/60] [batch 150/321] [lr 0.0001] [total 0.029687] [joint 0.001036] [intensity 0.006141] [sobel 0.018713] ETA: 0:44:51.488857
2026-08-03 08:06:06,011 | [Epoch 20/60] [batch 200/321] [lr 0.0001] [total 0.022686] [joint 0.000808] [intensity 0.009099] [sobel 0.013697] ETA: 0:45:23.330803
2026-08-03 08:06:16,476 | [Epoch 20/60] [batch 250/321] [lr 0.0001] [total 0.044286] [joint 0.001380] [intensity 0.006475] [sobel 0.029838] ETA: 0:45:54.320645
2026-08-03 08:06:26,979 | [Epoch 20/60] [batch 300/321] [lr 0.0001] [total 0.050722] [joint 0.001332] [intensity 0.026178] [sobel 0.034780] ETA: 0:45:12.847610
2026-08-03 08:06:31,293 | [Epoch 21/60] [batch 0/321] [lr 0.0001] [total 0.079048] [joint 0.001921] [intensity 0.030039] [sobel 0.056833] ETA: 0:34:59.732446
2026-08-03 08:06:41,780 | [Epoch 21/60] [batch 50/321] [lr 0.0001] [total 0.045058] [joint 0.001260] [intensity 0.013357] [sobel 0.031121] ETA: 0:42:55.913443
2026-08-03 08:06:52,346 | [Epoch 21/60] [batch 100/321] [lr 0.0001] [total 0.053268] [joint 0.001450] [intensity 0.024847] [sobel 0.036278] ETA: 0:42:03.308152
2026-08-03 08:07:03,144 | [Epoch 21/60] [batch 150/321] [lr 0.0001] [total 0.030367] [joint 0.000887] [intensity 0.013604] [sobel 0.020136] ETA: 0:45:17.438074
2026-08-03 08:07:13,735 | [Epoch 21/60] [batch 200/321] [lr 0.0001] [total 0.042797] [joint 0.001527] [intensity 0.013709] [sobel 0.026159] ETA: 0:44:58.129519
2026-08-03 08:07:24,199 | [Epoch 21/60] [batch 250/321] [lr 0.0001] [total 0.032036] [joint 0.001135] [intensity 0.010604] [sobel 0.019625] ETA: 0:44:23.990706
2026-08-03 08:07:34,633 | [Epoch 21/60] [batch 300/321] [lr 0.0001] [total 0.053873] [joint 0.001301] [intensity 0.033206] [sobel 0.037540] ETA: 0:41:37.506100
2026-08-03 08:07:38,867 | [Epoch 22/60] [batch 0/321] [lr 0.0001] [total 0.040556] [joint 0.001206] [intensity 0.010916] [sobel 0.027406] ETA: 0:36:16.606450
2026-08-03 08:07:49,354 | [Epoch 22/60] [batch 50/321] [lr 0.0001] [total 0.044065] [joint 0.001318] [intensity 0.010072] [sobel 0.029878] ETA: 0:41:16.758281
2026-08-03 08:07:59,787 | [Epoch 22/60] [batch 100/321] [lr 0.0001] [total 0.025006] [joint 0.000823] [intensity 0.005965] [sobel 0.016183] ETA: 0:43:51.167550
2026-08-03 08:08:10,249 | [Epoch 22/60] [batch 150/321] [lr 0.0001] [total 0.042057] [joint 0.001211] [intensity 0.017777] [sobel 0.028173] ETA: 0:43:20.303661
2026-08-03 08:08:20,810 | [Epoch 22/60] [batch 200/321] [lr 0.0001] [total 0.022763] [joint 0.000744] [intensity 0.006705] [sobel 0.014648] ETA: 0:43:04.314616
2026-08-03 08:08:31,163 | [Epoch 22/60] [batch 250/321] [lr 0.0001] [total 0.051236] [joint 0.001172] [intensity 0.038819] [sobel 0.035629] ETA: 0:38:35.604682
2026-08-03 08:08:41,812 | [Epoch 22/60] [batch 300/321] [lr 0.0001] [total 0.032954] [joint 0.000895] [intensity 0.007573] [sobel 0.023251] ETA: 0:40:35.435417
2026-08-03 08:08:46,170 | [Epoch 23/60] [batch 0/321] [lr 0.0001] [total 0.047735] [joint 0.001317] [intensity 0.019782] [sobel 0.032583] ETA: 0:32:33.307742
2026-08-03 08:08:56,643 | [Epoch 23/60] [batch 50/321] [lr 0.0001] [total 0.056098] [joint 0.001404] [intensity 0.022891] [sobel 0.039770] ETA: 0:42:54.980455
2026-08-03 08:09:07,103 | [Epoch 23/60] [batch 100/321] [lr 0.0001] [total 0.060302] [joint 0.001612] [intensity 0.022067] [sobel 0.041973] ETA: 0:39:56.333481
2026-08-03 08:09:17,658 | [Epoch 23/60] [batch 150/321] [lr 0.0001] [total 0.040037] [joint 0.001044] [intensity 0.012041] [sobel 0.028397] ETA: 0:42:03.026289
2026-08-03 08:09:28,137 | [Epoch 23/60] [batch 200/321] [lr 0.0001] [total 0.053888] [joint 0.001520] [intensity 0.016850] [sobel 0.037005] ETA: 0:39:48.263410
2026-08-03 08:09:38,676 | [Epoch 23/60] [batch 250/321] [lr 0.0001] [total 0.034047] [joint 0.001115] [intensity 0.017247] [sobel 0.021169] ETA: 0:39:44.357424
2026-08-03 08:09:49,178 | [Epoch 23/60] [batch 300/321] [lr 0.0001] [total 0.065586] [joint 0.001938] [intensity 0.018116] [sobel 0.044390] ETA: 0:39:39.891968
2026-08-03 08:09:53,500 | [Epoch 24/60] [batch 0/321] [lr 0.0001] [total 0.031527] [joint 0.001030] [intensity 0.009021] [sobel 0.020328] ETA: 0:34:28.960925
2026-08-03 08:10:03,903 | [Epoch 24/60] [batch 50/321] [lr 0.0001] [total 0.072380] [joint 0.001865] [intensity 0.045331] [sobel 0.049194] ETA: 0:36:51.063032
2026-08-03 08:10:14,426 | [Epoch 24/60] [batch 100/321] [lr 0.0001] [total 0.040139] [joint 0.001135] [intensity 0.017194] [sobel 0.027066] ETA: 0:39:36.412369
2026-08-03 08:10:24,892 | [Epoch 24/60] [batch 150/321] [lr 0.0001] [total 0.095463] [joint 0.002596] [intensity 0.046153] [sobel 0.064892] ETA: 0:38:46.386133
2026-08-03 08:10:35,440 | [Epoch 24/60] [batch 200/321] [lr 0.0001] [total 0.090924] [joint 0.002305] [intensity 0.043144] [sobel 0.063557] ETA: 0:36:58.353212
2026-08-03 08:10:45,980 | [Epoch 24/60] [batch 250/321] [lr 0.0001] [total 0.033283] [joint 0.001165] [intensity 0.004700] [sobel 0.021159] ETA: 0:40:56.776928
2026-08-03 08:10:56,467 | [Epoch 24/60] [batch 300/321] [lr 0.0001] [total 0.030318] [joint 0.000918] [intensity 0.010282] [sobel 0.020109] ETA: 0:40:40.381021
2026-08-03 08:11:00,806 | [Epoch 25/60] [batch 0/321] [lr 5e-05] [total 0.041843] [joint 0.001350] [intensity 0.007222] [sobel 0.027621] ETA: 0:33:32.004086
2026-08-03 08:11:11,265 | [Epoch 25/60] [batch 50/321] [lr 5e-05] [total 0.052155] [joint 0.001374] [intensity 0.022681] [sobel 0.036142] ETA: 0:38:16.529541
2026-08-03 08:11:21,783 | [Epoch 25/60] [batch 100/321] [lr 5e-05] [total 0.036729] [joint 0.001171] [intensity 0.007827] [sobel 0.024239] ETA: 0:40:25.132884
2026-08-03 08:11:32,327 | [Epoch 25/60] [batch 150/321] [lr 5e-05] [total 0.056184] [joint 0.001541] [intensity 0.025298] [sobel 0.038242] ETA: 0:37:57.916038
2026-08-03 08:11:42,874 | [Epoch 25/60] [batch 200/321] [lr 5e-05] [total 0.033227] [joint 0.001036] [intensity 0.007832] [sobel 0.022079] ETA: 0:39:25.370502
2026-08-03 08:11:53,296 | [Epoch 25/60] [batch 250/321] [lr 5e-05] [total 0.029133] [joint 0.000767] [intensity 0.015985] [sobel 0.019869] ETA: 0:37:42.332180
2026-08-03 08:12:03,819 | [Epoch 25/60] [batch 300/321] [lr 5e-05] [total 0.040953] [joint 0.001491] [intensity 0.008859] [sobel 0.025157] ETA: 0:39:16.548522
2026-08-03 08:12:08,134 | [Epoch 26/60] [batch 0/321] [lr 5e-05] [total 0.055193] [joint 0.001886] [intensity 0.008741] [sobel 0.035460] ETA: 0:32:25.639888
2026-08-03 08:12:18,565 | [Epoch 26/60] [batch 50/321] [lr 5e-05] [total 0.031834] [joint 0.001101] [intensity 0.005500] [sobel 0.020275] ETA: 0:39:18.500843
2026-08-03 08:12:29,113 | [Epoch 26/60] [batch 100/321] [lr 5e-05] [total 0.030507] [joint 0.000927] [intensity 0.008577] [sobel 0.020375] ETA: 0:39:26.689199
2026-08-03 08:12:39,700 | [Epoch 26/60] [batch 150/321] [lr 5e-05] [total 0.089802] [joint 0.002455] [intensity 0.057534] [sobel 0.059503] ETA: 0:33:30.861514
2026-08-03 08:12:50,319 | [Epoch 26/60] [batch 200/321] [lr 5e-05] [total 0.050679] [joint 0.001503] [intensity 0.006055] [sobel 0.035041] ETA: 0:36:48.295754
2026-08-03 08:13:00,837 | [Epoch 26/60] [batch 250/321] [lr 5e-05] [total 0.063976] [joint 0.001712] [intensity 0.026448] [sobel 0.044215] ETA: 0:36:55.787569
2026-08-03 08:13:11,356 | [Epoch 26/60] [batch 300/321] [lr 5e-05] [total 0.052931] [joint 0.001569] [intensity 0.023434] [sobel 0.034894] ETA: 0:36:33.841332
2026-08-03 08:13:15,755 | [Epoch 27/60] [batch 0/321] [lr 5e-05] [total 0.014976] [joint 0.000548] [intensity 0.002438] [sobel 0.009247] ETA: 0:31:27.432740
2026-08-03 08:13:26,339 | [Epoch 27/60] [batch 50/321] [lr 5e-05] [total 0.027969] [joint 0.000875] [intensity 0.009275] [sobel 0.018289] ETA: 0:38:01.464012
2026-08-03 08:13:36,844 | [Epoch 27/60] [batch 100/321] [lr 5e-05] [total 0.035377] [joint 0.001120] [intensity 0.007478] [sobel 0.023426] ETA: 0:38:11.661209
2026-08-03 08:13:47,474 | [Epoch 27/60] [batch 150/321] [lr 5e-05] [total 0.059680] [joint 0.001532] [intensity 0.014845] [sobel 0.042872] ETA: 0:36:09.476841
2026-08-03 08:13:58,035 | [Epoch 27/60] [batch 200/321] [lr 5e-05] [total 0.048668] [joint 0.001464] [intensity 0.023375] [sobel 0.031694] ETA: 0:35:43.305488
2026-08-03 08:14:08,531 | [Epoch 27/60] [batch 250/321] [lr 5e-05] [total 0.032766] [joint 0.001387] [intensity 0.003340] [sobel 0.018560] ETA: 0:35:59.345479
2026-08-03 08:14:19,113 | [Epoch 27/60] [batch 300/321] [lr 5e-05] [total 0.066255] [joint 0.001836] [intensity 0.020279] [sobel 0.045869] ETA: 0:35:31.193520
2026-08-03 08:14:23,476 | [Epoch 28/60] [batch 0/321] [lr 5e-05] [total 0.042151] [joint 0.001121] [intensity 0.018040] [sobel 0.029136] ETA: 0:30:51.257881
2026-08-03 08:14:34,069 | [Epoch 28/60] [batch 50/321] [lr 5e-05] [total 0.034658] [joint 0.001032] [intensity 0.006393] [sobel 0.023699] ETA: 0:37:27.787459
2026-08-03 08:14:44,713 | [Epoch 28/60] [batch 100/321] [lr 5e-05] [total 0.038568] [joint 0.001198] [intensity 0.020937] [sobel 0.024492] ETA: 0:33:19.283679
2026-08-03 08:14:55,259 | [Epoch 28/60] [batch 150/321] [lr 5e-05] [total 0.029593] [joint 0.001105] [intensity 0.005336] [sobel 0.018007] ETA: 0:36:56.202583
2026-08-03 08:15:05,816 | [Epoch 28/60] [batch 200/321] [lr 5e-05] [total 0.038739] [joint 0.001267] [intensity 0.012382] [sobel 0.024826] ETA: 0:34:37.904232
2026-08-03 08:15:16,424 | [Epoch 28/60] [batch 250/321] [lr 5e-05] [total 0.081881] [joint 0.002138] [intensity 0.036280] [sobel 0.056876] ETA: 0:34:25.698941
2026-08-03 08:15:26,885 | [Epoch 28/60] [batch 300/321] [lr 5e-05] [total 0.031924] [joint 0.000947] [intensity 0.012288] [sobel 0.021226] ETA: 0:33:35.745761
2026-08-03 08:15:31,230 | [Epoch 29/60] [batch 0/321] [lr 5e-05] [total 0.056923] [joint 0.001562] [intensity 0.011655] [sobel 0.040135] ETA: 0:27:27.390358
2026-08-03 08:15:41,586 | [Epoch 29/60] [batch 50/321] [lr 5e-05] [total 0.034584] [joint 0.001182] [intensity 0.004657] [sobel 0.022293] ETA: 0:35:33.187454
2026-08-03 08:15:52,109 | [Epoch 29/60] [batch 100/321] [lr 5e-05] [total 0.042793] [joint 0.001103] [intensity 0.028606] [sobel 0.028898] ETA: 0:34:24.149275
2026-08-03 08:16:02,814 | [Epoch 29/60] [batch 150/321] [lr 5e-05] [total 0.066261] [joint 0.001640] [intensity 0.036065] [sobel 0.046258] ETA: 0:34:10.781876
2026-08-03 08:16:13,380 | [Epoch 29/60] [batch 200/321] [lr 5e-05] [total 0.032655] [joint 0.001074] [intensity 0.010100] [sobel 0.020904] ETA: 0:33:14.906745
2026-08-03 08:16:23,927 | [Epoch 29/60] [batch 250/321] [lr 5e-05] [total 0.074576] [joint 0.002044] [intensity 0.023941] [sobel 0.051737] ETA: 0:33:09.872274
2026-08-03 08:16:34,470 | [Epoch 29/60] [batch 300/321] [lr 5e-05] [total 0.050124] [joint 0.001534] [intensity 0.007969] [sobel 0.033984] ETA: 0:34:56.243613
2026-08-03 08:16:38,842 | [Epoch 30/60] [batch 0/321] [lr 5e-05] [total 0.041274] [joint 0.001206] [intensity 0.010108] [sobel 0.028201] ETA: 0:28:54.153721
2026-08-03 08:16:49,494 | [Epoch 30/60] [batch 50/321] [lr 5e-05] [total 0.045676] [joint 0.001206] [intensity 0.023281] [sobel 0.031290] ETA: 0:33:35.916224
2026-08-03 08:17:00,026 | [Epoch 30/60] [batch 100/321] [lr 5e-05] [total 0.036040] [joint 0.001091] [intensity 0.010806] [sobel 0.024050] ETA: 0:34:54.775753
2026-08-03 08:17:10,640 | [Epoch 30/60] [batch 150/321] [lr 5e-05] [total 0.022304] [joint 0.000960] [intensity 0.002599] [sobel 0.012444] ETA: 0:34:53.831949
2026-08-03 08:17:21,234 | [Epoch 30/60] [batch 200/321] [lr 5e-05] [total 0.020883] [joint 0.000630] [intensity 0.025826] [sobel 0.011997] ETA: 0:30:54.688554
2026-08-03 08:17:31,840 | [Epoch 30/60] [batch 250/321] [lr 5e-05] [total 0.052557] [joint 0.001441] [intensity 0.011486] [sobel 0.037002] ETA: 0:34:13.930221
2026-08-03 08:17:42,333 | [Epoch 30/60] [batch 300/321] [lr 5e-05] [total 0.033138] [joint 0.001121] [intensity 0.004969] [sobel 0.021432] ETA: 0:33:53.365488
2026-08-03 08:17:46,662 | [Epoch 31/60] [batch 0/321] [lr 5e-05] [total 0.083665] [joint 0.002218] [intensity 0.045785] [sobel 0.056908] ETA: 0:25:52.244252
2026-08-03 08:17:57,169 | [Epoch 31/60] [batch 50/321] [lr 5e-05] [total 0.020139] [joint 0.000637] [intensity 0.004835] [sobel 0.013286] ETA: 0:32:55.838649
2026-08-03 08:18:07,725 | [Epoch 31/60] [batch 100/321] [lr 5e-05] [total 0.029359] [joint 0.001136] [intensity 0.005663] [sobel 0.017435] ETA: 0:33:12.297615
2026-08-03 08:18:18,133 | [Epoch 31/60] [batch 150/321] [lr 5e-05] [total 0.044206] [joint 0.001249] [intensity 0.023808] [sobel 0.029335] ETA: 0:31:33.135522
2026-08-03 08:18:28,647 | [Epoch 31/60] [batch 200/321] [lr 5e-05] [total 0.033871] [joint 0.001313] [intensity 0.007907] [sobel 0.019947] ETA: 0:33:04.821039
2026-08-03 08:18:39,287 | [Epoch 31/60] [batch 250/321] [lr 5e-05] [total 0.017994] [joint 0.000693] [intensity 0.005219] [sobel 0.010545] ETA: 0:32:35.647530
2026-08-03 08:18:49,780 | [Epoch 31/60] [batch 300/321] [lr 5e-05] [total 0.062381] [joint 0.001523] [intensity 0.029284] [sobel 0.044224] ETA: 0:31:10.735549
2026-08-03 08:18:54,040 | [Epoch 32/60] [batch 0/321] [lr 5e-05] [total 0.024806] [joint 0.000834] [intensity 0.004463] [sobel 0.016021] ETA: 0:25:12.349614
2026-08-03 08:19:04,503 | [Epoch 32/60] [batch 50/321] [lr 5e-05] [total 0.042526] [joint 0.001533] [intensity 0.006816] [sobel 0.026511] ETA: 0:32:44.308117
2026-08-03 08:19:15,045 | [Epoch 32/60] [batch 100/321] [lr 5e-05] [total 0.040003] [joint 0.001122] [intensity 0.007181] [sobel 0.028068] ETA: 0:32:16.301390
2026-08-03 08:19:25,571 | [Epoch 32/60] [batch 150/321] [lr 5e-05] [total 0.035938] [joint 0.001030] [intensity 0.009854] [sobel 0.024655] ETA: 0:31:59.782532
2026-08-03 08:19:36,060 | [Epoch 32/60] [batch 200/321] [lr 5e-05] [total 0.018786] [joint 0.000794] [intensity 0.003764] [sobel 0.010472] ETA: 0:31:44.263897
2026-08-03 08:19:46,609 | [Epoch 32/60] [batch 250/321] [lr 5e-05] [total 0.028161] [joint 0.001002] [intensity 0.008648] [sobel 0.017280] ETA: 0:29:56.245508
2026-08-03 08:19:56,997 | [Epoch 32/60] [batch 300/321] [lr 5e-05] [total 0.033349] [joint 0.001222] [intensity 0.006442] [sobel 0.020485] ETA: 0:31:31.936913
2026-08-03 08:20:01,373 | [Epoch 33/60] [batch 0/321] [lr 5e-05] [total 0.043961] [joint 0.001021] [intensity 0.030591] [sobel 0.030689] ETA: 0:23:51.205640
2026-08-03 08:20:11,916 | [Epoch 33/60] [batch 50/321] [lr 5e-05] [total 0.075421] [joint 0.002271] [intensity 0.029245] [sobel 0.049783] ETA: 0:29:43.803380
2026-08-03 08:20:22,431 | [Epoch 33/60] [batch 100/321] [lr 5e-05] [total 0.051570] [joint 0.001407] [intensity 0.019849] [sobel 0.035520] ETA: 0:29:14.185687
2026-08-03 08:20:32,935 | [Epoch 33/60] [batch 150/321] [lr 5e-05] [total 0.027943] [joint 0.001117] [intensity 0.003848] [sobel 0.016386] ETA: 0:30:26.670680
2026-08-03 08:20:43,407 | [Epoch 33/60] [batch 200/321] [lr 5e-05] [total 0.066958] [joint 0.001891] [intensity 0.019816] [sobel 0.046069] ETA: 0:28:53.057571
2026-08-03 08:20:53,922 | [Epoch 33/60] [batch 250/321] [lr 5e-05] [total 0.039851] [joint 0.001269] [intensity 0.006207] [sobel 0.026542] ETA: 0:28:49.626329
2026-08-03 08:21:04,467 | [Epoch 33/60] [batch 300/321] [lr 5e-05] [total 0.029576] [joint 0.000990] [intensity 0.009476] [sobel 0.018729] ETA: 0:30:21.906877
2026-08-03 08:21:08,791 | [Epoch 34/60] [batch 0/321] [lr 5e-05] [total 0.030681] [joint 0.001007] [intensity 0.009905] [sobel 0.019620] ETA: 0:24:55.855359
2026-08-03 08:21:19,392 | [Epoch 34/60] [batch 50/321] [lr 5e-05] [total 0.046037] [joint 0.001185] [intensity 0.029133] [sobel 0.031275] ETA: 0:28:33.595188
2026-08-03 08:21:29,937 | [Epoch 34/60] [batch 100/321] [lr 5e-05] [total 0.045971] [joint 0.001361] [intensity 0.013758] [sobel 0.030990] ETA: 0:28:06.509168
2026-08-03 08:21:40,475 | [Epoch 34/60] [batch 150/321] [lr 5e-05] [total 0.033639] [joint 0.000967] [intensity 0.016308] [sobel 0.022338] ETA: 0:27:54.201848
2026-08-03 08:21:50,896 | [Epoch 34/60] [batch 200/321] [lr 5e-05] [total 0.043703] [joint 0.001243] [intensity 0.012264] [sobel 0.030050] ETA: 0:29:54.074044
2026-08-03 08:22:01,307 | [Epoch 34/60] [batch 250/321] [lr 5e-05] [total 0.024356] [joint 0.000801] [intensity 0.006529] [sobel 0.015691] ETA: 0:29:05.644409
2026-08-03 08:22:11,847 | [Epoch 34/60] [batch 300/321] [lr 5e-05] [total 0.055234] [joint 0.001727] [intensity 0.018965] [sobel 0.036068] ETA: 0:27:28.541206
2026-08-03 08:22:16,146 | [Epoch 35/60] [batch 0/321] [lr 5e-05] [total 0.058537] [joint 0.001767] [intensity 0.022906] [sobel 0.038574] ETA: 0:20:35.044849
2026-08-03 08:22:26,539 | [Epoch 35/60] [batch 50/321] [lr 5e-05] [total 0.019988] [joint 0.000658] [intensity 0.012490] [sobel 0.012156] ETA: 0:27:19.916873
2026-08-03 08:22:37,059 | [Epoch 35/60] [batch 100/321] [lr 5e-05] [total 0.020010] [joint 0.000710] [intensity 0.004198] [sobel 0.012491] ETA: 0:28:26.149238
2026-08-03 08:22:47,577 | [Epoch 35/60] [batch 150/321] [lr 5e-05] [total 0.023198] [joint 0.000775] [intensity 0.007150] [sobel 0.014731] ETA: 0:28:23.993440
2026-08-03 08:22:58,109 | [Epoch 35/60] [batch 200/321] [lr 5e-05] [total 0.029152] [joint 0.000928] [intensity 0.007167] [sobel 0.019152] ETA: 0:28:14.120306
2026-08-03 08:23:08,648 | [Epoch 35/60] [batch 250/321] [lr 5e-05] [total 0.056432] [joint 0.001409] [intensity 0.027640] [sobel 0.039582] ETA: 0:26:26.038798
2026-08-03 08:23:19,275 | [Epoch 35/60] [batch 300/321] [lr 5e-05] [total 0.036105] [joint 0.001071] [intensity 0.019819] [sobel 0.023409] ETA: 0:26:31.663796
2026-08-03 08:23:23,604 | [Epoch 36/60] [batch 0/321] [lr 5e-05] [total 0.030947] [joint 0.000959] [intensity 0.012955] [sobel 0.020065] ETA: 0:21:33.755733
2026-08-03 08:23:34,146 | [Epoch 36/60] [batch 50/321] [lr 5e-05] [total 0.029921] [joint 0.000948] [intensity 0.010477] [sobel 0.019395] ETA: 0:27:51.186522
2026-08-03 08:23:44,671 | [Epoch 36/60] [batch 100/321] [lr 5e-05] [total 0.038131] [joint 0.001125] [intensity 0.011315] [sobel 0.025752] ETA: 0:27:32.548153
2026-08-03 08:23:55,191 | [Epoch 36/60] [batch 150/321] [lr 5e-05] [total 0.027096] [joint 0.000816] [intensity 0.008376] [sobel 0.018103] ETA: 0:25:36.113611
2026-08-03 08:24:05,715 | [Epoch 36/60] [batch 200/321] [lr 5e-05] [total 0.032542] [joint 0.001120] [intensity 0.008652] [sobel 0.020478] ETA: 0:27:22.609238
2026-08-03 08:24:16,168 | [Epoch 36/60] [batch 250/321] [lr 5e-05] [total 0.030066] [joint 0.000841] [intensity 0.008892] [sobel 0.020772] ETA: 0:26:39.310929
2026-08-03 08:24:26,583 | [Epoch 36/60] [batch 300/321] [lr 5e-05] [total 0.044687] [joint 0.001151] [intensity 0.034674] [sobel 0.029712] ETA: 0:25:34.324533
2026-08-03 08:24:30,915 | [Epoch 37/60] [batch 0/321] [lr 5e-05] [total 0.030846] [joint 0.001003] [intensity 0.008704] [sobel 0.019945] ETA: 0:20:37.226480
2026-08-03 08:24:41,117 | [Epoch 37/60] [batch 50/321] [lr 5e-05] [total 0.070412] [joint 0.001869] [intensity 0.023783] [sobel 0.049347] ETA: 0:23:13.245943
2026-08-03 08:24:51,622 | [Epoch 37/60] [batch 100/321] [lr 5e-05] [total 0.044309] [joint 0.001120] [intensity 0.021768] [sobel 0.030929] ETA: 0:24:37.569144
2026-08-03 08:25:02,105 | [Epoch 37/60] [batch 150/321] [lr 5e-05] [total 0.085159] [joint 0.002155] [intensity 0.023681] [sobel 0.061237] ETA: 0:25:04.122153
2026-08-03 08:25:12,456 | [Epoch 37/60] [batch 200/321] [lr 5e-05] [total 0.033850] [joint 0.001062] [intensity 0.006111] [sobel 0.022617] ETA: 0:25:46.368630
2026-08-03 08:25:22,979 | [Epoch 37/60] [batch 250/321] [lr 5e-05] [total 0.055362] [joint 0.001249] [intensity 0.038324] [sobel 0.039039] ETA: 0:24:22.990629
2026-08-03 08:25:33,457 | [Epoch 37/60] [batch 300/321] [lr 5e-05] [total 0.039696] [joint 0.001180] [intensity 0.008272] [sobel 0.027072] ETA: 0:25:40.381737
2026-08-03 08:25:37,822 | [Epoch 38/60] [batch 0/321] [lr 5e-05] [total 0.053323] [joint 0.001354] [intensity 0.027835] [sobel 0.036995] ETA: 0:19:57.026632
2026-08-03 08:25:48,616 | [Epoch 38/60] [batch 50/321] [lr 5e-05] [total 0.065408] [joint 0.001671] [intensity 0.013251] [sobel 0.047371] ETA: 0:24:26.471727
2026-08-03 08:25:59,154 | [Epoch 38/60] [batch 100/321] [lr 5e-05] [total 0.057299] [joint 0.001497] [intensity 0.023080] [sobel 0.040017] ETA: 0:23:40.040490
2026-08-03 08:26:09,633 | [Epoch 38/60] [batch 150/321] [lr 5e-05] [total 0.053622] [joint 0.001248] [intensity 0.031626] [sobel 0.037977] ETA: 0:23:54.599121
2026-08-03 08:26:20,038 | [Epoch 38/60] [batch 200/321] [lr 5e-05] [total 0.043865] [joint 0.001259] [intensity 0.031923] [sobel 0.028083] ETA: 0:22:19.575056
2026-08-03 08:26:30,512 | [Epoch 38/60] [batch 250/321] [lr 5e-05] [total 0.070712] [joint 0.001560] [intensity 0.044956] [sobel 0.050613] ETA: 0:21:54.351109
2026-08-03 08:26:41,037 | [Epoch 38/60] [batch 300/321] [lr 5e-05] [total 0.048705] [joint 0.001359] [intensity 0.012784] [sobel 0.033833] ETA: 0:23:12.372873
2026-08-03 08:26:45,375 | [Epoch 39/60] [batch 0/321] [lr 5e-05] [total 0.027094] [joint 0.000856] [intensity 0.006268] [sobel 0.017910] ETA: 0:19:45.039444
2026-08-03 08:26:55,724 | [Epoch 39/60] [batch 50/321] [lr 5e-05] [total 0.047027] [joint 0.001124] [intensity 0.034545] [sobel 0.032333] ETA: 0:21:23.208561
2026-08-03 08:27:06,249 | [Epoch 39/60] [batch 100/321] [lr 5e-05] [total 0.024674] [joint 0.000903] [intensity 0.004725] [sobel 0.015167] ETA: 0:24:04.260560
2026-08-03 08:27:16,762 | [Epoch 39/60] [batch 150/321] [lr 5e-05] [total 0.029983] [joint 0.000891] [intensity 0.018072] [sobel 0.019269] ETA: 0:23:37.762143
2026-08-03 08:27:27,194 | [Epoch 39/60] [batch 200/321] [lr 5e-05] [total 0.026618] [joint 0.000744] [intensity 0.029462] [sobel 0.016235] ETA: 0:22:18.137955
2026-08-03 08:27:37,669 | [Epoch 39/60] [batch 250/321] [lr 5e-05] [total 0.026755] [joint 0.001003] [intensity 0.003886] [sobel 0.016338] ETA: 0:23:35.579230
2026-08-03 08:27:48,163 | [Epoch 39/60] [batch 300/321] [lr 5e-05] [total 0.033664] [joint 0.001073] [intensity 0.006647] [sobel 0.022269] ETA: 0:23:16.975292
2026-08-03 08:27:52,488 | [Epoch 40/60] [batch 0/321] [lr 5e-05] [total 0.051467] [joint 0.001356] [intensity 0.030646] [sobel 0.034838] ETA: 0:16:39.139194
2026-08-03 08:28:02,998 | [Epoch 40/60] [batch 50/321] [lr 5e-05] [total 0.039322] [joint 0.001193] [intensity 0.008371] [sobel 0.026557] ETA: 0:22:47.886448
2026-08-03 08:28:13,484 | [Epoch 40/60] [batch 100/321] [lr 5e-05] [total 0.025083] [joint 0.000839] [intensity 0.010141] [sobel 0.015676] ETA: 0:22:42.263603
2026-08-03 08:28:23,970 | [Epoch 40/60] [batch 150/321] [lr 5e-05] [total 0.024006] [joint 0.000897] [intensity 0.007199] [sobel 0.014316] ETA: 0:23:16.186237
2026-08-03 08:28:34,640 | [Epoch 40/60] [batch 200/321] [lr 5e-05] [total 0.029615] [joint 0.000782] [intensity 0.012181] [sobel 0.020574] ETA: 0:22:31.761327
2026-08-03 08:28:45,302 | [Epoch 40/60] [batch 250/321] [lr 5e-05] [total 0.033695] [joint 0.001039] [intensity 0.008431] [sobel 0.022465] ETA: 0:21:23.683288
2026-08-03 08:28:55,797 | [Epoch 40/60] [batch 300/321] [lr 5e-05] [total 0.057516] [joint 0.001414] [intensity 0.032863] [sobel 0.040092] ETA: 0:20:34.484081
2026-08-03 08:29:00,052 | [Epoch 41/60] [batch 0/321] [lr 5e-05] [total 0.037683] [joint 0.001162] [intensity 0.008439] [sobel 0.025221] ETA: 0:16:48.646810
2026-08-03 08:29:10,536 | [Epoch 41/60] [batch 50/321] [lr 5e-05] [total 0.078996] [joint 0.002068] [intensity 0.033194] [sobel 0.054993] ETA: 0:19:44.215767
2026-08-03 08:29:21,021 | [Epoch 41/60] [batch 100/321] [lr 5e-05] [total 0.028011] [joint 0.000870] [intensity 0.008847] [sobel 0.018430] ETA: 0:19:17.714501
2026-08-03 08:29:31,518 | [Epoch 41/60] [batch 150/321] [lr 5e-05] [total 0.039397] [joint 0.001216] [intensity 0.017294] [sobel 0.025505] ETA: 0:20:31.905485
2026-08-03 08:29:42,129 | [Epoch 41/60] [batch 200/321] [lr 5e-05] [total 0.021114] [joint 0.000841] [intensity 0.003579] [sobel 0.012344] ETA: 0:21:21.696222
2026-08-03 08:29:52,574 | [Epoch 41/60] [batch 250/321] [lr 5e-05] [total 0.032092] [joint 0.001027] [intensity 0.008275] [sobel 0.020994] ETA: 0:21:08.076996
2026-08-03 08:30:02,993 | [Epoch 41/60] [batch 300/321] [lr 5e-05] [total 0.039895] [joint 0.001207] [intensity 0.008950] [sobel 0.026932] ETA: 0:21:01.504931
2026-08-03 08:30:07,336 | [Epoch 42/60] [batch 0/321] [lr 5e-05] [total 0.020139] [joint 0.000771] [intensity 0.003473] [sobel 0.012082] ETA: 0:17:21.778895
2026-08-03 08:30:17,835 | [Epoch 42/60] [batch 50/321] [lr 5e-05] [total 0.042030] [joint 0.001244] [intensity 0.009688] [sobel 0.028621] ETA: 0:19:19.721214
2026-08-03 08:30:28,310 | [Epoch 42/60] [batch 100/321] [lr 5e-05] [total 0.037571] [joint 0.001235] [intensity 0.005362] [sobel 0.024690] ETA: 0:20:36.041061
2026-08-03 08:30:38,815 | [Epoch 42/60] [batch 150/321] [lr 5e-05] [total 0.043694] [joint 0.001243] [intensity 0.024647] [sobel 0.028800] ETA: 0:19:28.029951
2026-08-03 08:30:49,427 | [Epoch 42/60] [batch 200/321] [lr 5e-05] [total 0.032430] [joint 0.001383] [intensity 0.004390] [sobel 0.018161] ETA: 0:20:27.315758
2026-08-03 08:30:59,967 | [Epoch 42/60] [batch 250/321] [lr 5e-05] [total 0.047535] [joint 0.001318] [intensity 0.018068] [sobel 0.032545] ETA: 0:19:06.461533
2026-08-03 08:31:10,491 | [Epoch 42/60] [batch 300/321] [lr 5e-05] [total 0.009705] [joint 0.000436] [intensity 0.003303] [sobel 0.005010] ETA: 0:19:41.609337
2026-08-03 08:31:14,897 | [Epoch 43/60] [batch 0/321] [lr 5e-05] [total 0.029957] [joint 0.001003] [intensity 0.007083] [sobel 0.019218] ETA: 0:16:15.252908
2026-08-03 08:31:25,471 | [Epoch 43/60] [batch 50/321] [lr 5e-05] [total 0.028376] [joint 0.000880] [intensity 0.011797] [sobel 0.018400] ETA: 0:19:26.968791
2026-08-03 08:31:35,928 | [Epoch 43/60] [batch 100/321] [lr 5e-05] [total 0.030896] [joint 0.001009] [intensity 0.005762] [sobel 0.020227] ETA: 0:19:42.868612
2026-08-03 08:31:46,358 | [Epoch 43/60] [batch 150/321] [lr 5e-05] [total 0.067236] [joint 0.001574] [intensity 0.041424] [sobel 0.047352] ETA: 0:16:59.974744
2026-08-03 08:31:56,798 | [Epoch 43/60] [batch 200/321] [lr 5e-05] [total 0.057119] [joint 0.001795] [intensity 0.019008] [sobel 0.037268] ETA: 0:17:54.254135
2026-08-03 08:32:07,285 | [Epoch 43/60] [batch 250/321] [lr 5e-05] [total 0.030653] [joint 0.000933] [intensity 0.004387] [sobel 0.020884] ETA: 0:18:26.564966
2026-08-03 08:32:17,738 | [Epoch 43/60] [batch 300/321] [lr 5e-05] [total 0.035098] [joint 0.001197] [intensity 0.007314] [sobel 0.022398] ETA: 0:18:48.387606
2026-08-03 08:32:22,118 | [Epoch 44/60] [batch 0/321] [lr 5e-05] [total 0.079891] [joint 0.002168] [intensity 0.022369] [sobel 0.055974] ETA: 0:14:24.257332
2026-08-03 08:32:32,790 | [Epoch 44/60] [batch 50/321] [lr 5e-05] [total 0.069278] [joint 0.002100] [intensity 0.027602] [sobel 0.045514] ETA: 0:16:40.928405
2026-08-03 08:32:43,406 | [Epoch 44/60] [batch 100/321] [lr 5e-05] [total 0.038692] [joint 0.001136] [intensity 0.007107] [sobel 0.026618] ETA: 0:18:26.948797
2026-08-03 08:32:54,049 | [Epoch 44/60] [batch 150/321] [lr 5e-05] [total 0.035677] [joint 0.001231] [intensity 0.013740] [sobel 0.021991] ETA: 0:17:05.043258
2026-08-03 08:33:04,562 | [Epoch 44/60] [batch 200/321] [lr 5e-05] [total 0.033894] [joint 0.000956] [intensity 0.020246] [sobel 0.022308] ETA: 0:15:50.374743
2026-08-03 08:33:15,033 | [Epoch 44/60] [batch 250/321] [lr 5e-05] [total 0.037863] [joint 0.001120] [intensity 0.011305] [sobel 0.025536] ETA: 0:16:50.400259
2026-08-03 08:33:25,538 | [Epoch 44/60] [batch 300/321] [lr 5e-05] [total 0.033454] [joint 0.001021] [intensity 0.007992] [sobel 0.022446] ETA: 0:16:38.661930
2026-08-03 08:33:29,964 | [Epoch 45/60] [batch 0/321] [lr 5e-05] [total 0.040322] [joint 0.001392] [intensity 0.007688] [sobel 0.025630] ETA: 0:14:40.906641
2026-08-03 08:33:40,503 | [Epoch 45/60] [batch 50/321] [lr 5e-05] [total 0.022990] [joint 0.000897] [intensity 0.005466] [sobel 0.013471] ETA: 0:17:17.191697
2026-08-03 08:33:51,082 | [Epoch 45/60] [batch 100/321] [lr 5e-05] [total 0.035073] [joint 0.001118] [intensity 0.009872] [sobel 0.022907] ETA: 0:17:06.893938
2026-08-03 08:34:01,529 | [Epoch 45/60] [batch 150/321] [lr 5e-05] [total 0.053983] [joint 0.001651] [intensity 0.026411] [sobel 0.034836] ETA: 0:15:12.550896
2026-08-03 08:34:12,154 | [Epoch 45/60] [batch 200/321] [lr 5e-05] [total 0.017678] [joint 0.000751] [intensity 0.007213] [sobel 0.009450] ETA: 0:16:59.198501
2026-08-03 08:34:22,725 | [Epoch 45/60] [batch 250/321] [lr 5e-05] [total 0.087248] [joint 0.002193] [intensity 0.039078] [sobel 0.061411] ETA: 0:15:47.201496
2026-08-03 08:34:33,265 | [Epoch 45/60] [batch 300/321] [lr 5e-05] [total 0.047329] [joint 0.001277] [intensity 0.029129] [sobel 0.031644] ETA: 0:15:36.481347
2026-08-03 08:34:37,619 | [Epoch 46/60] [batch 0/321] [lr 5e-05] [total 0.043286] [joint 0.001412] [intensity 0.025860] [sobel 0.026582] ETA: 0:12:43.022464
2026-08-03 08:34:48,205 | [Epoch 46/60] [batch 50/321] [lr 5e-05] [total 0.050669] [joint 0.001427] [intensity 0.012161] [sobel 0.035182] ETA: 0:16:12.889982
2026-08-03 08:34:58,759 | [Epoch 46/60] [batch 100/321] [lr 5e-05] [total 0.044272] [joint 0.001384] [intensity 0.014941] [sobel 0.028938] ETA: 0:15:44.738956
2026-08-03 08:35:09,129 | [Epoch 46/60] [batch 150/321] [lr 5e-05] [total 0.067855] [joint 0.001544] [intensity 0.037649] [sobel 0.048653] ETA: 0:14:55.599730
2026-08-03 08:35:19,630 | [Epoch 46/60] [batch 200/321] [lr 5e-05] [total 0.016468] [joint 0.000629] [intensity 0.009074] [sobel 0.009272] ETA: 0:15:20.377885
2026-08-03 08:35:30,169 | [Epoch 46/60] [batch 250/321] [lr 5e-05] [total 0.024999] [joint 0.000793] [intensity 0.008408] [sobel 0.016226] ETA: 0:15:34.456209
2026-08-03 08:35:40,843 | [Epoch 46/60] [batch 300/321] [lr 5e-05] [total 0.024685] [joint 0.000848] [intensity 0.007447] [sobel 0.015464] ETA: 0:15:28.797677
2026-08-03 08:35:45,207 | [Epoch 47/60] [batch 0/321] [lr 5e-05] [total 0.037387] [joint 0.001118] [intensity 0.015263] [sobel 0.024676] ETA: 0:11:40.108804
2026-08-03 08:35:55,816 | [Epoch 47/60] [batch 50/321] [lr 5e-05] [total 0.041083] [joint 0.001088] [intensity 0.017041] [sobel 0.028501] ETA: 0:14:09.210580
2026-08-03 08:36:06,301 | [Epoch 47/60] [batch 100/321] [lr 5e-05] [total 0.054954] [joint 0.001482] [intensity 0.019472] [sobel 0.038189] ETA: 0:13:38.860317
2026-08-03 08:36:16,785 | [Epoch 47/60] [batch 150/321] [lr 5e-05] [total 0.052373] [joint 0.001469] [intensity 0.030631] [sobel 0.034621] ETA: 0:12:58.156207
2026-08-03 08:36:27,430 | [Epoch 47/60] [batch 200/321] [lr 5e-05] [total 0.040039] [joint 0.001073] [intensity 0.011622] [sobel 0.028149] ETA: 0:13:46.390411
2026-08-03 08:36:38,078 | [Epoch 47/60] [batch 250/321] [lr 5e-05] [total 0.055562] [joint 0.001632] [intensity 0.045022] [sobel 0.034742] ETA: 0:12:49.882988
2026-08-03 08:36:48,583 | [Epoch 47/60] [batch 300/321] [lr 5e-05] [total 0.071490] [joint 0.001720] [intensity 0.052110] [sobel 0.049081] ETA: 0:11:59.527051
2026-08-03 08:36:52,997 | [Epoch 48/60] [batch 0/321] [lr 5e-05] [total 0.048479] [joint 0.001423] [intensity 0.016384] [sobel 0.032614] ETA: 0:10:56.878198
2026-08-03 08:37:03,543 | [Epoch 48/60] [batch 50/321] [lr 5e-05] [total 0.020584] [joint 0.000891] [intensity 0.005561] [sobel 0.011122] ETA: 0:13:47.414412
2026-08-03 08:37:13,984 | [Epoch 48/60] [batch 100/321] [lr 5e-05] [total 0.062513] [joint 0.001694] [intensity 0.023626] [sobel 0.043207] ETA: 0:12:51.659077
2026-08-03 08:37:24,495 | [Epoch 48/60] [batch 150/321] [lr 5e-05] [total 0.023598] [joint 0.000796] [intensity 0.010519] [sobel 0.014585] ETA: 0:12:40.934461
2026-08-03 08:37:34,964 | [Epoch 48/60] [batch 200/321] [lr 5e-05] [total 0.034664] [joint 0.000974] [intensity 0.007857] [sobel 0.024140] ETA: 0:13:04.219299
2026-08-03 08:37:45,479 | [Epoch 48/60] [batch 250/321] [lr 5e-05] [total 0.033311] [joint 0.001114] [intensity 0.024526] [sobel 0.019723] ETA: 0:12:21.615565
2026-08-03 08:37:55,956 | [Epoch 48/60] [batch 300/321] [lr 5e-05] [total 0.046951] [joint 0.001316] [intensity 0.023485] [sobel 0.031446] ETA: 0:10:43.447197
2026-08-03 08:38:00,255 | [Epoch 49/60] [batch 0/321] [lr 5e-05] [total 0.039461] [joint 0.001416] [intensity 0.012086] [sobel 0.024095] ETA: 0:09:52.682621
2026-08-03 08:38:10,689 | [Epoch 49/60] [batch 50/321] [lr 5e-05] [total 0.028298] [joint 0.000977] [intensity 0.007825] [sobel 0.017749] ETA: 0:12:30.015646
2026-08-03 08:38:21,149 | [Epoch 49/60] [batch 100/321] [lr 5e-05] [total 0.053966] [joint 0.001641] [intensity 0.023581] [sobel 0.035194] ETA: 0:11:46.172797
2026-08-03 08:38:31,564 | [Epoch 49/60] [batch 150/321] [lr 5e-05] [total 0.025859] [joint 0.000769] [intensity 0.009311] [sobel 0.017237] ETA: 0:12:08.222999
2026-08-03 08:38:42,065 | [Epoch 49/60] [batch 200/321] [lr 5e-05] [total 0.031429] [joint 0.001033] [intensity 0.006326] [sobel 0.020467] ETA: 0:11:53.870350
2026-08-03 08:38:52,537 | [Epoch 49/60] [batch 250/321] [lr 5e-05] [total 0.031287] [joint 0.000992] [intensity 0.005896] [sobel 0.020780] ETA: 0:11:52.775704
2026-08-03 08:39:03,118 | [Epoch 49/60] [batch 300/321] [lr 5e-05] [total 0.041487] [joint 0.001144] [intensity 0.013483] [sobel 0.028698] ETA: 0:11:40.660204
2026-08-03 08:39:07,490 | [Epoch 50/60] [batch 0/321] [lr 2.5e-05] [total 0.054133] [joint 0.001478] [intensity 0.037567] [sobel 0.035591] ETA: 0:08:39.666996
2026-08-03 08:39:18,289 | [Epoch 50/60] [batch 50/321] [lr 2.5e-05] [total 0.024437] [joint 0.000774] [intensity 0.011500] [sobel 0.015543] ETA: 0:10:57.634678
2026-08-03 08:39:28,987 | [Epoch 50/60] [batch 100/321] [lr 2.5e-05] [total 0.033877] [joint 0.001015] [intensity 0.014926] [sobel 0.022231] ETA: 0:11:15.775373
2026-08-03 08:39:39,531 | [Epoch 50/60] [batch 150/321] [lr 2.5e-05] [total 0.023871] [joint 0.000783] [intensity 0.005494] [sobel 0.015491] ETA: 0:10:44.011087
2026-08-03 08:39:49,772 | [Epoch 50/60] [batch 200/321] [lr 2.5e-05] [total 0.028172] [joint 0.000984] [intensity 0.004381] [sobel 0.017892] ETA: 0:10:43.535707
2026-08-03 08:40:00,225 | [Epoch 50/60] [batch 250/321] [lr 2.5e-05] [total 0.051236] [joint 0.001440] [intensity 0.021718] [sobel 0.034664] ETA: 0:10:09.801197
2026-08-03 08:40:10,526 | [Epoch 50/60] [batch 300/321] [lr 2.5e-05] [total 0.081736] [joint 0.002073] [intensity 0.049944] [sobel 0.056012] ETA: 0:09:25.585570
2026-08-03 08:40:14,872 | [Epoch 51/60] [batch 0/321] [lr 2.5e-05] [total 0.024263] [joint 0.000759] [intensity 0.008985] [sobel 0.015777] ETA: 0:08:30.823452
2026-08-03 08:40:25,286 | [Epoch 51/60] [batch 50/321] [lr 2.5e-05] [total 0.047454] [joint 0.001312] [intensity 0.022957] [sobel 0.032041] ETA: 0:09:08.086963
2026-08-03 08:40:35,791 | [Epoch 51/60] [batch 100/321] [lr 2.5e-05] [total 0.015797] [joint 0.000562] [intensity 0.006401] [sobel 0.009536] ETA: 0:10:05.726362
2026-08-03 08:40:46,343 | [Epoch 51/60] [batch 150/321] [lr 2.5e-05] [total 0.052296] [joint 0.001640] [intensity 0.014064] [sobel 0.034489] ETA: 0:09:25.653276
2026-08-03 08:40:56,868 | [Epoch 51/60] [batch 200/321] [lr 2.5e-05] [total 0.030584] [joint 0.001110] [intensity 0.005939] [sobel 0.018886] ETA: 0:09:44.372105
2026-08-03 08:41:07,388 | [Epoch 51/60] [batch 250/321] [lr 2.5e-05] [total 0.044299] [joint 0.001167] [intensity 0.016642] [sobel 0.030969] ETA: 0:09:38.403719
2026-08-03 08:41:33,199 | [Epoch 51/60] [batch 300/321] [lr 2.5e-05] [total 0.039953] [joint 0.001163] [intensity 0.013995] [sobel 0.026925] ETA: 0:09:17.136615
2026-08-03 08:41:37,532 | [Epoch 52/60] [batch 0/321] [lr 2.5e-05] [total 0.033555] [joint 0.001036] [intensity 0.009567] [sobel 0.022235] ETA: 0:07:10.923128
2026-08-03 08:41:48,030 | [Epoch 52/60] [batch 50/321] [lr 2.5e-05] [total 0.054291] [joint 0.001529] [intensity 0.020805] [sobel 0.036922] ETA: 0:08:35.626091
2026-08-03 08:41:58,629 | [Epoch 52/60] [batch 100/321] [lr 2.5e-05] [total 0.037058] [joint 0.001087] [intensity 0.020906] [sobel 0.024094] ETA: 0:08:19.317178
2026-08-03 08:42:09,124 | [Epoch 52/60] [batch 150/321] [lr 2.5e-05] [total 0.022858] [joint 0.000772] [intensity 0.006089] [sobel 0.014524] ETA: 0:08:44.918746
2026-08-03 08:42:19,660 | [Epoch 52/60] [batch 200/321] [lr 2.5e-05] [total 0.029556] [joint 0.000912] [intensity 0.007582] [sobel 0.019680] ETA: 0:08:36.520813
2026-08-03 08:42:30,114 | [Epoch 52/60] [batch 250/321] [lr 2.5e-05] [total 0.037255] [joint 0.001121] [intensity 0.008450] [sobel 0.025197] ETA: 0:08:26.061643
2026-08-03 08:42:40,617 | [Epoch 52/60] [batch 300/321] [lr 2.5e-05] [total 0.024025] [joint 0.000745] [intensity 0.005544] [sobel 0.016021] ETA: 0:08:05.696417
2026-08-03 08:42:44,946 | [Epoch 53/60] [batch 0/321] [lr 2.5e-05] [total 0.037962] [joint 0.001284] [intensity 0.006578] [sobel 0.024462] ETA: 0:06:47.714689
2026-08-03 08:42:55,502 | [Epoch 53/60] [batch 50/321] [lr 2.5e-05] [total 0.036592] [joint 0.001193] [intensity 0.010963] [sobel 0.023570] ETA: 0:07:41.469607
2026-08-03 08:43:05,888 | [Epoch 53/60] [batch 100/321] [lr 2.5e-05] [total 0.084546] [joint 0.002529] [intensity 0.030929] [sobel 0.056162] ETA: 0:06:31.602025
2026-08-03 08:43:16,342 | [Epoch 53/60] [batch 150/321] [lr 2.5e-05] [total 0.043770] [joint 0.001217] [intensity 0.013000] [sobel 0.030296] ETA: 0:07:09.422873
2026-08-03 08:43:26,831 | [Epoch 53/60] [batch 200/321] [lr 2.5e-05] [total 0.020882] [joint 0.000712] [intensity 0.007150] [sobel 0.013044] ETA: 0:06:54.075060
2026-08-03 08:43:37,398 | [Epoch 53/60] [batch 250/321] [lr 2.5e-05] [total 0.025385] [joint 0.000859] [intensity 0.004828] [sobel 0.016312] ETA: 0:07:16.245741
2026-08-03 08:43:47,885 | [Epoch 53/60] [batch 300/321] [lr 2.5e-05] [total 0.044003] [joint 0.001151] [intensity 0.022699] [sobel 0.030225] ETA: 0:06:18.735075
2026-08-03 08:43:52,243 | [Epoch 54/60] [batch 0/321] [lr 2.5e-05] [total 0.021071] [joint 0.000755] [intensity 0.004716] [sobel 0.013052] ETA: 0:05:36.548009
2026-08-03 08:44:02,701 | [Epoch 54/60] [batch 50/321] [lr 2.5e-05] [total 0.075635] [joint 0.001924] [intensity 0.014777] [sobel 0.054922] ETA: 0:06:30.453002
2026-08-03 08:44:13,246 | [Epoch 54/60] [batch 100/321] [lr 2.5e-05] [total 0.083707] [joint 0.002238] [intensity 0.037317] [sobel 0.057597] ETA: 0:05:56.984553
2026-08-03 08:44:23,723 | [Epoch 54/60] [batch 150/321] [lr 2.5e-05] [total 0.027431] [joint 0.000888] [intensity 0.007084] [sobel 0.017846] ETA: 0:06:24.934284
2026-08-03 08:44:34,160 | [Epoch 54/60] [batch 200/321] [lr 2.5e-05] [total 0.046691] [joint 0.001432] [intensity 0.035938] [sobel 0.028776] ETA: 0:05:06.508634
2026-08-03 08:44:44,439 | [Epoch 54/60] [batch 250/321] [lr 2.5e-05] [total 0.022301] [joint 0.000757] [intensity 0.004457] [sobel 0.014284] ETA: 0:05:43.156307
2026-08-03 08:44:55,068 | [Epoch 54/60] [batch 300/321] [lr 2.5e-05] [total 0.077971] [joint 0.002016] [intensity 0.047782] [sobel 0.053027] ETA: 0:05:17.243179
2026-08-03 08:44:59,433 | [Epoch 55/60] [batch 0/321] [lr 2.5e-05] [total 0.033150] [joint 0.000938] [intensity 0.014106] [sobel 0.022364] ETA: 0:04:35.689856
2026-08-03 08:45:09,970 | [Epoch 55/60] [batch 50/321] [lr 2.5e-05] [total 0.034549] [joint 0.001030] [intensity 0.013385] [sobel 0.022912] ETA: 0:05:23.168532
2026-08-03 08:45:20,642 | [Epoch 55/60] [batch 100/321] [lr 2.5e-05] [total 0.038016] [joint 0.001191] [intensity 0.011733] [sobel 0.024928] ETA: 0:05:08.953675
2026-08-03 08:45:31,213 | [Epoch 55/60] [batch 150/321] [lr 2.5e-05] [total 0.045015] [joint 0.001342] [intensity 0.030762] [sobel 0.028523] ETA: 0:04:40.050548
2026-08-03 08:45:41,810 | [Epoch 55/60] [batch 200/321] [lr 2.5e-05] [total 0.040432] [joint 0.001166] [intensity 0.015250] [sobel 0.027249] ETA: 0:04:38.354075
2026-08-03 08:45:52,394 | [Epoch 55/60] [batch 250/321] [lr 2.5e-05] [total 0.028423] [joint 0.000801] [intensity 0.009970] [sobel 0.019415] ETA: 0:04:39.649274
2026-08-03 08:46:02,960 | [Epoch 55/60] [batch 300/321] [lr 2.5e-05] [total 0.083550] [joint 0.002187] [intensity 0.030549] [sobel 0.058630] ETA: 0:04:17.176198
2026-08-03 08:46:07,300 | [Epoch 56/60] [batch 0/321] [lr 2.5e-05] [total 0.013879] [joint 0.000518] [intensity 0.002842] [sobel 0.008415] ETA: 0:03:47.211119
2026-08-03 08:46:17,852 | [Epoch 56/60] [batch 50/321] [lr 2.5e-05] [total 0.026332] [joint 0.001061] [intensity 0.007406] [sobel 0.014981] ETA: 0:04:26.609119
2026-08-03 08:46:28,232 | [Epoch 56/60] [batch 100/321] [lr 2.5e-05] [total 0.064604] [joint 0.001574] [intensity 0.023845] [sobel 0.046480] ETA: 0:04:04.253578
2026-08-03 08:46:38,853 | [Epoch 56/60] [batch 150/321] [lr 2.5e-05] [total 0.041933] [joint 0.001311] [intensity 0.009765] [sobel 0.027847] ETA: 0:04:08.064393
2026-08-03 08:46:49,498 | [Epoch 56/60] [batch 200/321] [lr 2.5e-05] [total 0.030989] [joint 0.001164] [intensity 0.005891] [sobel 0.018763] ETA: 0:03:45.530607
2026-08-03 08:47:00,098 | [Epoch 56/60] [batch 250/321] [lr 2.5e-05] [total 0.015025] [joint 0.000579] [intensity 0.004679] [sobel 0.008764] ETA: 0:03:41.558750
2026-08-03 08:47:10,614 | [Epoch 56/60] [batch 300/321] [lr 2.5e-05] [total 0.062961] [joint 0.001671] [intensity 0.018430] [sobel 0.044408] ETA: 0:03:23.806961
2026-08-03 08:47:14,978 | [Epoch 57/60] [batch 0/321] [lr 2.5e-05] [total 0.058775] [joint 0.001665] [intensity 0.016899] [sobel 0.040435] ETA: 0:02:43.384275
2026-08-03 08:47:25,464 | [Epoch 57/60] [batch 50/321] [lr 2.5e-05] [total 0.030255] [joint 0.001013] [intensity 0.004901] [sobel 0.019635] ETA: 0:03:15.632533
2026-08-03 08:47:35,982 | [Epoch 57/60] [batch 100/321] [lr 2.5e-05] [total 0.052088] [joint 0.001698] [intensity 0.018245] [sobel 0.033285] ETA: 0:02:57.640221
2026-08-03 08:47:46,506 | [Epoch 57/60] [batch 150/321] [lr 2.5e-05] [total 0.018755] [joint 0.000704] [intensity 0.004657] [sobel 0.011248] ETA: 0:02:56.628021
2026-08-03 08:47:56,988 | [Epoch 57/60] [batch 200/321] [lr 2.5e-05] [total 0.030857] [joint 0.000901] [intensity 0.008150] [sobel 0.021028] ETA: 0:02:46.574076
2026-08-03 08:48:07,476 | [Epoch 57/60] [batch 250/321] [lr 2.5e-05] [total 0.025812] [joint 0.000793] [intensity 0.009923] [sobel 0.016894] ETA: 0:02:33.471901
2026-08-03 08:48:18,039 | [Epoch 57/60] [batch 300/321] [lr 2.5e-05] [total 0.034142] [joint 0.001214] [intensity 0.006345] [sobel 0.021366] ETA: 0:02:25.458675
2026-08-03 08:48:22,397 | [Epoch 58/60] [batch 0/321] [lr 2.5e-05] [total 0.022493] [joint 0.000732] [intensity 0.014678] [sobel 0.013703] ETA: 0:01:48.758306
2026-08-03 08:48:32,906 | [Epoch 58/60] [batch 50/321] [lr 2.5e-05] [total 0.049073] [joint 0.001468] [intensity 0.024346] [sobel 0.031955] ETA: 0:02:01.429115
2026-08-03 08:48:43,376 | [Epoch 58/60] [batch 100/321] [lr 2.5e-05] [total 0.041270] [joint 0.001172] [intensity 0.016061] [sobel 0.027943] ETA: 0:01:52.082102
2026-08-03 08:48:53,934 | [Epoch 58/60] [batch 150/321] [lr 2.5e-05] [total 0.048106] [joint 0.001364] [intensity 0.026485] [sobel 0.031818] ETA: 0:01:42.936676
2026-08-03 08:49:04,551 | [Epoch 58/60] [batch 200/321] [lr 2.5e-05] [total 0.074469] [joint 0.001803] [intensity 0.023813] [sobel 0.054053] ETA: 0:01:27.205317
2026-08-03 08:49:15,101 | [Epoch 58/60] [batch 250/321] [lr 2.5e-05] [total 0.086212] [joint 0.002259] [intensity 0.044083] [sobel 0.059211] ETA: 0:01:15.897251
2026-08-03 08:49:25,694 | [Epoch 58/60] [batch 300/321] [lr 2.5e-05] [total 0.031342] [joint 0.001173] [intensity 0.003998] [sobel 0.019215] ETA: 0:01:13.900321
2026-08-03 08:49:30,000 | [Epoch 59/60] [batch 0/321] [lr 2.5e-05] [total 0.025624] [joint 0.000788] [intensity 0.005854] [sobel 0.017157] ETA: 0:00:53.932051
2026-08-03 08:49:40,428 | [Epoch 59/60] [batch 50/321] [lr 2.5e-05] [total 0.034266] [joint 0.001165] [intensity 0.006518] [sobel 0.021960] ETA: 0:00:59.122112
2026-08-03 08:49:50,854 | [Epoch 59/60] [batch 100/321] [lr 2.5e-05] [total 0.023451] [joint 0.000883] [intensity 0.008695] [sobel 0.013750] ETA: 0:00:47.758464
2026-08-03 08:50:01,468 | [Epoch 59/60] [batch 150/321] [lr 2.5e-05] [total 0.039475] [joint 0.001239] [intensity 0.010651] [sobel 0.026022] ETA: 0:00:37.148138
2026-08-03 08:50:11,859 | [Epoch 59/60] [batch 200/321] [lr 2.5e-05] [total 0.030887] [joint 0.000965] [intensity 0.006757] [sobel 0.020557] ETA: 0:00:26.056705
2026-08-03 08:50:22,383 | [Epoch 59/60] [batch 250/321] [lr 2.5e-05] [total 0.047914] [joint 0.001298] [intensity 0.038939] [sobel 0.031036] ETA: 0:00:13.559425
2026-08-03 08:50:32,879 | [Epoch 59/60] [batch 300/321] [lr 2.5e-05] [total 0.039868] [joint 0.001134] [intensity 0.008120] [sobel 0.027717] ETA: 0:00:04.624527
2026-08-03 08:50:54,362 | Checkpoint saved to: /root/autodl-tmp/SIBA-Jittor-final/checkpoint/runs/20260803_074237/SIBA_epoch60.pkl
2026-08-03 08:50:54,362 | Training log saved to: /root/autodl-tmp/SIBA-Jittor-final/checkpoint/runs/20260803_074237/train.log
2026-08-03 08:50:54,362 | Batch log saved to: /root/autodl-tmp/SIBA-Jittor-final/checkpoint/runs/20260803_074237/train_batches.csv
2026-08-03 08:50:54,362 | Epoch loss summary saved to: /root/autodl-tmp/SIBA-Jittor-final/checkpoint/runs/20260803_074237/epoch_loss_components.csv
2026-08-03 08:50:54,362 | Loss curve PNG saved to: /root/autodl-tmp/SIBA-Jittor-final/checkpoint/runs/20260803_074237/loss_components.png
2026-08-03 08:50:54,362 | Loss curve PDF saved to: /root/autodl-tmp/SIBA-Jittor-final/checkpoint/runs/20260803_074237/loss_components.pdf
2026-08-03 08:50:54,362 | Training metadata saved to: /root/autodl-tmp/SIBA-Jittor-final/checkpoint/runs/20260803_074237/train_metadata.json
2026-08-03 08:50:54,362 | done
