[38;5;2m[i 0727 04:43:12.662417 36 compiler.py:955] Jittor(1.3.11.0) src: /root/autodl-tmp/envs/siba_jittor/lib/python3.8/site-packages/jittor[m
[38;5;2m[i 0727 04:43:12.664747 36 compiler.py:956] g++ at /usr/bin/g++(9.3.0)[m
[38;5;2m[i 0727 04:43:12.664798 36 compiler.py:957] cache_path: /root/autodl-tmp/.cache/jittor_gpu/.cache/jittor/jt1.3.11/g++9.3.0/py3.8.18/Linux-5.15.0-9xc8/IntelRXeonRPlaxf4/fe1b/default[m
[38;5;2m[i 0727 04:43:12.670846 36 __init__.py:412] Found nvcc(11.3.109) at /usr/local/cuda/bin/nvcc.[m
[38;5;2m[i 0727 04:43:12.673566 36 __init__.py:412] Found addr2line(2.34) at /usr/bin/addr2line.[m
[38;5;2m[i 0727 04:43:12.867129 36 compiler.py:1012] cuda key:cu11.3.109_sm_86[m

libgomp: Invalid value for environment variable OMP_NUM_THREADS
[38;5;2m[i 0727 04:43:13.213934 36 __init__.py:227] Total mem: 755.27GB, using 16 procs for compiling.[m
[38;5;2m[i 0727 04:43:13.309081 36 jit_compiler.cc:28] Load cc_path: /usr/bin/g++[m
[38;5;2m[i 0727 04:43:13.510607 36 init.cc:63] Found cuda archs: [86,][m
[38;5;2m[i 0727 04:43:15.106325 36 cuda_flags.cc:55] CUDA enabled.[m

Compiling Operators(39/39) used: 3.31s eta:    0s 
[Epoch 0/1] [lr 0.0001] [loss: 0.3588] ETA: 0:00:00.192249

Compiling Operators(70/70) used: 3.31s eta:    0s 

Compiling Operators(7/24) used: 3.31s eta: 8.04s Compiling Operators(22/24) used: 4.31s eta: 0.392s Compiling Operators(23/24) used: 6.31s eta: 0.274s Compiling Operators(24/24) used: 7.31s eta:    0s 

Compiling Operators(1/1) used: 3.07s eta:    0s 

Compiling Operators(1/1) used: 3.08s eta:    0s 

Compiling Operators(1/1) used: 3.08s eta:    0s 

Compiling Operators(1/1) used: 3.09s eta:    0s 
done
