[i 0727 04:41:25.156873 64 compiler.py:955] Jittor(1.3.11.0) src: /root/autodl-tmp/envs/siba_jittor/lib/python3.8/site-packages/jittor
[i 0727 04:41:25.159891 64 compiler.py:956] g++ at /usr/bin/g++(9.3.0)
[i 0727 04:41:25.159940 64 compiler.py:957] cache_path: /root/autodl-tmp/.cache/jittor_gpu/.cache/jittor/jt1.3.11/g++9.3.0/py3.8.18/Linux-5.15.0-9xc8/IntelRXeonRPlaxf4/fe1b/default
[i 0727 04:41:25.162870 64 __init__.py:412] Found /usr/local/cuda/bin/nvcc(11.3.109) at /usr/local/cuda/bin/nvcc.
[i 0727 04:41:25.165498 64 __init__.py:412] Found addr2line(2.34) at /usr/bin/addr2line.
[i 0727 04:41:25.446590 64 compiler.py:1012] cuda key:cu11.3.109_sm_86
[i 0727 04:41:25.949225 64 __init__.py:227] Total mem: 755.27GB, using 16 procs for compiling.
[i 0727 04:41:26.037979 64 jit_compiler.cc:28] Load cc_path: /usr/bin/g++
[i 0727 04:41:26.345748 64 init.cc:63] Found cuda archs: [86,]
[i 0727 04:41:27.923661 64 cuda_flags.cc:55] CUDA enabled.

Compiling Operators(15/15) used: 3.31s eta:    0s 

Compiling Operators(24/107) used: 2.31s eta: 7.99s Compiling Operators(29/107) used: 3.31s eta: 8.91s Compiling Operators(64/107) used: 4.31s eta:  2.9s Compiling Operators(82/107) used: 6.31s eta: 1.92s Compiling Operators(99/107) used: 7.31s eta: 0.591s Compiling Operators(103/107) used: 9.31s eta: 0.362s Compiling Operators(107/107) used: 10.3s eta:    0s 
{
  "jittor_version": "1.3.11.0",
  "use_cuda": true,
  "parameter_tensors": 137,
  "parameter_count": 565941,
  "gradient_tensors": 137,
  "output": {
    "shape": [
      4,
      1,
      128,
      128
    ],
    "minimum": 0.2112763524055481,
    "maximum": 0.31148916482925415,
    "mean": 0.2669599950313568
  },
  "loss_laplacian": 0.17685866355895996,
  "loss_intensity": 0.4130029082298279,
  "loss_sobel": 2.003981113433838,
  "loss_total": 3.8138680458068848
}
