[38;5;2m[i 0727 03:26:06.428884 24 compiler.py:955] Jittor(1.3.11.0) src: /root/autodl-tmp/envs/siba_jittor/lib/python3.8/site-packages/jittor[m
[38;5;2m[i 0727 03:26:06.431701 24 compiler.py:956] g++ at /usr/bin/g++(9.3.0)[m
[38;5;2m[i 0727 03:26:06.431759 24 compiler.py:957] cache_path: /root/autodl-tmp/.cache/jittor/.cache/jittor/jt1.3.11/g++9.3.0/py3.8.18/Linux-5.15.0-9xc8/IntelRXeonRPlaxf4/fe1b/default[m
[38;5;2m[i 0727 03:26:06.438939 24 __init__.py:412] Found /usr/local/cuda/bin/nvcc(11.3.109) at /usr/local/cuda/bin/nvcc.[m
[38;5;2m[i 0727 03:26:06.442201 24 __init__.py:412] Found addr2line(2.34) at /usr/bin/addr2line.[m
[38;5;2m[i 0727 03:26:07.563224 24 jit_compiler.cc:28] Load cc_path: /usr/bin/g++[m
[38;5;2m[i 0727 03:26:07.563246 24 jit_compiler.cc:31] Load nvcc_path: [m
[38;5;2m[i 0727 03:26:07.563268 24 parallel_compiler.cc:26] Load use_parallel_op_compiler: 0[m
[38;5;2m[i 0727 03:26:07.563292 24 cuda_flags.cc:19] Load use_cuda: 0[m
{
  "jittor_version": "1.3.11.0",
  "use_cuda": false,
  "parameter_tensors": 137,
  "parameter_count": 565941,
  "gradient_tensors": 137,
  "output": {
    "shape": [
      1,
      1,
      32,
      32
    ],
    "minimum": 0.06617420166730881,
    "maximum": 0.20191608369350433,
    "mean": 0.14391447603702545
  },
  "loss_laplacian": 0.17401646077632904,
  "loss_intensity": 0.5276340246200562,
  "loss_sobel": 1.94208562374115,
  "loss_total": 3.735013484954834
}
