[38;5;2m[i 0729 17:55:22.842968 04 compiler.py:955] Jittor(1.3.11.0) src: /root/autodl-tmp/envs/siba_jittor/lib/python3.8/site-packages/jittor[m
[38;5;2m[i 0729 17:55:22.847839 04 compiler.py:956] g++ at /usr/bin/g++(9.3.0)[m
[38;5;2m[i 0729 17:55:22.847890 04 compiler.py:957] cache_path: /root/autodl-tmp/.cache/jittor_gpu/.cache/jittor/jt1.3.11/g++9.3.0/py3.8.18/Linux-5.15.0-9xc8/IntelRXeonRPlaxf4/fe1b/default[m
[38;5;2m[i 0729 17:55:22.852628 04 __init__.py:412] Found nvcc(11.3.109) at /usr/local/cuda/bin/nvcc.[m
[38;5;2m[i 0729 17:55:22.856018 04 __init__.py:412] Found addr2line(2.34) at /usr/bin/addr2line.[m
[38;5;2m[i 0729 17:55:23.154277 04 compiler.py:1012] cuda key:cu11.3.109_sm_86[m
[38;5;2m[i 0729 17:55:23.493495 04 __init__.py:227] Total mem: 755.27GB, using 16 procs for compiling.[m
[38;5;2m[i 0729 17:55:23.585794 04 jit_compiler.cc:28] Load cc_path: /usr/bin/g++[m
[38;5;2m[i 0729 17:55:23.900148 04 init.cc:63] Found cuda archs: [86,][m
[38;5;2m[i 0729 17:55:28.250239 04 cuda_flags.cc:55] CUDA enabled.[m
[demo step 1/20] total=0.289332 laplacian=0.004869 intensity=0.223377 sobel=0.218304 elapsed=3.13s
[demo step 2/20] total=0.186625 laplacian=0.003216 intensity=0.247827 sobel=0.129686 elapsed=3.48s
[demo step 3/20] total=0.510602 laplacian=0.009287 intensity=0.301276 sobel=0.387605 elapsed=3.80s
[demo step 4/20] total=0.206405 laplacian=0.003761 intensity=0.134024 sobel=0.155389 elapsed=4.10s
[demo step 5/20] total=0.263497 laplacian=0.004695 intensity=0.172391 sobel=0.199308 elapsed=4.34s
[demo step 6/20] total=0.518527 laplacian=0.010364 intensity=0.266845 sobel=0.388203 elapsed=4.72s
[demo step 7/20] total=0.222528 laplacian=0.004189 intensity=0.150689 sobel=0.165565 elapsed=4.95s
[demo step 8/20] total=0.222410 laplacian=0.004143 intensity=0.202412 sobel=0.160740 elapsed=5.34s
[demo step 9/20] total=0.299385 laplacian=0.005801 intensity=0.207894 sobel=0.220584 elapsed=5.57s
[demo step 10/20] total=0.236376 laplacian=0.004330 intensity=0.203496 sobel=0.172725 elapsed=5.91s
[demo step 11/20] total=0.313017 laplacian=0.006963 intensity=0.142705 sobel=0.229115 elapsed=6.21s
[demo step 12/20] total=0.338260 laplacian=0.006631 intensity=0.330626 sobel=0.238889 elapsed=6.43s
[demo step 13/20] total=0.358764 laplacian=0.007238 intensity=0.210017 sobel=0.265383 elapsed=6.80s
[demo step 14/20] total=0.421991 laplacian=0.009123 intensity=0.226231 sobel=0.308140 elapsed=7.15s
[demo step 15/20] total=0.366093 laplacian=0.007235 intensity=0.278650 sobel=0.265877 elapsed=7.53s
[demo step 16/20] total=0.360605 laplacian=0.008191 intensity=0.214491 sobel=0.257243 elapsed=7.73s
[demo step 17/20] total=0.171948 laplacian=0.003883 intensity=0.180826 sobel=0.115036 elapsed=7.95s
[demo step 18/20] total=0.252096 laplacian=0.005592 intensity=0.160626 sobel=0.180110 elapsed=8.17s
[demo step 19/20] total=0.264438 laplacian=0.006544 intensity=0.137692 sobel=0.185224 elapsed=8.37s
[demo step 20/20] total=0.117717 laplacian=0.002992 intensity=0.102920 sobel=0.077506 elapsed=8.60s
{
  "purpose": "live demonstration only; not used for paper metrics",
  "uses_real_training_images": true,
  "ir_path": "/root/autodl-tmp/datasets/SIBA/train/ir",
  "vi_path": "/root/autodl-tmp/datasets/SIBA/train/vi",
  "steps": 20,
  "batch_size": 4,
  "patch_size": 128,
  "seed": 2025,
  "loaded_checkpoint": "/root/autodl-tmp/SIBA-Jittor/logs/demo_shared_initial/SIBA_seed2025_initial.pth",
  "saved_checkpoint": "/root/autodl-tmp/SIBA-Jittor/logs/demo_20260729_175522/SIBA_demo_step20.pkl"
}
