start_time=2026-07-27T09:55:58+08:00
2026/07/27 09:55:58.566, NVIDIA GeForce RTX 3090, 580.105.08, 24576 MiB
=== Self-trained PyTorch inference: M3FD_2x ===
{
  "framework": "pytorch",
  "framework_version": "1.10.0+cu111",
  "use_cuda": true,
  "warmup_runs": 10,
  "timing_mode": "synchronized",
  "skip_save": false,
  "checkpoint": "/root/autodl-tmp/SIBA-Jittor/checkpoints/pytorch_msrs_roadscene_60e_20260727_siba_official_protocol/07-27-06-00/SIBA_epoch60.pth",
  "checkpoint_sha256": "93ac201a9db903af19cb12f63cb3da06617449593a35b258ccaa26c5e42f2313",
  "data_dir": "/root/autodl-tmp/datasets/SIBA/test/M3FD_2x",
  "image_count": 300,
  "parameter_count": 565941,
  "total_model_seconds": 15.072221991606057,
  "mean_model_seconds": 0.050240739972020186,
  "model_fps": 19.904165435399932,
  "synchronized_fps": 19.904165435399932
}
=== Self-trained PyTorch inference: TNO ===
{
  "framework": "pytorch",
  "framework_version": "1.10.0+cu111",
  "use_cuda": true,
  "warmup_runs": 10,
  "timing_mode": "synchronized",
  "skip_save": false,
  "checkpoint": "/root/autodl-tmp/SIBA-Jittor/checkpoints/pytorch_msrs_roadscene_60e_20260727_siba_official_protocol/07-27-06-00/SIBA_epoch60.pth",
  "checkpoint_sha256": "93ac201a9db903af19cb12f63cb3da06617449593a35b258ccaa26c5e42f2313",
  "data_dir": "/root/autodl-tmp/datasets/SIBA/test/TNO",
  "image_count": 45,
  "parameter_count": 565941,
  "total_model_seconds": 3.6543660387396812,
  "mean_model_seconds": 0.08120813419421515,
  "model_fps": 12.314037379659869,
  "synchronized_fps": 12.314037379659869
}
=== Official-checkpoint jittor MSRS ===
[38;5;2m[i 0727 09:56:58.987732 68 compiler.py:955] Jittor(1.3.11.0) src: /root/autodl-tmp/envs/siba_jittor/lib/python3.8/site-packages/jittor[m
[38;5;2m[i 0727 09:56:58.990324 68 compiler.py:956] g++ at /usr/bin/g++(9.3.0)[m
[38;5;2m[i 0727 09:56:58.990375 68 compiler.py:957] cache_path: /root/autodl-tmp/.cache/jittor_gpu/.cache/jittor/jt1.3.11/g++9.3.0/py3.8.18/Linux-5.15.0-9xc8/IntelRXeonRPlaxf4/fe1b/default[m
[38;5;2m[i 0727 09:56:58.995257 68 __init__.py:412] Found nvcc(11.3.109) at /usr/local/cuda/bin/nvcc.[m
[38;5;2m[i 0727 09:56:58.999239 68 __init__.py:412] Found addr2line(2.34) at /usr/bin/addr2line.[m
[38;5;2m[i 0727 09:56:59.207988 68 compiler.py:1012] cuda key:cu11.3.109_sm_86[m
[38;5;2m[i 0727 09:56:59.585312 68 __init__.py:227] Total mem: 755.27GB, using 16 procs for compiling.[m
[38;5;2m[i 0727 09:56:59.678288 68 jit_compiler.cc:28] Load cc_path: /usr/bin/g++[m
[38;5;2m[i 0727 09:56:59.894476 68 init.cc:63] Found cuda archs: [86,][m
[38;5;2m[i 0727 09:57:01.521446 68 cuda_flags.cc:55] CUDA enabled.[m
{
  "framework": "jittor",
  "framework_version": "1.3.11.0",
  "use_cuda": true,
  "warmup_runs": 10,
  "timing_mode": "synchronized",
  "skip_save": false,
  "checkpoint": "/root/autodl-tmp/SIBA-Jittor/official_pytorch/checkpoint/SIBA_epoch60.pth",
  "checkpoint_sha256": "c93d70653eddbbaa7ad4b53ccb9034e02e4fb39434e8f7187a06a5d8ee43ba54",
  "data_dir": "/root/autodl-tmp/datasets/SIBA/test/MSRS",
  "image_count": 361,
  "parameter_count": 565941,
  "total_model_seconds": 39.68033599015325,
  "mean_model_seconds": 0.10991782822757133,
  "model_fps": 9.09770522330211,
  "synchronized_fps": 9.09770522330211
}
=== Official-checkpoint jittor M3FD_2x ===
[38;5;2m[i 0727 09:58:41.358302 20 compiler.py:955] Jittor(1.3.11.0) src: /root/autodl-tmp/envs/siba_jittor/lib/python3.8/site-packages/jittor[m
[38;5;2m[i 0727 09:58:41.362508 20 compiler.py:956] g++ at /usr/bin/g++(9.3.0)[m
[38;5;2m[i 0727 09:58:41.362561 20 compiler.py:957] cache_path: /root/autodl-tmp/.cache/jittor_gpu/.cache/jittor/jt1.3.11/g++9.3.0/py3.8.18/Linux-5.15.0-9xc8/IntelRXeonRPlaxf4/fe1b/default[m
[38;5;2m[i 0727 09:58:41.365730 20 __init__.py:412] Found nvcc(11.3.109) at /usr/local/cuda/bin/nvcc.[m
[38;5;2m[i 0727 09:58:41.368935 20 __init__.py:412] Found addr2line(2.34) at /usr/bin/addr2line.[m
[38;5;2m[i 0727 09:58:41.577039 20 compiler.py:1012] cuda key:cu11.3.109_sm_86[m
[38;5;2m[i 0727 09:58:41.944697 20 __init__.py:227] Total mem: 755.27GB, using 16 procs for compiling.[m
[38;5;2m[i 0727 09:58:42.038957 20 jit_compiler.cc:28] Load cc_path: /usr/bin/g++[m
[38;5;2m[i 0727 09:58:42.250414 20 init.cc:63] Found cuda archs: [86,][m
[38;5;2m[i 0727 09:58:43.923280 20 cuda_flags.cc:55] CUDA enabled.[m
[38;5;3m[w 0727 09:59:29.530834 20 cudnn_conv__Tx_float32__Ty_float32__Tw_float32__XFORMAT_abcd__WFORMAT_oihw__YFORMAT_abcd_____hash_4d5b3e2d24c769d3_op.cc:214] forward_ algorithm cache is full[m
{
  "framework": "jittor",
  "framework_version": "1.3.11.0",
  "use_cuda": true,
  "warmup_runs": 10,
  "timing_mode": "synchronized",
  "skip_save": false,
  "checkpoint": "/root/autodl-tmp/SIBA-Jittor/official_pytorch/checkpoint/SIBA_epoch60.pth",
  "checkpoint_sha256": "c93d70653eddbbaa7ad4b53ccb9034e02e4fb39434e8f7187a06a5d8ee43ba54",
  "data_dir": "/root/autodl-tmp/datasets/SIBA/test/M3FD_2x",
  "image_count": 300,
  "parameter_count": 565941,
  "total_model_seconds": 23.745208714157343,
  "mean_model_seconds": 0.07915069571385781,
  "model_fps": 12.634127735467507,
  "synchronized_fps": 12.634127735467507
}
=== Official-checkpoint jittor TNO ===
[38;5;2m[i 0727 09:59:37.111993 00 compiler.py:955] Jittor(1.3.11.0) src: /root/autodl-tmp/envs/siba_jittor/lib/python3.8/site-packages/jittor[m
[38;5;2m[i 0727 09:59:37.114635 00 compiler.py:956] g++ at /usr/bin/g++(9.3.0)[m
[38;5;2m[i 0727 09:59:37.114687 00 compiler.py:957] cache_path: /root/autodl-tmp/.cache/jittor_gpu/.cache/jittor/jt1.3.11/g++9.3.0/py3.8.18/Linux-5.15.0-9xc8/IntelRXeonRPlaxf4/fe1b/default[m
[38;5;2m[i 0727 09:59:37.117530 00 __init__.py:412] Found nvcc(11.3.109) at /usr/local/cuda/bin/nvcc.[m
[38;5;2m[i 0727 09:59:37.121515 00 __init__.py:412] Found addr2line(2.34) at /usr/bin/addr2line.[m
[38;5;2m[i 0727 09:59:37.328319 00 compiler.py:1012] cuda key:cu11.3.109_sm_86[m
[38;5;2m[i 0727 09:59:37.705791 00 __init__.py:227] Total mem: 755.27GB, using 16 procs for compiling.[m
[38;5;2m[i 0727 09:59:37.798642 00 jit_compiler.cc:28] Load cc_path: /usr/bin/g++[m
[38;5;2m[i 0727 09:59:38.005764 00 init.cc:63] Found cuda archs: [86,][m
[38;5;2m[i 0727 09:59:39.644206 00 cuda_flags.cc:55] CUDA enabled.[m
[38;5;3m[w 0727 09:59:46.992616 00 cudnn_conv__Tx_float32__Ty_float32__Tw_float32__XFORMAT_abcd__WFORMAT_oihw__YFORMAT_abcd_____hash_4d5b3e2d24c769d3_op.cc:214] forward_ algorithm cache is full[m
{
  "framework": "jittor",
  "framework_version": "1.3.11.0",
  "use_cuda": true,
  "warmup_runs": 10,
  "timing_mode": "synchronized",
  "skip_save": false,
  "checkpoint": "/root/autodl-tmp/SIBA-Jittor/official_pytorch/checkpoint/SIBA_epoch60.pth",
  "checkpoint_sha256": "c93d70653eddbbaa7ad4b53ccb9034e02e4fb39434e8f7187a06a5d8ee43ba54",
  "data_dir": "/root/autodl-tmp/datasets/SIBA/test/TNO",
  "image_count": 45,
  "parameter_count": 565941,
  "total_model_seconds": 6.517813799902797,
  "mean_model_seconds": 0.1448403066645066,
  "model_fps": 6.904155500832366,
  "synchronized_fps": 6.904155500832366
}
=== Official-checkpoint pytorch MSRS ===
{
  "framework": "pytorch",
  "framework_version": "1.10.0+cu111",
  "use_cuda": true,
  "warmup_runs": 10,
  "timing_mode": "synchronized",
  "skip_save": false,
  "checkpoint": "/root/autodl-tmp/SIBA-Jittor/official_pytorch/checkpoint/SIBA_epoch60.pth",
  "checkpoint_sha256": "c93d70653eddbbaa7ad4b53ccb9034e02e4fb39434e8f7187a06a5d8ee43ba54",
  "data_dir": "/root/autodl-tmp/datasets/SIBA/test/MSRS",
  "image_count": 361,
  "parameter_count": 565941,
  "total_model_seconds": 30.184922163374722,
  "mean_model_seconds": 0.08361474283483303,
  "model_fps": 11.959613413813077,
  "synchronized_fps": 11.959613413813077
}
=== Official-checkpoint pytorch M3FD_2x ===
{
  "framework": "pytorch",
  "framework_version": "1.10.0+cu111",
  "use_cuda": true,
  "warmup_runs": 10,
  "timing_mode": "synchronized",
  "skip_save": false,
  "checkpoint": "/root/autodl-tmp/SIBA-Jittor/official_pytorch/checkpoint/SIBA_epoch60.pth",
  "checkpoint_sha256": "c93d70653eddbbaa7ad4b53ccb9034e02e4fb39434e8f7187a06a5d8ee43ba54",
  "data_dir": "/root/autodl-tmp/datasets/SIBA/test/M3FD_2x",
  "image_count": 300,
  "parameter_count": 565941,
  "total_model_seconds": 15.131600550375879,
  "mean_model_seconds": 0.05043866850125293,
  "model_fps": 19.826058651313513,
  "synchronized_fps": 19.826058651313513
}
=== Official-checkpoint pytorch TNO ===
{
  "framework": "pytorch",
  "framework_version": "1.10.0+cu111",
  "use_cuda": true,
  "warmup_runs": 10,
  "timing_mode": "synchronized",
  "skip_save": false,
  "checkpoint": "/root/autodl-tmp/SIBA-Jittor/official_pytorch/checkpoint/SIBA_epoch60.pth",
  "checkpoint_sha256": "c93d70653eddbbaa7ad4b53ccb9034e02e4fb39434e8f7187a06a5d8ee43ba54",
  "data_dir": "/root/autodl-tmp/datasets/SIBA/test/TNO",
  "image_count": 45,
  "parameter_count": 565941,
  "total_model_seconds": 3.663974872790277,
  "mean_model_seconds": 0.08142166383978393,
  "model_fps": 12.281743615160366,
  "synchronized_fps": 12.281743615160366
}
=== Official unsynchronized timing: jittor MSRS ===
[38;5;2m[i 0727 10:02:26.912994 36 compiler.py:955] Jittor(1.3.11.0) src: /root/autodl-tmp/envs/siba_jittor/lib/python3.8/site-packages/jittor[m
[38;5;2m[i 0727 10:02:26.915532 36 compiler.py:956] g++ at /usr/bin/g++(9.3.0)[m
[38;5;2m[i 0727 10:02:26.915586 36 compiler.py:957] cache_path: /root/autodl-tmp/.cache/jittor_gpu/.cache/jittor/jt1.3.11/g++9.3.0/py3.8.18/Linux-5.15.0-9xc8/IntelRXeonRPlaxf4/fe1b/default[m
[38;5;2m[i 0727 10:02:26.919277 36 __init__.py:412] Found nvcc(11.3.109) at /usr/local/cuda/bin/nvcc.[m
[38;5;2m[i 0727 10:02:26.923490 36 __init__.py:412] Found addr2line(2.34) at /usr/bin/addr2line.[m
[38;5;2m[i 0727 10:02:27.108277 36 compiler.py:1012] cuda key:cu11.3.109_sm_86[m
[38;5;2m[i 0727 10:02:27.485285 36 __init__.py:227] Total mem: 755.27GB, using 16 procs for compiling.[m
[38;5;2m[i 0727 10:02:27.578500 36 jit_compiler.cc:28] Load cc_path: /usr/bin/g++[m
[38;5;2m[i 0727 10:02:27.795107 36 init.cc:63] Found cuda archs: [86,][m
[38;5;2m[i 0727 10:02:29.380484 36 cuda_flags.cc:55] CUDA enabled.[m
{
  "framework": "jittor",
  "framework_version": "1.3.11.0",
  "use_cuda": true,
  "warmup_runs": 0,
  "timing_mode": "official",
  "skip_save": true,
  "checkpoint": "/root/autodl-tmp/SIBA-Jittor/official_pytorch/checkpoint/SIBA_epoch60.pth",
  "checkpoint_sha256": "c93d70653eddbbaa7ad4b53ccb9034e02e4fb39434e8f7187a06a5d8ee43ba54",
  "data_dir": "/root/autodl-tmp/datasets/SIBA/test/MSRS",
  "image_count": 361,
  "parameter_count": 565941,
  "total_model_seconds": 0.9865741664543748,
  "mean_model_seconds": 0.0027328924278514537,
  "model_fps": 365.91268277111817,
  "official_unsynchronized_fps": 365.91268277111817
}
=== Official unsynchronized timing: jittor M3FD_2x ===
[38;5;2m[i 0727 10:03:20.523035 96 compiler.py:955] Jittor(1.3.11.0) src: /root/autodl-tmp/envs/siba_jittor/lib/python3.8/site-packages/jittor[m
[38;5;2m[i 0727 10:03:20.525304 96 compiler.py:956] g++ at /usr/bin/g++(9.3.0)[m
[38;5;2m[i 0727 10:03:20.525357 96 compiler.py:957] cache_path: /root/autodl-tmp/.cache/jittor_gpu/.cache/jittor/jt1.3.11/g++9.3.0/py3.8.18/Linux-5.15.0-9xc8/IntelRXeonRPlaxf4/fe1b/default[m
[38;5;2m[i 0727 10:03:20.530706 96 __init__.py:412] Found nvcc(11.3.109) at /usr/local/cuda/bin/nvcc.[m
[38;5;2m[i 0727 10:03:20.533269 96 __init__.py:412] Found addr2line(2.34) at /usr/bin/addr2line.[m
[38;5;2m[i 0727 10:03:20.737762 96 compiler.py:1012] cuda key:cu11.3.109_sm_86[m
[38;5;2m[i 0727 10:03:21.089198 96 __init__.py:227] Total mem: 755.27GB, using 16 procs for compiling.[m
[38;5;2m[i 0727 10:03:21.181323 96 jit_compiler.cc:28] Load cc_path: /usr/bin/g++[m
[38;5;2m[i 0727 10:03:21.398492 96 init.cc:63] Found cuda archs: [86,][m
[38;5;2m[i 0727 10:03:22.967567 96 cuda_flags.cc:55] CUDA enabled.[m
[38;5;3m[w 0727 10:03:48.981954 96 cudnn_conv__Tx_float32__Ty_float32__Tw_float32__XFORMAT_abcd__WFORMAT_oihw__YFORMAT_abcd_____hash_4d5b3e2d24c769d3_op.cc:214] forward_ algorithm cache is full[m
{
  "framework": "jittor",
  "framework_version": "1.3.11.0",
  "use_cuda": true,
  "warmup_runs": 0,
  "timing_mode": "official",
  "skip_save": true,
  "checkpoint": "/root/autodl-tmp/SIBA-Jittor/official_pytorch/checkpoint/SIBA_epoch60.pth",
  "checkpoint_sha256": "c93d70653eddbbaa7ad4b53ccb9034e02e4fb39434e8f7187a06a5d8ee43ba54",
  "data_dir": "/root/autodl-tmp/datasets/SIBA/test/M3FD_2x",
  "image_count": 300,
  "parameter_count": 565941,
  "total_model_seconds": 0.8090894324705005,
  "mean_model_seconds": 0.002696964774901668,
  "model_fps": 370.78719355407975,
  "official_unsynchronized_fps": 370.78719355407975
}
=== Official unsynchronized timing: jittor TNO ===
[38;5;2m[i 0727 10:03:53.904383 04 compiler.py:955] Jittor(1.3.11.0) src: /root/autodl-tmp/envs/siba_jittor/lib/python3.8/site-packages/jittor[m
[38;5;2m[i 0727 10:03:53.906466 04 compiler.py:956] g++ at /usr/bin/g++(9.3.0)[m
[38;5;2m[i 0727 10:03:53.906519 04 compiler.py:957] cache_path: /root/autodl-tmp/.cache/jittor_gpu/.cache/jittor/jt1.3.11/g++9.3.0/py3.8.18/Linux-5.15.0-9xc8/IntelRXeonRPlaxf4/fe1b/default[m
[38;5;2m[i 0727 10:03:53.911102 04 __init__.py:412] Found nvcc(11.3.109) at /usr/local/cuda/bin/nvcc.[m
[38;5;2m[i 0727 10:03:53.915285 04 __init__.py:412] Found addr2line(2.34) at /usr/bin/addr2line.[m
[38;5;2m[i 0727 10:03:54.103609 04 compiler.py:1012] cuda key:cu11.3.109_sm_86[m
[38;5;2m[i 0727 10:03:54.522087 04 __init__.py:227] Total mem: 755.27GB, using 16 procs for compiling.[m
[38;5;2m[i 0727 10:03:54.609065 04 jit_compiler.cc:28] Load cc_path: /usr/bin/g++[m
[38;5;2m[i 0727 10:03:54.804503 04 init.cc:63] Found cuda archs: [86,][m
[38;5;2m[i 0727 10:03:56.402324 04 cuda_flags.cc:55] CUDA enabled.[m
[38;5;3m[w 0727 10:04:01.229092 04 cudnn_conv__Tx_float32__Ty_float32__Tw_float32__XFORMAT_abcd__WFORMAT_oihw__YFORMAT_abcd_____hash_4d5b3e2d24c769d3_op.cc:214] forward_ algorithm cache is full[m
{
  "framework": "jittor",
  "framework_version": "1.3.11.0",
  "use_cuda": true,
  "warmup_runs": 0,
  "timing_mode": "official",
  "skip_save": true,
  "checkpoint": "/root/autodl-tmp/SIBA-Jittor/official_pytorch/checkpoint/SIBA_epoch60.pth",
  "checkpoint_sha256": "c93d70653eddbbaa7ad4b53ccb9034e02e4fb39434e8f7187a06a5d8ee43ba54",
  "data_dir": "/root/autodl-tmp/datasets/SIBA/test/TNO",
  "image_count": 45,
  "parameter_count": 565941,
  "total_model_seconds": 0.1570505117997527,
  "mean_model_seconds": 0.003490011373327838,
  "model_fps": 286.53201752934916,
  "official_unsynchronized_fps": 286.53201752934916
}
=== Official unsynchronized timing: pytorch MSRS ===
{
  "framework": "pytorch",
  "framework_version": "1.10.0+cu111",
  "use_cuda": true,
  "warmup_runs": 0,
  "timing_mode": "official",
  "skip_save": true,
  "checkpoint": "/root/autodl-tmp/SIBA-Jittor/official_pytorch/checkpoint/SIBA_epoch60.pth",
  "checkpoint_sha256": "c93d70653eddbbaa7ad4b53ccb9034e02e4fb39434e8f7187a06a5d8ee43ba54",
  "data_dir": "/root/autodl-tmp/datasets/SIBA/test/MSRS",
  "image_count": 361,
  "parameter_count": 565941,
  "total_model_seconds": 2.740386043675244,
  "mean_model_seconds": 0.007591097073892643,
  "model_fps": 131.7332646738516,
  "official_unsynchronized_fps": 131.7332646738516
}
=== Official unsynchronized timing: pytorch M3FD_2x ===
{
  "framework": "pytorch",
  "framework_version": "1.10.0+cu111",
  "use_cuda": true,
  "warmup_runs": 0,
  "timing_mode": "official",
  "skip_save": true,
  "checkpoint": "/root/autodl-tmp/SIBA-Jittor/official_pytorch/checkpoint/SIBA_epoch60.pth",
  "checkpoint_sha256": "c93d70653eddbbaa7ad4b53ccb9034e02e4fb39434e8f7187a06a5d8ee43ba54",
  "data_dir": "/root/autodl-tmp/datasets/SIBA/test/M3FD_2x",
  "image_count": 300,
  "parameter_count": 565941,
  "total_model_seconds": 2.247860064730048,
  "mean_model_seconds": 0.007492866882433494,
  "model_fps": 133.46026503479337,
  "official_unsynchronized_fps": 133.46026503479337
}
=== Official unsynchronized timing: pytorch TNO ===
{
  "framework": "pytorch",
  "framework_version": "1.10.0+cu111",
  "use_cuda": true,
  "warmup_runs": 0,
  "timing_mode": "official",
  "skip_save": true,
  "checkpoint": "/root/autodl-tmp/SIBA-Jittor/official_pytorch/checkpoint/SIBA_epoch60.pth",
  "checkpoint_sha256": "c93d70653eddbbaa7ad4b53ccb9034e02e4fb39434e8f7187a06a5d8ee43ba54",
  "data_dir": "/root/autodl-tmp/datasets/SIBA/test/TNO",
  "image_count": 45,
  "parameter_count": 565941,
  "total_model_seconds": 0.42505923099815845,
  "mean_model_seconds": 0.009445760688847966,
  "model_fps": 105.86759848580952,
  "official_unsynchronized_fps": 105.86759848580952
}
{
  "reference": "/root/autodl-tmp/SIBA-Jittor/results/official_checkpoint_alignment_20260727_siba_official_protocol/pytorch/MSRS",
  "candidate": "/root/autodl-tmp/SIBA-Jittor/results/official_checkpoint_alignment_20260727_siba_official_protocol/jittor/MSRS",
  "reference_images": 361,
  "candidate_images": 361,
  "compared_images": 361,
  "reference_only": [],
  "candidate_only": [],
  "shape_mismatches": [],
  "global_max_abs_uint8": 1,
  "global_mean_abs_uint8": 0.002843669446368113,
  "different_value_fraction": 0.002843669446368113,
  "all_filenames_and_shapes_match": true
}
{
  "reference": "/root/autodl-tmp/SIBA-Jittor/results/official_checkpoint_alignment_20260727_siba_official_protocol/pytorch/M3FD_2x",
  "candidate": "/root/autodl-tmp/SIBA-Jittor/results/official_checkpoint_alignment_20260727_siba_official_protocol/jittor/M3FD_2x",
  "reference_images": 300,
  "candidate_images": 300,
  "compared_images": 300,
  "reference_only": [],
  "candidate_only": [],
  "shape_mismatches": [],
  "global_max_abs_uint8": 1,
  "global_mean_abs_uint8": 0.024743071166070107,
  "different_value_fraction": 0.024743071166070107,
  "all_filenames_and_shapes_match": true
}
{
  "reference": "/root/autodl-tmp/SIBA-Jittor/results/official_checkpoint_alignment_20260727_siba_official_protocol/pytorch/TNO",
  "candidate": "/root/autodl-tmp/SIBA-Jittor/results/official_checkpoint_alignment_20260727_siba_official_protocol/jittor/TNO",
  "reference_images": 45,
  "candidate_images": 45,
  "compared_images": 45,
  "reference_only": [],
  "candidate_only": [],
  "shape_mismatches": [],
  "global_max_abs_uint8": 1,
  "global_mean_abs_uint8": 0.008849608642513669,
  "different_value_fraction": 0.008849608642513669,
  "all_filenames_and_shapes_match": true
}
2026/07/27 10:05:39.058, 0, 0, 28.72
end_time=2026-07-27T10:05:39+08:00
