run_tag=20260727_siba_official_protocol
start_time=2026-07-27T04:52:38+08:00
official_commit=880a1ddf9eaa610c64e5f25f87fbb146448addc9
training_pairs=1283
Mon Jul 27 04:52:38 2026       
+-----------------------------------------------------------------------------------------+
| NVIDIA-SMI 580.105.08             Driver Version: 580.105.08     CUDA Version: 13.0     |
+-----------------------------------------+------------------------+----------------------+
| GPU  Name                 Persistence-M | Bus-Id          Disp.A | Volatile Uncorr. ECC |
| Fan  Temp   Perf          Pwr:Usage/Cap |           Memory-Usage | GPU-Util  Compute M. |
|                                         |                        |               MIG M. |
|=========================================+========================+======================|
|   0  NVIDIA GeForce RTX 3090        On  |   00000000:4F:00.0 Off |                  N/A |
| 30%   28C    P8             22W /  350W |       0MiB /  24576MiB |      0%      Default |
|                                         |                        |                  N/A |
+-----------------------------------------+------------------------+----------------------+

+-----------------------------------------------------------------------------------------+
| Processes:                                                                              |
|  GPU   GI   CI              PID   Type   Process name                        GPU Memory |
|        ID   ID                                                               Usage      |
|=========================================================================================|
|  No running processes found                                                             |
+-----------------------------------------------------------------------------------------+
=== Jittor 60-epoch full training ===
[38;5;2m[i 0727 04:52:38.814315 36 compiler.py:955] Jittor(1.3.11.0) src: /root/autodl-tmp/envs/siba_jittor/lib/python3.8/site-packages/jittor[m
[38;5;2m[i 0727 04:52:38.817542 36 compiler.py:956] g++ at /usr/bin/g++(9.3.0)[m
[38;5;2m[i 0727 04:52:38.817592 36 compiler.py:957] cache_path: /root/autodl-tmp/.cache/jittor_gpu/.cache/jittor/jt1.3.11/g++9.3.0/py3.8.18/Linux-5.15.0-9xc8/IntelRXeonRPlaxf4/fe1b/default[m
[38;5;2m[i 0727 04:52:38.820876 36 __init__.py:412] Found nvcc(11.3.109) at /usr/local/cuda/bin/nvcc.[m
[38;5;2m[i 0727 04:52:38.823751 36 __init__.py:412] Found addr2line(2.34) at /usr/bin/addr2line.[m
[38;5;2m[i 0727 04:52:39.107548 36 compiler.py:1012] cuda key:cu11.3.109_sm_86[m
[38;5;2m[i 0727 04:52:39.457550 36 __init__.py:227] Total mem: 755.27GB, using 16 procs for compiling.[m
[38;5;2m[i 0727 04:52:39.544804 36 jit_compiler.cc:28] Load cc_path: /usr/bin/g++[m
[38;5;2m[i 0727 04:52:39.890694 36 init.cc:63] Found cuda archs: [86,][m
[38;5;2m[i 0727 04:52:41.563068 36 cuda_flags.cc:55] CUDA enabled.[m
[Epoch 0/60] [lr 0.0001] [loss: 0.295] ETA: 0:26:32.228279

Compiling Operators(26/26) used: 3.31s eta:    0s 
[Epoch 0/60] [lr 0.0001] [loss: 0.1345] ETA: 1:08:23.208668
[Epoch 0/60] [lr 0.0001] [loss: 0.1297] ETA: 1:08:02.766762
[Epoch 0/60] [lr 0.0001] [loss: 0.1662] ETA: 1:04:55.492079
[Epoch 0/60] [lr 0.0001] [loss: 0.2081] ETA: 1:01:06.311994
[Epoch 0/60] [lr 0.0001] [loss: 0.1648] ETA: 1:04:56.346037
[Epoch 0/60] [lr 0.0001] [loss: 0.1327] ETA: 1:01:40.557404
[Epoch 1/60] [lr 0.0001] [loss: 0.2151] ETA: 1 day, 10:02:32.014980
[Epoch 1/60] [lr 0.0001] [loss: 0.1031] ETA: 1:07:40.246192
[Epoch 1/60] [lr 0.0001] [loss: 0.1506] ETA: 1:07:52.324691
[Epoch 1/60] [lr 0.0001] [loss: 0.1327] ETA: 1:04:59.339813
[Epoch 1/60] [lr 0.0001] [loss: 0.1772] ETA: 1:04:03.517450
[Epoch 1/60] [lr 0.0001] [loss: 0.1332] ETA: 1:04:13.763212
[Epoch 1/60] [lr 0.0001] [loss: 0.113] ETA: 1:03:09.753074
[Epoch 2/60] [lr 0.0001] [loss: 0.2023] ETA: 0:55:19.108212
[Epoch 2/60] [lr 0.0001] [loss: 0.1092] ETA: 1:07:00.849352
[Epoch 2/60] [lr 0.0001] [loss: 0.1409] ETA: 1:03:40.970180
[Epoch 2/60] [lr 0.0001] [loss: 0.1104] ETA: 1:05:58.580300
[Epoch 2/60] [lr 0.0001] [loss: 0.1132] ETA: 1:06:50.815045
[Epoch 2/60] [lr 0.0001] [loss: 0.1637] ETA: 1:06:17.899002
[Epoch 2/60] [lr 0.0001] [loss: 0.1556] ETA: 1:06:16.753080
[Epoch 3/60] [lr 0.0001] [loss: 0.0586] ETA: 0:53:59.594989
[Epoch 3/60] [lr 0.0001] [loss: 0.0758] ETA: 1:05:27.606122
[Epoch 3/60] [lr 0.0001] [loss: 0.1721] ETA: 1:02:53.161250
[Epoch 3/60] [lr 0.0001] [loss: 0.1571] ETA: 1:05:30.063699
[Epoch 3/60] [lr 0.0001] [loss: 0.1938] ETA: 0:55:31.798503
[Epoch 3/60] [lr 0.0001] [loss: 0.2018] ETA: 1:06:06.541197
[Epoch 3/60] [lr 0.0001] [loss: 0.1424] ETA: 1:05:48.922406
[Epoch 4/60] [lr 0.0001] [loss: 0.0689] ETA: 0:52:55.911261
[Epoch 4/60] [lr 0.0001] [loss: 0.0876] ETA: 0:58:10.619637
[Epoch 4/60] [lr 0.0001] [loss: 0.1587] ETA: 1:00:17.023569
[Epoch 4/60] [lr 0.0001] [loss: 0.1496] ETA: 1:03:57.416526
[Epoch 4/60] [lr 0.0001] [loss: 0.1361] ETA: 1:00:13.941311
[Epoch 4/60] [lr 0.0001] [loss: 0.1179] ETA: 1:04:19.922309
[Epoch 4/60] [lr 0.0001] [loss: 0.2046] ETA: 1:00:52.792088
[Epoch 5/60] [lr 0.0001] [loss: 0.0867] ETA: 0:48:41.114051
[Epoch 5/60] [lr 0.0001] [loss: 0.1189] ETA: 1:02:21.760941
[Epoch 5/60] [lr 0.0001] [loss: 0.1541] ETA: 1:03:25.898439
[Epoch 5/60] [lr 0.0001] [loss: 0.1139] ETA: 1:02:22.831117
[Epoch 5/60] [lr 0.0001] [loss: 0.0576] ETA: 1:02:43.264947
[Epoch 5/60] [lr 0.0001] [loss: 0.1285] ETA: 0:59:12.051572
[Epoch 5/60] [lr 0.0001] [loss: 0.0854] ETA: 1:01:38.767658
[Epoch 6/60] [lr 0.0001] [loss: 0.0875] ETA: 0:47:22.334391
[Epoch 6/60] [lr 0.0001] [loss: 0.1502] ETA: 1:01:44.668551
[Epoch 6/60] [lr 0.0001] [loss: 0.0828] ETA: 0:58:35.283955
[Epoch 6/60] [lr 0.0001] [loss: 0.0982] ETA: 1:02:44.948822
[Epoch 6/60] [lr 0.0001] [loss: 0.1498] ETA: 0:57:08.455268
[Epoch 6/60] [lr 0.0001] [loss: 0.1235] ETA: 0:58:22.426427
[Epoch 6/60] [lr 0.0001] [loss: 0.1058] ETA: 1:01:29.437501
[Epoch 7/60] [lr 0.0001] [loss: 0.1747] ETA: 0:43:56.373631
[Epoch 7/60] [lr 0.0001] [loss: 0.1575] ETA: 1:01:25.545226
[Epoch 7/60] [lr 0.0001] [loss: 0.1373] ETA: 0:53:37.588021
[Epoch 7/60] [lr 0.0001] [loss: 0.126] ETA: 0:54:07.922552
[Epoch 7/60] [lr 0.0001] [loss: 0.0972] ETA: 1:00:37.473829
[Epoch 7/60] [lr 0.0001] [loss: 0.0609] ETA: 0:57:25.014427
[Epoch 7/60] [lr 0.0001] [loss: 0.1609] ETA: 0:51:05.927851
[Epoch 8/60] [lr 0.0001] [loss: 0.0977] ETA: 0:49:22.356577
[Epoch 8/60] [lr 0.0001] [loss: 0.0803] ETA: 0:55:47.434148
[Epoch 8/60] [lr 0.0001] [loss: 0.1624] ETA: 0:57:09.192032
[Epoch 8/60] [lr 0.0001] [loss: 0.1906] ETA: 0:59:33.641250
[Epoch 8/60] [lr 0.0001] [loss: 0.1222] ETA: 0:56:27.287560
[Epoch 8/60] [lr 0.0001] [loss: 0.0888] ETA: 0:49:57.209529
[Epoch 8/60] [lr 0.0001] [loss: 0.183] ETA: 0:59:14.316690
[Epoch 9/60] [lr 0.0001] [loss: 0.1762] ETA: 0:49:14.700585
[Epoch 9/60] [lr 0.0001] [loss: 0.1977] ETA: 0:53:19.380675
[Epoch 9/60] [lr 0.0001] [loss: 0.0932] ETA: 0:58:51.734279
[Epoch 9/60] [lr 0.0001] [loss: 0.1161] ETA: 0:59:05.744865
[Epoch 9/60] [lr 0.0001] [loss: 0.1262] ETA: 0:55:54.838329
[Epoch 9/60] [lr 0.0001] [loss: 0.1372] ETA: 0:58:48.421271
[Epoch 9/60] [lr 0.0001] [loss: 0.1399] ETA: 0:57:44.781377
[Epoch 10/60] [lr 0.0001] [loss: 0.1567] ETA: 0:47:47.878139
[Epoch 10/60] [lr 0.0001] [loss: 0.1551] ETA: 0:57:35.650330
[Epoch 10/60] [lr 0.0001] [loss: 0.1534] ETA: 0:57:55.030255
[Epoch 10/60] [lr 0.0001] [loss: 0.1448] ETA: 0:57:44.925241
[Epoch 10/60] [lr 0.0001] [loss: 0.1559] ETA: 0:57:29.082625
[Epoch 10/60] [lr 0.0001] [loss: 0.1967] ETA: 0:57:39.199572
[Epoch 10/60] [lr 0.0001] [loss: 0.122] ETA: 0:56:50.596669
[Epoch 11/60] [lr 0.0001] [loss: 0.1181] ETA: 0:47:25.677631
[Epoch 11/60] [lr 0.0001] [loss: 0.1246] ETA: 0:54:21.040486
[Epoch 11/60] [lr 0.0001] [loss: 0.0813] ETA: 0:54:01.373928
[Epoch 11/60] [lr 0.0001] [loss: 0.0943] ETA: 0:56:19.766539
[Epoch 11/60] [lr 0.0001] [loss: 0.1517] ETA: 0:53:26.935557
[Epoch 11/60] [lr 0.0001] [loss: 0.1297] ETA: 0:43:45.242244
[Epoch 11/60] [lr 0.0001] [loss: 0.1388] ETA: 0:52:44.326962
[Epoch 12/60] [lr 0.0001] [loss: 0.0732] ETA: 0:42:29.938362
[Epoch 12/60] [lr 0.0001] [loss: 0.0948] ETA: 0:51:41.757938
[Epoch 12/60] [lr 0.0001] [loss: 0.1139] ETA: 0:52:56.497301
[Epoch 12/60] [lr 0.0001] [loss: 0.1403] ETA: 0:54:58.654006
[Epoch 12/60] [lr 0.0001] [loss: 0.1688] ETA: 0:52:23.146833
[Epoch 12/60] [lr 0.0001] [loss: 0.2202] ETA: 0:52:58.023473
[Epoch 12/60] [lr 0.0001] [loss: 0.0961] ETA: 0:53:52.596708
[Epoch 13/60] [lr 0.0001] [loss: 0.0579] ETA: 0:41:15.308057
[Epoch 13/60] [lr 0.0001] [loss: 0.1037] ETA: 0:51:17.916052
[Epoch 13/60] [lr 0.0001] [loss: 0.0624] ETA: 0:53:13.732621
[Epoch 13/60] [lr 0.0001] [loss: 0.1075] ETA: 0:54:11.475139
[Epoch 13/60] [lr 0.0001] [loss: 0.0778] ETA: 0:52:50.772160
[Epoch 13/60] [lr 0.0001] [loss: 0.1698] ETA: 0:53:12.773047
[Epoch 13/60] [lr 0.0001] [loss: 0.0954] ETA: 0:52:41.939379
[Epoch 14/60] [lr 0.0001] [loss: 0.1691] ETA: 0:40:08.352264
[Epoch 14/60] [lr 0.0001] [loss: 0.146] ETA: 0:47:38.767017
[Epoch 14/60] [lr 0.0001] [loss: 0.1184] ETA: 0:51:25.626530
[Epoch 14/60] [lr 0.0001] [loss: 0.1501] ETA: 0:52:47.256964
[Epoch 14/60] [lr 0.0001] [loss: 0.0818] ETA: 0:47:58.479590
[Epoch 14/60] [lr 0.0001] [loss: 0.1235] ETA: 0:50:15.326415
[Epoch 14/60] [lr 0.0001] [loss: 0.1136] ETA: 0:50:32.183558
[Epoch 15/60] [lr 0.0001] [loss: 0.0677] ETA: 0:43:13.285375
[Epoch 15/60] [lr 0.0001] [loss: 0.1589] ETA: 0:52:20.892447
[Epoch 15/60] [lr 0.0001] [loss: 0.092] ETA: 0:48:51.848708
[Epoch 15/60] [lr 0.0001] [loss: 0.1371] ETA: 0:51:18.324755
[Epoch 15/60] [lr 0.0001] [loss: 0.1756] ETA: 0:52:09.665256
[Epoch 15/60] [lr 0.0001] [loss: 0.0944] ETA: 0:51:27.205648
[Epoch 15/60] [lr 0.0001] [loss: 0.1244] ETA: 0:51:56.814036
[Epoch 16/60] [lr 0.0001] [loss: 0.1415] ETA: 0:38:45.913439
[Epoch 16/60] [lr 0.0001] [loss: 0.0867] ETA: 0:45:37.865696
[Epoch 16/60] [lr 0.0001] [loss: 0.1045] ETA: 0:50:47.935932
[Epoch 16/60] [lr 0.0001] [loss: 0.1431] ETA: 0:48:07.734025
[Epoch 16/60] [lr 0.0001] [loss: 0.1082] ETA: 0:50:38.312632
[Epoch 16/60] [lr 0.0001] [loss: 0.1079] ETA: 0:49:57.800612
[Epoch 16/60] [lr 0.0001] [loss: 0.115] ETA: 0:47:47.797485
[Epoch 17/60] [lr 0.0001] [loss: 0.0714] ETA: 0:40:51.809713
[Epoch 17/60] [lr 0.0001] [loss: 0.133] ETA: 0:49:06.774916
[Epoch 17/60] [lr 0.0001] [loss: 0.1174] ETA: 0:46:52.773050
[Epoch 17/60] [lr 0.0001] [loss: 0.1296] ETA: 0:46:53.541334
[Epoch 17/60] [lr 0.0001] [loss: 0.1375] ETA: 0:46:28.802068
[Epoch 17/60] [lr 0.0001] [loss: 0.0932] ETA: 0:46:10.763979
[Epoch 17/60] [lr 0.0001] [loss: 0.0921] ETA: 0:46:38.965155
[Epoch 18/60] [lr 0.0001] [loss: 0.2358] ETA: 0:37:48.556565
[Epoch 18/60] [lr 0.0001] [loss: 0.0964] ETA: 0:48:46.782068
[Epoch 18/60] [lr 0.0001] [loss: 0.0654] ETA: 0:43:31.744802
[Epoch 18/60] [lr 0.0001] [loss: 0.1074] ETA: 0:48:17.036419
[Epoch 18/60] [lr 0.0001] [loss: 0.111] ETA: 0:44:54.283573
[Epoch 18/60] [lr 0.0001] [loss: 0.075] ETA: 0:46:08.852432
[Epoch 18/60] [lr 0.0001] [loss: 0.0726] ETA: 0:43:42.210734
[Epoch 19/60] [lr 0.0001] [loss: 0.1376] ETA: 0:35:31.048877
[Epoch 19/60] [lr 0.0001] [loss: 0.1463] ETA: 0:44:43.612174
[Epoch 19/60] [lr 0.0001] [loss: 0.1526] ETA: 0:41:45.705448
[Epoch 19/60] [lr 0.0001] [loss: 0.084] ETA: 0:46:16.539727
[Epoch 19/60] [lr 0.0001] [loss: 0.0952] ETA: 0:41:38.643442
[Epoch 19/60] [lr 0.0001] [loss: 0.0796] ETA: 0:46:56.047005
[Epoch 19/60] [lr 0.0001] [loss: 0.0357] ETA: 0:47:28.888315
[Epoch 20/60] [lr 0.0001] [loss: 0.1359] ETA: 0:32:55.079899
[Epoch 20/60] [lr 0.0001] [loss: 0.0528] ETA: 0:43:55.500441
[Epoch 20/60] [lr 0.0001] [loss: 0.0575] ETA: 0:44:36.545606
[Epoch 20/60] [lr 0.0001] [loss: 0.0533] ETA: 0:45:00.029933
[Epoch 20/60] [lr 0.0001] [loss: 0.0269] ETA: 0:45:08.976974
[Epoch 20/60] [lr 0.0001] [loss: 0.0578] ETA: 0:45:47.725933
[Epoch 20/60] [lr 0.0001] [loss: 0.0357] ETA: 0:45:10.129910
[Epoch 21/60] [lr 0.0001] [loss: 0.0607] ETA: 0:34:48.121721
[Epoch 21/60] [lr 0.0001] [loss: 0.0463] ETA: 0:42:57.120417
[Epoch 21/60] [lr 0.0001] [loss: 0.0573] ETA: 0:42:15.163677
[Epoch 21/60] [lr 0.0001] [loss: 0.0389] ETA: 0:45:00.487225
[Epoch 21/60] [lr 0.0001] [loss: 0.0358] ETA: 0:44:42.492514
[Epoch 21/60] [lr 0.0001] [loss: 0.0371] ETA: 0:44:50.671068
[Epoch 21/60] [lr 0.0001] [loss: 0.0592] ETA: 0:41:55.405025
[Epoch 22/60] [lr 0.0001] [loss: 0.0486] ETA: 0:36:35.489586
[Epoch 22/60] [lr 0.0001] [loss: 0.0395] ETA: 0:41:46.711907
[Epoch 22/60] [lr 0.0001] [loss: 0.0263] ETA: 0:43:34.008326
[Epoch 22/60] [lr 0.0001] [loss: 0.0414] ETA: 0:43:35.395603
[Epoch 22/60] [lr 0.0001] [loss: 0.0294] ETA: 0:43:28.400414
[Epoch 22/60] [lr 0.0001] [loss: 0.0435] ETA: 0:38:04.403690
[Epoch 22/60] [lr 0.0001] [loss: 0.048] ETA: 0:40:37.435294
[Epoch 23/60] [lr 0.0001] [loss: 0.0311] ETA: 0:32:22.717194
[Epoch 23/60] [lr 0.0001] [loss: 0.0349] ETA: 0:42:53.249112
[Epoch 23/60] [lr 0.0001] [loss: 0.0728] ETA: 0:40:05.270885
[Epoch 23/60] [lr 0.0001] [loss: 0.0283] ETA: 0:42:07.024476
[Epoch 23/60] [lr 0.0001] [loss: 0.0533] ETA: 0:39:41.645809
[Epoch 23/60] [lr 0.0001] [loss: 0.0371] ETA: 0:40:07.254911
[Epoch 23/60] [lr 0.0001] [loss: 0.0531] ETA: 0:39:50.391662
[Epoch 24/60] [lr 0.0001] [loss: 0.0268] ETA: 0:34:11.030311
[Epoch 24/60] [lr 0.0001] [loss: 0.0609] ETA: 0:37:05.802483
[Epoch 24/60] [lr 0.0001] [loss: 0.0673] ETA: 0:39:43.688614
[Epoch 24/60] [lr 0.0001] [loss: 0.0907] ETA: 0:38:58.201936
[Epoch 24/60] [lr 0.0001] [loss: 0.0928] ETA: 0:36:48.882442
[Epoch 24/60] [lr 0.0001] [loss: 0.048] ETA: 0:41:03.370269
[Epoch 24/60] [lr 0.0001] [loss: 0.0278] ETA: 0:40:37.480007
[Epoch 25/60] [lr 5e-05] [loss: 0.0496] ETA: 0:33:27.380766
[Epoch 25/60] [lr 5e-05] [loss: 0.0422] ETA: 0:38:23.486992
[Epoch 25/60] [lr 5e-05] [loss: 0.0394] ETA: 0:39:52.383384
[Epoch 25/60] [lr 5e-05] [loss: 0.0527] ETA: 0:37:57.900181
[Epoch 25/60] [lr 5e-05] [loss: 0.029] ETA: 0:39:41.140411
[Epoch 25/60] [lr 5e-05] [loss: 0.0503] ETA: 0:37:34.697713
[Epoch 25/60] [lr 5e-05] [loss: 0.0315] ETA: 0:39:31.724492
[Epoch 26/60] [lr 5e-05] [loss: 0.0525] ETA: 0:30:52.929654
[Epoch 26/60] [lr 5e-05] [loss: 0.038] ETA: 0:38:37.632992
[Epoch 26/60] [lr 5e-05] [loss: 0.0236] ETA: 0:38:37.129914
[Epoch 26/60] [lr 5e-05] [loss: 0.109] ETA: 0:32:38.336283
[Epoch 26/60] [lr 5e-05] [loss: 0.0447] ETA: 0:36:36.021782
[Epoch 26/60] [lr 5e-05] [loss: 0.0644] ETA: 0:37:08.756840
[Epoch 26/60] [lr 5e-05] [loss: 0.0562] ETA: 0:35:41.597616
[Epoch 27/60] [lr 5e-05] [loss: 0.021] ETA: 0:30:02.485260
[Epoch 27/60] [lr 5e-05] [loss: 0.0438] ETA: 0:37:10.768778
[Epoch 27/60] [lr 5e-05] [loss: 0.0542] ETA: 0:37:34.650672
[Epoch 27/60] [lr 5e-05] [loss: 0.0423] ETA: 0:35:59.694396
[Epoch 27/60] [lr 5e-05] [loss: 0.0537] ETA: 0:37:06.882047
[Epoch 27/60] [lr 5e-05] [loss: 0.0486] ETA: 0:35:58.970653
[Epoch 27/60] [lr 5e-05] [loss: 0.0613] ETA: 0:35:35.237782
[Epoch 28/60] [lr 5e-05] [loss: 0.0333] ETA: 0:30:30.622307
[Epoch 28/60] [lr 5e-05] [loss: 0.0318] ETA: 0:37:09.379931
[Epoch 28/60] [lr 5e-05] [loss: 0.052] ETA: 0:33:01.713150
[Epoch 28/60] [lr 5e-05] [loss: 0.0328] ETA: 0:36:37.132901
[Epoch 28/60] [lr 5e-05] [loss: 0.0498] ETA: 0:34:33.509758
[Epoch 28/60] [lr 5e-05] [loss: 0.0825] ETA: 0:34:25.529291
[Epoch 28/60] [lr 5e-05] [loss: 0.0476] ETA: 0:34:02.452332
[Epoch 29/60] [lr 5e-05] [loss: 0.0542] ETA: 0:27:24.555217
[Epoch 29/60] [lr 5e-05] [loss: 0.0243] ETA: 0:35:41.036390
[Epoch 29/60] [lr 5e-05] [loss: 0.0331] ETA: 0:34:02.485222
[Epoch 29/60] [lr 5e-05] [loss: 0.0604] ETA: 0:33:05.575132
[Epoch 29/60] [lr 5e-05] [loss: 0.0403] ETA: 0:33:11.194008
[Epoch 29/60] [lr 5e-05] [loss: 0.0611] ETA: 0:33:05.484705
[Epoch 29/60] [lr 5e-05] [loss: 0.0349] ETA: 0:35:09.182011
[Epoch 30/60] [lr 5e-05] [loss: 0.0278] ETA: 0:28:39.542162
[Epoch 30/60] [lr 5e-05] [loss: 0.0488] ETA: 0:32:48.739171
[Epoch 30/60] [lr 5e-05] [loss: 0.0249] ETA: 0:34:24.113371
[Epoch 30/60] [lr 5e-05] [loss: 0.047] ETA: 0:34:35.051880
[Epoch 30/60] [lr 5e-05] [loss: 0.0465] ETA: 0:30:51.873698
[Epoch 30/60] [lr 5e-05] [loss: 0.0495] ETA: 0:34:00.270495
[Epoch 30/60] [lr 5e-05] [loss: 0.031] ETA: 0:33:41.320117
[Epoch 31/60] [lr 5e-05] [loss: 0.0747] ETA: 0:26:05.733999
[Epoch 31/60] [lr 5e-05] [loss: 0.025] ETA: 0:33:07.209573
[Epoch 31/60] [lr 5e-05] [loss: 0.027] ETA: 0:33:09.008611
[Epoch 31/60] [lr 5e-05] [loss: 0.0497] ETA: 0:31:30.307662
[Epoch 31/60] [lr 5e-05] [loss: 0.0313] ETA: 0:33:06.098031
[Epoch 31/60] [lr 5e-05] [loss: 0.0345] ETA: 0:32:43.483407
[Epoch 31/60] [lr 5e-05] [loss: 0.0519] ETA: 0:30:48.362887
[Epoch 32/60] [lr 5e-05] [loss: 0.0365] ETA: 0:24:57.537847
[Epoch 32/60] [lr 5e-05] [loss: 0.0601] ETA: 0:32:12.494638
[Epoch 32/60] [lr 5e-05] [loss: 0.0286] ETA: 0:31:44.375566
[Epoch 32/60] [lr 5e-05] [loss: 0.032] ETA: 0:34:40.675574
[Epoch 32/60] [lr 5e-05] [loss: 0.0243] ETA: 0:31:34.829110
[Epoch 32/60] [lr 5e-05] [loss: 0.0368] ETA: 0:29:20.052310
[Epoch 32/60] [lr 5e-05] [loss: 0.0247] ETA: 0:30:54.206715
[Epoch 33/60] [lr 5e-05] [loss: 0.0458] ETA: 0:23:34.358494
[Epoch 33/60] [lr 5e-05] [loss: 0.0696] ETA: 0:29:25.921422
[Epoch 33/60] [lr 5e-05] [loss: 0.0382] ETA: 0:28:49.505773
[Epoch 33/60] [lr 5e-05] [loss: 0.024] ETA: 0:30:07.448916
[Epoch 33/60] [lr 5e-05] [loss: 0.0509] ETA: 0:28:28.377066
[Epoch 33/60] [lr 5e-05] [loss: 0.0422] ETA: 0:28:54.476691
[Epoch 33/60] [lr 5e-05] [loss: 0.0365] ETA: 0:30:13.161462
[Epoch 34/60] [lr 5e-05] [loss: 0.0319] ETA: 0:24:39.049158
[Epoch 34/60] [lr 5e-05] [loss: 0.0372] ETA: 0:28:18.349377
[Epoch 34/60] [lr 5e-05] [loss: 0.0494] ETA: 0:28:21.743699
[Epoch 34/60] [lr 5e-05] [loss: 0.0365] ETA: 0:27:29.486661
[Epoch 34/60] [lr 5e-05] [loss: 0.0291] ETA: 0:29:36.460615
[Epoch 34/60] [lr 5e-05] [loss: 0.0457] ETA: 0:29:33.113609
[Epoch 34/60] [lr 5e-05] [loss: 0.0405] ETA: 0:27:50.388906
[Epoch 35/60] [lr 5e-05] [loss: 0.0894] ETA: 0:20:38.940346
[Epoch 35/60] [lr 5e-05] [loss: 0.0642] ETA: 0:27:13.604264
[Epoch 35/60] [lr 5e-05] [loss: 0.0253] ETA: 0:28:22.168131
[Epoch 35/60] [lr 5e-05] [loss: 0.0218] ETA: 0:28:42.864658
[Epoch 35/60] [lr 5e-05] [loss: 0.0245] ETA: 0:28:19.767554
[Epoch 35/60] [lr 5e-05] [loss: 0.0592] ETA: 0:26:26.834037
[Epoch 35/60] [lr 5e-05] [loss: 0.0397] ETA: 0:26:27.180895
[Epoch 36/60] [lr 5e-05] [loss: 0.0663] ETA: 0:21:22.758951
[Epoch 36/60] [lr 5e-05] [loss: 0.0267] ETA: 0:28:00.033423
[Epoch 36/60] [lr 5e-05] [loss: 0.0358] ETA: 0:27:29.700032
[Epoch 36/60] [lr 5e-05] [loss: 0.0541] ETA: 0:25:32.151381
[Epoch 36/60] [lr 5e-05] [loss: 0.0318] ETA: 0:27:07.314281
[Epoch 36/60] [lr 5e-05] [loss: 0.0413] ETA: 0:26:57.199943
[Epoch 36/60] [lr 5e-05] [loss: 0.0576] ETA: 0:25:20.827423
[Epoch 37/60] [lr 5e-05] [loss: 0.0416] ETA: 0:20:29.344106
[Epoch 37/60] [lr 5e-05] [loss: 0.0583] ETA: 0:23:04.502578
[Epoch 37/60] [lr 5e-05] [loss: 0.037] ETA: 0:24:41.990025
[Epoch 37/60] [lr 5e-05] [loss: 0.0818] ETA: 0:24:52.623309
[Epoch 37/60] [lr 5e-05] [loss: 0.0316] ETA: 0:26:34.727918
[Epoch 37/60] [lr 5e-05] [loss: 0.0461] ETA: 0:24:25.402136
[Epoch 37/60] [lr 5e-05] [loss: 0.0276] ETA: 0:25:47.467601
[Epoch 38/60] [lr 5e-05] [loss: 0.0422] ETA: 0:19:41.001061
[Epoch 38/60] [lr 5e-05] [loss: 0.0425] ETA: 0:23:38.613364
[Epoch 38/60] [lr 5e-05] [loss: 0.0271] ETA: 0:23:35.044281
[Epoch 38/60] [lr 5e-05] [loss: 0.0299] ETA: 0:23:48.475342
[Epoch 38/60] [lr 5e-05] [loss: 0.0494] ETA: 0:22:46.173604
[Epoch 38/60] [lr 5e-05] [loss: 0.0596] ETA: 0:21:37.496122
[Epoch 38/60] [lr 5e-05] [loss: 0.0701] ETA: 0:23:09.127542
[Epoch 39/60] [lr 5e-05] [loss: 0.0352] ETA: 0:19:51.775134
[Epoch 39/60] [lr 5e-05] [loss: 0.0515] ETA: 0:21:28.358056
[Epoch 39/60] [lr 5e-05] [loss: 0.0341] ETA: 0:23:47.532596
[Epoch 39/60] [lr 5e-05] [loss: 0.0274] ETA: 0:23:21.226124
[Epoch 39/60] [lr 5e-05] [loss: 0.0383] ETA: 0:21:40.337333
[Epoch 39/60] [lr 5e-05] [loss: 0.0199] ETA: 0:23:10.968145
[Epoch 39/60] [lr 5e-05] [loss: 0.0325] ETA: 0:23:14.535137
[Epoch 40/60] [lr 5e-05] [loss: 0.0639] ETA: 0:16:14.058008
[Epoch 40/60] [lr 5e-05] [loss: 0.0191] ETA: 0:23:01.445637
[Epoch 40/60] [lr 5e-05] [loss: 0.0232] ETA: 0:22:35.047512
[Epoch 40/60] [lr 5e-05] [loss: 0.0294] ETA: 0:22:33.611927
[Epoch 40/60] [lr 5e-05] [loss: 0.0599] ETA: 0:21:49.479070
[Epoch 40/60] [lr 5e-05] [loss: 0.0374] ETA: 0:21:04.369969
[Epoch 40/60] [lr 5e-05] [loss: 0.0361] ETA: 0:20:42.234936
[Epoch 41/60] [lr 5e-05] [loss: 0.0333] ETA: 0:16:38.686123
[Epoch 41/60] [lr 5e-05] [loss: 0.061] ETA: 0:19:43.513419
[Epoch 41/60] [lr 5e-05] [loss: 0.0265] ETA: 0:19:31.772655
[Epoch 41/60] [lr 5e-05] [loss: 0.0323] ETA: 0:20:24.471901
[Epoch 41/60] [lr 5e-05] [loss: 0.0307] ETA: 0:21:23.918383
[Epoch 41/60] [lr 5e-05] [loss: 0.0225] ETA: 0:21:07.699083
[Epoch 41/60] [lr 5e-05] [loss: 0.0396] ETA: 0:20:50.745621
[Epoch 42/60] [lr 5e-05] [loss: 0.0387] ETA: 0:17:14.648528
[Epoch 42/60] [lr 5e-05] [loss: 0.0428] ETA: 0:19:23.744453
[Epoch 42/60] [lr 5e-05] [loss: 0.0299] ETA: 0:20:44.602118
[Epoch 42/60] [lr 5e-05] [loss: 0.0673] ETA: 0:19:46.139151
[Epoch 42/60] [lr 5e-05] [loss: 0.0365] ETA: 0:20:26.137467
[Epoch 42/60] [lr 5e-05] [loss: 0.0475] ETA: 0:19:00.317120
[Epoch 42/60] [lr 5e-05] [loss: 0.0178] ETA: 0:19:44.695550
[Epoch 43/60] [lr 5e-05] [loss: 0.0306] ETA: 0:15:57.118870
[Epoch 43/60] [lr 5e-05] [loss: 0.0293] ETA: 0:19:31.875216
[Epoch 43/60] [lr 5e-05] [loss: 0.03] ETA: 0:19:33.400667
[Epoch 43/60] [lr 5e-05] [loss: 0.0414] ETA: 0:17:07.142597
[Epoch 43/60] [lr 5e-05] [loss: 0.0609] ETA: 0:17:49.284537
[Epoch 43/60] [lr 5e-05] [loss: 0.0172] ETA: 0:18:36.275553
[Epoch 43/60] [lr 5e-05] [loss: 0.0494] ETA: 0:18:56.538125
[Epoch 44/60] [lr 5e-05] [loss: 0.0737] ETA: 0:14:12.236240
[Epoch 44/60] [lr 5e-05] [loss: 0.074] ETA: 0:16:35.132192
[Epoch 44/60] [lr 5e-05] [loss: 0.0416] ETA: 0:18:21.646612
[Epoch 44/60] [lr 5e-05] [loss: 0.0321] ETA: 0:17:00.101604
[Epoch 44/60] [lr 5e-05] [loss: 0.0281] ETA: 0:15:51.385643
[Epoch 44/60] [lr 5e-05] [loss: 0.0373] ETA: 0:16:39.970791
[Epoch 44/60] [lr 5e-05] [loss: 0.0427] ETA: 0:16:29.295021
[Epoch 45/60] [lr 5e-05] [loss: 0.045] ETA: 0:14:45.409040
[Epoch 45/60] [lr 5e-05] [loss: 0.033] ETA: 0:17:16.679332
[Epoch 45/60] [lr 5e-05] [loss: 0.0367] ETA: 0:17:05.785532
[Epoch 45/60] [lr 5e-05] [loss: 0.0507] ETA: 0:15:00.425445
[Epoch 45/60] [lr 5e-05] [loss: 0.0293] ETA: 0:16:50.065997
[Epoch 45/60] [lr 5e-05] [loss: 0.0685] ETA: 0:15:32.350540
[Epoch 45/60] [lr 5e-05] [loss: 0.0519] ETA: 0:15:14.482813
[Epoch 46/60] [lr 5e-05] [loss: 0.0964] ETA: 0:12:27.758543
[Epoch 46/60] [lr 5e-05] [loss: 0.0296] ETA: 0:15:57.932567
[Epoch 46/60] [lr 5e-05] [loss: 0.0451] ETA: 0:15:44.991430
[Epoch 46/60] [lr 5e-05] [loss: 0.0396] ETA: 0:14:52.288628
[Epoch 46/60] [lr 5e-05] [loss: 0.0298] ETA: 0:15:17.556377
[Epoch 46/60] [lr 5e-05] [loss: 0.0384] ETA: 0:15:16.843975
[Epoch 46/60] [lr 5e-05] [loss: 0.0258] ETA: 0:14:56.767998
[Epoch 47/60] [lr 5e-05] [loss: 0.036] ETA: 0:11:17.260450
[Epoch 47/60] [lr 5e-05] [loss: 0.0484] ETA: 0:13:59.190863
[Epoch 47/60] [lr 5e-05] [loss: 0.0455] ETA: 0:13:34.679823
[Epoch 47/60] [lr 5e-05] [loss: 0.0505] ETA: 0:12:54.077868
[Epoch 47/60] [lr 5e-05] [loss: 0.0229] ETA: 0:13:22.627076
[Epoch 47/60] [lr 5e-05] [loss: 0.0697] ETA: 0:13:03.800492
[Epoch 47/60] [lr 5e-05] [loss: 0.1029] ETA: 0:11:41.000050
[Epoch 48/60] [lr 5e-05] [loss: 0.0458] ETA: 0:10:44.241174
[Epoch 48/60] [lr 5e-05] [loss: 0.0337] ETA: 0:13:35.698321
[Epoch 48/60] [lr 5e-05] [loss: 0.0612] ETA: 0:12:51.537418
[Epoch 48/60] [lr 5e-05] [loss: 0.0225] ETA: 0:12:39.809113
[Epoch 48/60] [lr 5e-05] [loss: 0.0265] ETA: 0:13:03.261524
[Epoch 48/60] [lr 5e-05] [loss: 0.0392] ETA: 0:12:24.977703
[Epoch 48/60] [lr 5e-05] [loss: 0.0431] ETA: 0:10:44.931747
[Epoch 49/60] [lr 5e-05] [loss: 0.0448] ETA: 0:09:52.736500
[Epoch 49/60] [lr 5e-05] [loss: 0.0507] ETA: 0:12:36.161315
[Epoch 49/60] [lr 5e-05] [loss: 0.0603] ETA: 0:11:49.745065
[Epoch 49/60] [lr 5e-05] [loss: 0.0246] ETA: 0:12:04.243317
[Epoch 49/60] [lr 5e-05] [loss: 0.0271] ETA: 0:11:56.513356
[Epoch 49/60] [lr 5e-05] [loss: 0.0205] ETA: 0:11:55.286731
[Epoch 49/60] [lr 5e-05] [loss: 0.0286] ETA: 0:11:38.624221
[Epoch 50/60] [lr 2.5e-05] [loss: 0.0407] ETA: 0:08:11.508443
[Epoch 50/60] [lr 2.5e-05] [loss: 0.0298] ETA: 0:10:47.415524
[Epoch 50/60] [lr 2.5e-05] [loss: 0.0297] ETA: 0:11:14.319103
[Epoch 50/60] [lr 2.5e-05] [loss: 0.0287] ETA: 0:10:52.696509
[Epoch 50/60] [lr 2.5e-05] [loss: 0.0317] ETA: 0:10:48.290789
[Epoch 50/60] [lr 2.5e-05] [loss: 0.0346] ETA: 0:10:12.250748
[Epoch 50/60] [lr 2.5e-05] [loss: 0.0651] ETA: 0:09:28.185232
[Epoch 51/60] [lr 2.5e-05] [loss: 0.0292] ETA: 0:08:43.617750
[Epoch 51/60] [lr 2.5e-05] [loss: 0.0618] ETA: 0:09:06.758267
[Epoch 51/60] [lr 2.5e-05] [loss: 0.0181] ETA: 0:10:00.837654
[Epoch 51/60] [lr 2.5e-05] [loss: 0.0468] ETA: 0:09:24.447786
[Epoch 51/60] [lr 2.5e-05] [loss: 0.0266] ETA: 0:09:40.806906
[Epoch 51/60] [lr 2.5e-05] [loss: 0.0345] ETA: 0:09:35.512606
[Epoch 51/60] [lr 2.5e-05] [loss: 0.0366] ETA: 0:09:17.137849
[Epoch 52/60] [lr 2.5e-05] [loss: 0.0238] ETA: 0:07:05.668722
[Epoch 52/60] [lr 2.5e-05] [loss: 0.0607] ETA: 0:08:37.000865
[Epoch 52/60] [lr 2.5e-05] [loss: 0.0312] ETA: 0:08:10.504456
[Epoch 52/60] [lr 2.5e-05] [loss: 0.0294] ETA: 0:08:43.904689
[Epoch 52/60] [lr 2.5e-05] [loss: 0.0502] ETA: 0:08:29.133911
[Epoch 52/60] [lr 2.5e-05] [loss: 0.0365] ETA: 0:08:15.299807
[Epoch 52/60] [lr 2.5e-05] [loss: 0.0213] ETA: 0:08:00.688685
[Epoch 53/60] [lr 2.5e-05] [loss: 0.0512] ETA: 0:06:43.063511
[Epoch 53/60] [lr 2.5e-05] [loss: 0.0342] ETA: 0:07:54.342130
[Epoch 53/60] [lr 2.5e-05] [loss: 0.0798] ETA: 0:06:31.072736
[Epoch 53/60] [lr 2.5e-05] [loss: 0.0502] ETA: 0:07:04.888702
[Epoch 53/60] [lr 2.5e-05] [loss: 0.024] ETA: 0:06:56.333722
[Epoch 53/60] [lr 2.5e-05] [loss: 0.0183] ETA: 0:07:11.287407
[Epoch 53/60] [lr 2.5e-05] [loss: 0.0254] ETA: 0:06:14.283388
[Epoch 54/60] [lr 2.5e-05] [loss: 0.024] ETA: 0:05:31.487230
[Epoch 54/60] [lr 2.5e-05] [loss: 0.0413] ETA: 0:06:24.727010
[Epoch 54/60] [lr 2.5e-05] [loss: 0.0538] ETA: 0:05:56.969751
[Epoch 54/60] [lr 2.5e-05] [loss: 0.0267] ETA: 0:06:26.473034
[Epoch 54/60] [lr 2.5e-05] [loss: 0.0488] ETA: 0:05:18.407459
[Epoch 54/60] [lr 2.5e-05] [loss: 0.0325] ETA: 0:05:40.518617
[Epoch 54/60] [lr 2.5e-05] [loss: 0.0673] ETA: 0:05:16.486838
[Epoch 55/60] [lr 2.5e-05] [loss: 0.0447] ETA: 0:04:29.873779
[Epoch 55/60] [lr 2.5e-05] [loss: 0.0442] ETA: 0:05:20.849918
[Epoch 55/60] [lr 2.5e-05] [loss: 0.0321] ETA: 0:05:08.179342
[Epoch 55/60] [lr 2.5e-05] [loss: 0.0436] ETA: 0:04:40.477581
[Epoch 55/60] [lr 2.5e-05] [loss: 0.0369] ETA: 0:04:32.793438
[Epoch 55/60] [lr 2.5e-05] [loss: 0.0549] ETA: 0:04:38.347031
[Epoch 55/60] [lr 2.5e-05] [loss: 0.0511] ETA: 0:04:16.357287
[Epoch 56/60] [lr 2.5e-05] [loss: 0.0242] ETA: 0:03:45.796801
[Epoch 56/60] [lr 2.5e-05] [loss: 0.03] ETA: 0:04:27.147815
[Epoch 56/60] [lr 2.5e-05] [loss: 0.0354] ETA: 0:04:03.827324
[Epoch 56/60] [lr 2.5e-05] [loss: 0.0364] ETA: 0:04:06.556828
[Epoch 56/60] [lr 2.5e-05] [loss: 0.057] ETA: 0:03:44.327542
[Epoch 56/60] [lr 2.5e-05] [loss: 0.0419] ETA: 0:03:42.135618
[Epoch 56/60] [lr 2.5e-05] [loss: 0.0509] ETA: 0:03:23.414234
[Epoch 57/60] [lr 2.5e-05] [loss: 0.0471] ETA: 0:02:40.647478
[Epoch 57/60] [lr 2.5e-05] [loss: 0.0244] ETA: 0:03:16.154956
[Epoch 57/60] [lr 2.5e-05] [loss: 0.073] ETA: 0:02:57.629111
[Epoch 57/60] [lr 2.5e-05] [loss: 0.0373] ETA: 0:02:55.135885
[Epoch 57/60] [lr 2.5e-05] [loss: 0.042] ETA: 0:02:45.443303
[Epoch 57/60] [lr 2.5e-05] [loss: 0.0229] ETA: 0:02:33.169144
[Epoch 57/60] [lr 2.5e-05] [loss: 0.0256] ETA: 0:02:24.617893
[Epoch 58/60] [lr 2.5e-05] [loss: 0.032] ETA: 0:01:46.067122
[Epoch 58/60] [lr 2.5e-05] [loss: 0.0552] ETA: 0:02:00.418385
[Epoch 58/60] [lr 2.5e-05] [loss: 0.0647] ETA: 0:01:51.874700
[Epoch 58/60] [lr 2.5e-05] [loss: 0.0693] ETA: 0:01:43.228641
[Epoch 58/60] [lr 2.5e-05] [loss: 0.0704] ETA: 0:01:27.232926
[Epoch 58/60] [lr 2.5e-05] [loss: 0.0732] ETA: 0:01:15.724257
[Epoch 58/60] [lr 2.5e-05] [loss: 0.0349] ETA: 0:01:13.167040
[Epoch 59/60] [lr 2.5e-05] [loss: 0.0266] ETA: 0:00:53.809063
[Epoch 59/60] [lr 2.5e-05] [loss: 0.0351] ETA: 0:00:58.805645
[Epoch 59/60] [lr 2.5e-05] [loss: 0.0239] ETA: 0:00:47.593332
[Epoch 59/60] [lr 2.5e-05] [loss: 0.0285] ETA: 0:00:36.884644
[Epoch 59/60] [lr 2.5e-05] [loss: 0.0374] ETA: 0:00:25.860736
[Epoch 59/60] [lr 2.5e-05] [loss: 0.0604] ETA: 0:00:14.158903
[Epoch 59/60] [lr 2.5e-05] [loss: 0.0305] ETA: 0:00:04.459498
done
jittor_duration_seconds=4079
/root/autodl-tmp/SIBA-Jittor/checkpoints/jittor_msrs_roadscene_60e_20260727_siba_official_protocol/07-27-04-52/SIBA_epoch60.pkl 2273470 bytes
=== PyTorch 60-epoch full training ===
[Epoch 0/60] [lr 0.0001] [loss: 0.344] ETA: 5:00:34.318886
[Epoch 0/60] [lr 0.0001] [loss: 0.1537] ETA: 0:38:33.927321
[Epoch 0/60] [lr 0.0001] [loss: 0.2047] ETA: 0:32:21.442490
[Epoch 0/60] [lr 0.0001] [loss: 0.1462] ETA: 0:31:48.501391
[Epoch 0/60] [lr 0.0001] [loss: 0.1581] ETA: 0:31:36.232572
[Epoch 0/60] [lr 0.0001] [loss: 0.1846] ETA: 0:35:17.281318
[Epoch 0/60] [lr 0.0001] [loss: 0.2511] ETA: 0:38:47.074127
[Epoch 1/60] [lr 0.0001] [loss: 0.1504] ETA: 1:26:15.751981
[Epoch 1/60] [lr 0.0001] [loss: 0.1943] ETA: 0:32:00.057836
[Epoch 1/60] [lr 0.0001] [loss: 0.1374] ETA: 0:38:35.412087
[Epoch 1/60] [lr 0.0001] [loss: 0.126] ETA: 0:34:46.964358
[Epoch 1/60] [lr 0.0001] [loss: 0.1227] ETA: 0:38:26.101535
[Epoch 1/60] [lr 0.0001] [loss: 0.1214] ETA: 0:34:45.401318
[Epoch 1/60] [lr 0.0001] [loss: 0.1561] ETA: 0:33:57.538542
[Epoch 2/60] [lr 0.0001] [loss: 0.1146] ETA: 0:38:11.827761
[Epoch 2/60] [lr 0.0001] [loss: 0.1735] ETA: 0:34:30.761875
[Epoch 2/60] [lr 0.0001] [loss: 0.1461] ETA: 0:37:33.283879
[Epoch 2/60] [lr 0.0001] [loss: 0.1998] ETA: 0:37:52.324013
[Epoch 2/60] [lr 0.0001] [loss: 0.2257] ETA: 0:27:11.987023
[Epoch 2/60] [lr 0.0001] [loss: 0.1505] ETA: 0:36:56.621307
[Epoch 2/60] [lr 0.0001] [loss: 0.1197] ETA: 0:37:09.777529
[Epoch 3/60] [lr 0.0001] [loss: 0.2698] ETA: 0:37:36.758718
[Epoch 3/60] [lr 0.0001] [loss: 0.1619] ETA: 0:30:24.824422
[Epoch 3/60] [lr 0.0001] [loss: 0.0661] ETA: 0:33:11.372824
[Epoch 3/60] [lr 0.0001] [loss: 0.1008] ETA: 0:36:36.237899
[Epoch 3/60] [lr 0.0001] [loss: 0.2271] ETA: 0:33:41.397117
[Epoch 3/60] [lr 0.0001] [loss: 0.1321] ETA: 0:36:25.000265
[Epoch 3/60] [lr 0.0001] [loss: 0.1083] ETA: 0:33:27.382513
[Epoch 4/60] [lr 0.0001] [loss: 0.1446] ETA: 0:30:04.729877
[Epoch 4/60] [lr 0.0001] [loss: 0.1453] ETA: 0:30:28.545991
[Epoch 4/60] [lr 0.0001] [loss: 0.1511] ETA: 0:33:18.075709
[Epoch 4/60] [lr 0.0001] [loss: 0.1215] ETA: 0:33:08.083948
[Epoch 4/60] [lr 0.0001] [loss: 0.1814] ETA: 0:33:09.928551
[Epoch 4/60] [lr 0.0001] [loss: 0.1895] ETA: 0:32:49.628340
[Epoch 4/60] [lr 0.0001] [loss: 0.1436] ETA: 0:35:41.131625
[Epoch 5/60] [lr 0.0001] [loss: 0.0765] ETA: 0:35:20.711038
[Epoch 5/60] [lr 0.0001] [loss: 0.0999] ETA: 0:29:35.541656
[Epoch 5/60] [lr 0.0001] [loss: 0.244] ETA: 0:36:19.562734
[Epoch 5/60] [lr 0.0001] [loss: 0.1148] ETA: 0:35:25.718397
[Epoch 5/60] [lr 0.0001] [loss: 0.1472] ETA: 0:34:40.323727
[Epoch 5/60] [lr 0.0001] [loss: 0.1959] ETA: 0:35:13.828034
[Epoch 5/60] [lr 0.0001] [loss: 0.1108] ETA: 0:34:47.116442
[Epoch 6/60] [lr 0.0001] [loss: 0.0862] ETA: 0:31:20.048897
[Epoch 6/60] [lr 0.0001] [loss: 0.2082] ETA: 0:35:54.409418
[Epoch 6/60] [lr 0.0001] [loss: 0.1135] ETA: 0:35:36.179032
[Epoch 6/60] [lr 0.0001] [loss: 0.1225] ETA: 0:33:15.043167
[Epoch 6/60] [lr 0.0001] [loss: 0.1513] ETA: 0:32:10.846319
[Epoch 6/60] [lr 0.0001] [loss: 0.2215] ETA: 0:34:35.050485
[Epoch 6/60] [lr 0.0001] [loss: 0.0619] ETA: 0:31:19.517332
[Epoch 7/60] [lr 0.0001] [loss: 0.0987] ETA: 0:34:34.247092
[Epoch 7/60] [lr 0.0001] [loss: 0.1024] ETA: 0:34:54.293346
[Epoch 7/60] [lr 0.0001] [loss: 0.0922] ETA: 0:31:03.375891
[Epoch 7/60] [lr 0.0001] [loss: 0.1357] ETA: 0:32:04.839880
[Epoch 7/60] [lr 0.0001] [loss: 0.1014] ETA: 0:31:40.516971
[Epoch 7/60] [lr 0.0001] [loss: 0.1979] ETA: 0:34:39.488473
[Epoch 7/60] [lr 0.0001] [loss: 0.1402] ETA: 0:27:38.519506
[Epoch 8/60] [lr 0.0001] [loss: 0.1078] ETA: 0:33:23.861884
[Epoch 8/60] [lr 0.0001] [loss: 0.0896] ETA: 0:30:42.037473
[Epoch 8/60] [lr 0.0001] [loss: 0.1742] ETA: 0:33:05.424763
[Epoch 8/60] [lr 0.0001] [loss: 0.0929] ETA: 0:27:14.230355
[Epoch 8/60] [lr 0.0001] [loss: 0.1252] ETA: 0:33:29.444263
[Epoch 8/60] [lr 0.0001] [loss: 0.1423] ETA: 0:33:13.234362
[Epoch 8/60] [lr 0.0001] [loss: 0.1586] ETA: 0:30:42.946312
[Epoch 9/60] [lr 0.0001] [loss: 0.1445] ETA: 0:33:26.195968
[Epoch 9/60] [lr 0.0001] [loss: 0.129] ETA: 0:33:01.721534
[Epoch 9/60] [lr 0.0001] [loss: 0.1133] ETA: 0:27:19.077754
[Epoch 9/60] [lr 0.0001] [loss: 0.1415] ETA: 0:33:33.675332
[Epoch 9/60] [lr 0.0001] [loss: 0.1571] ETA: 0:33:25.679394
[Epoch 9/60] [lr 0.0001] [loss: 0.0995] ETA: 0:31:53.951341
[Epoch 9/60] [lr 0.0001] [loss: 0.0864] ETA: 0:29:15.037508
[Epoch 10/60] [lr 0.0001] [loss: 0.0935] ETA: 0:32:06.403785
[Epoch 10/60] [lr 0.0001] [loss: 0.1001] ETA: 0:29:22.527466
[Epoch 10/60] [lr 0.0001] [loss: 0.0963] ETA: 0:32:44.118767
[Epoch 10/60] [lr 0.0001] [loss: 0.0941] ETA: 0:29:36.978636
[Epoch 10/60] [lr 0.0001] [loss: 0.0594] ETA: 0:26:16.314497
[Epoch 10/60] [lr 0.0001] [loss: 0.1567] ETA: 0:32:13.415937
[Epoch 10/60] [lr 0.0001] [loss: 0.2425] ETA: 0:29:12.948582
[Epoch 11/60] [lr 0.0001] [loss: 0.1089] ETA: 0:31:57.527638
[Epoch 11/60] [lr 0.0001] [loss: 0.122] ETA: 0:28:57.704645
[Epoch 11/60] [lr 0.0001] [loss: 0.1124] ETA: 0:31:29.328660
[Epoch 11/60] [lr 0.0001] [loss: 0.1147] ETA: 0:28:55.127438
[Epoch 11/60] [lr 0.0001] [loss: 0.1184] ETA: 0:31:15.981235
[Epoch 11/60] [lr 0.0001] [loss: 0.0943] ETA: 0:31:12.535392
[Epoch 11/60] [lr 0.0001] [loss: 0.1504] ETA: 0:28:57.895329
[Epoch 12/60] [lr 0.0001] [loss: 0.1392] ETA: 0:28:11.535450
[Epoch 12/60] [lr 0.0001] [loss: 0.0599] ETA: 0:30:24.481645
[Epoch 12/60] [lr 0.0001] [loss: 0.0897] ETA: 0:30:36.852407
[Epoch 12/60] [lr 0.0001] [loss: 0.1346] ETA: 0:30:45.622188
[Epoch 12/60] [lr 0.0001] [loss: 0.1125] ETA: 0:30:18.268530
[Epoch 12/60] [lr 0.0001] [loss: 0.1125] ETA: 0:28:12.133959
[Epoch 12/60] [lr 0.0001] [loss: 0.0817] ETA: 0:27:29.354164
[Epoch 13/60] [lr 0.0001] [loss: 0.1405] ETA: 0:28:24.516793
[Epoch 13/60] [lr 0.0001] [loss: 0.0971] ETA: 0:27:20.143893
[Epoch 13/60] [lr 0.0001] [loss: 0.1724] ETA: 0:30:38.222063
[Epoch 13/60] [lr 0.0001] [loss: 0.0674] ETA: 0:27:08.802032
[Epoch 13/60] [lr 0.0001] [loss: 0.0645] ETA: 0:26:51.654726
[Epoch 13/60] [lr 0.0001] [loss: 0.1956] ETA: 0:30:48.484045
[Epoch 13/60] [lr 0.0001] [loss: 0.1045] ETA: 0:27:20.881961
[Epoch 14/60] [lr 0.0001] [loss: 0.2225] ETA: 0:30:42.993457
[Epoch 14/60] [lr 0.0001] [loss: 0.0883] ETA: 0:29:37.735172
[Epoch 14/60] [lr 0.0001] [loss: 0.122] ETA: 0:27:24.396102
[Epoch 14/60] [lr 0.0001] [loss: 0.1917] ETA: 0:26:58.585510
[Epoch 14/60] [lr 0.0001] [loss: 0.1253] ETA: 0:29:42.733203
[Epoch 14/60] [lr 0.0001] [loss: 0.1294] ETA: 0:29:17.772649
[Epoch 14/60] [lr 0.0001] [loss: 0.1431] ETA: 0:29:25.175899
[Epoch 15/60] [lr 0.0001] [loss: 0.1142] ETA: 0:29:48.463765
[Epoch 15/60] [lr 0.0001] [loss: 0.1712] ETA: 0:26:55.078129
[Epoch 15/60] [lr 0.0001] [loss: 0.0831] ETA: 0:26:50.614009
[Epoch 15/60] [lr 0.0001] [loss: 0.1224] ETA: 0:23:47.804765
[Epoch 15/60] [lr 0.0001] [loss: 0.1595] ETA: 0:26:17.592424
[Epoch 15/60] [lr 0.0001] [loss: 0.2201] ETA: 0:29:11.510320
[Epoch 15/60] [lr 0.0001] [loss: 0.1306] ETA: 0:28:39.609210
[Epoch 16/60] [lr 0.0001] [loss: 0.1375] ETA: 0:28:38.116977
[Epoch 16/60] [lr 0.0001] [loss: 0.066] ETA: 0:28:19.589155
[Epoch 16/60] [lr 0.0001] [loss: 0.0913] ETA: 0:25:59.068892
[Epoch 16/60] [lr 0.0001] [loss: 0.1091] ETA: 0:23:00.557120
[Epoch 16/60] [lr 0.0001] [loss: 0.1845] ETA: 0:29:20.033352
[Epoch 16/60] [lr 0.0001] [loss: 0.0694] ETA: 0:25:25.371130
[Epoch 16/60] [lr 0.0001] [loss: 0.1141] ETA: 0:28:23.696045
[Epoch 17/60] [lr 0.0001] [loss: 0.0813] ETA: 0:27:42.703259
[Epoch 17/60] [lr 0.0001] [loss: 0.1235] ETA: 0:28:10.273337
[Epoch 17/60] [lr 0.0001] [loss: 0.109] ETA: 0:27:27.014543
[Epoch 17/60] [lr 0.0001] [loss: 0.1007] ETA: 0:25:10.109616
[Epoch 17/60] [lr 0.0001] [loss: 0.1149] ETA: 0:25:08.921949
[Epoch 17/60] [lr 0.0001] [loss: 0.1387] ETA: 0:25:19.745366
[Epoch 17/60] [lr 0.0001] [loss: 0.1177] ETA: 0:25:06.112811
[Epoch 18/60] [lr 0.0001] [loss: 0.1507] ETA: 0:22:49.024548
[Epoch 18/60] [lr 0.0001] [loss: 0.1018] ETA: 0:24:42.754578
[Epoch 18/60] [lr 0.0001] [loss: 0.1086] ETA: 0:24:38.406012
[Epoch 18/60] [lr 0.0001] [loss: 0.0759] ETA: 0:24:28.775405
[Epoch 18/60] [lr 0.0001] [loss: 0.056] ETA: 0:27:16.135766
[Epoch 18/60] [lr 0.0001] [loss: 0.081] ETA: 0:24:24.159485
[Epoch 18/60] [lr 0.0001] [loss: 0.046] ETA: 0:26:30.468713
[Epoch 19/60] [lr 0.0001] [loss: 0.0712] ETA: 0:24:30.674375
[Epoch 19/60] [lr 0.0001] [loss: 0.0603] ETA: 0:23:56.078723
[Epoch 19/60] [lr 0.0001] [loss: 0.0396] ETA: 0:26:39.395665
[Epoch 19/60] [lr 0.0001] [loss: 0.052] ETA: 0:26:07.885581
[Epoch 19/60] [lr 0.0001] [loss: 0.0592] ETA: 0:23:00.781048
[Epoch 19/60] [lr 0.0001] [loss: 0.0571] ETA: 0:24:02.762780
[Epoch 19/60] [lr 0.0001] [loss: 0.0591] ETA: 0:24:37.166143
[Epoch 20/60] [lr 0.0001] [loss: 0.0587] ETA: 0:24:34.273539
[Epoch 20/60] [lr 0.0001] [loss: 0.0311] ETA: 0:25:50.316799
[Epoch 20/60] [lr 0.0001] [loss: 0.0671] ETA: 0:19:30.819554
[Epoch 20/60] [lr 0.0001] [loss: 0.0385] ETA: 0:26:12.223635
[Epoch 20/60] [lr 0.0001] [loss: 0.0674] ETA: 0:23:10.567436
[Epoch 20/60] [lr 0.0001] [loss: 0.0505] ETA: 0:29:25.203786
[Epoch 20/60] [lr 0.0001] [loss: 0.0354] ETA: 0:25:58.396153
[Epoch 21/60] [lr 0.0001] [loss: 0.1419] ETA: 0:18:29.704735
[Epoch 21/60] [lr 0.0001] [loss: 0.0815] ETA: 0:23:01.045300
[Epoch 21/60] [lr 0.0001] [loss: 0.0652] ETA: 0:25:30.203629
[Epoch 21/60] [lr 0.0001] [loss: 0.0459] ETA: 0:25:16.331259
[Epoch 21/60] [lr 0.0001] [loss: 0.0443] ETA: 0:25:06.885735
[Epoch 21/60] [lr 0.0001] [loss: 0.0211] ETA: 0:24:05.832247
[Epoch 21/60] [lr 0.0001] [loss: 0.0426] ETA: 0:20:29.685916
[Epoch 22/60] [lr 0.0001] [loss: 0.0515] ETA: 0:24:30.703457
[Epoch 22/60] [lr 0.0001] [loss: 0.0437] ETA: 0:24:51.213874
[Epoch 22/60] [lr 0.0001] [loss: 0.0587] ETA: 0:24:46.397231
[Epoch 22/60] [lr 0.0001] [loss: 0.0684] ETA: 0:22:02.736603
[Epoch 22/60] [lr 0.0001] [loss: 0.0447] ETA: 0:21:53.585659
[Epoch 22/60] [lr 0.0001] [loss: 0.0705] ETA: 0:21:52.620847
[Epoch 22/60] [lr 0.0001] [loss: 0.0679] ETA: 0:22:10.961779
[Epoch 23/60] [lr 0.0001] [loss: 0.0387] ETA: 0:24:06.453718
[Epoch 23/60] [lr 0.0001] [loss: 0.0447] ETA: 0:24:22.553234
[Epoch 23/60] [lr 0.0001] [loss: 0.0356] ETA: 0:24:29.522118
[Epoch 23/60] [lr 0.0001] [loss: 0.0694] ETA: 0:21:53.306437
[Epoch 23/60] [lr 0.0001] [loss: 0.073] ETA: 0:19:21.078502
[Epoch 23/60] [lr 0.0001] [loss: 0.0505] ETA: 0:21:19.093524
[Epoch 23/60] [lr 0.0001] [loss: 0.0603] ETA: 0:23:39.258305
[Epoch 24/60] [lr 0.0001] [loss: 0.0588] ETA: 0:16:55.931314
[Epoch 24/60] [lr 0.0001] [loss: 0.0471] ETA: 0:21:03.280400
[Epoch 24/60] [lr 0.0001] [loss: 0.0399] ETA: 0:21:09.773056
[Epoch 24/60] [lr 0.0001] [loss: 0.0312] ETA: 0:23:08.551296
[Epoch 24/60] [lr 0.0001] [loss: 0.0611] ETA: 0:18:26.723628
[Epoch 24/60] [lr 0.0001] [loss: 0.0228] ETA: 0:22:57.361308
[Epoch 24/60] [lr 0.0001] [loss: 0.0342] ETA: 0:22:36.976959
[Epoch 25/60] [lr 5e-05] [loss: 0.0482] ETA: 0:20:57.626106
[Epoch 25/60] [lr 5e-05] [loss: 0.0618] ETA: 0:21:10.880179
[Epoch 25/60] [lr 5e-05] [loss: 0.0955] ETA: 0:18:22.850572
[Epoch 25/60] [lr 5e-05] [loss: 0.0445] ETA: 0:20:26.968231
[Epoch 25/60] [lr 5e-05] [loss: 0.0301] ETA: 0:22:20.205431
[Epoch 25/60] [lr 5e-05] [loss: 0.045] ETA: 0:22:32.162299
[Epoch 25/60] [lr 5e-05] [loss: 0.0492] ETA: 0:22:14.825832
[Epoch 26/60] [lr 5e-05] [loss: 0.0575] ETA: 0:19:52.357852
[Epoch 26/60] [lr 5e-05] [loss: 0.0584] ETA: 0:19:48.602264
[Epoch 26/60] [lr 5e-05] [loss: 0.0544] ETA: 0:19:58.903100
[Epoch 26/60] [lr 5e-05] [loss: 0.0333] ETA: 0:21:58.843451
[Epoch 26/60] [lr 5e-05] [loss: 0.0514] ETA: 0:19:50.828175
[Epoch 26/60] [lr 5e-05] [loss: 0.0238] ETA: 0:21:09.686771
[Epoch 26/60] [lr 5e-05] [loss: 0.0621] ETA: 0:17:32.187696
[Epoch 27/60] [lr 5e-05] [loss: 0.0925] ETA: 0:17:40.276385
[Epoch 27/60] [lr 5e-05] [loss: 0.0672] ETA: 0:19:42.937397
[Epoch 27/60] [lr 5e-05] [loss: 0.0427] ETA: 0:21:20.761204
[Epoch 27/60] [lr 5e-05] [loss: 0.0453] ETA: 0:19:14.552559
[Epoch 27/60] [lr 5e-05] [loss: 0.0537] ETA: 0:19:22.566319
[Epoch 27/60] [lr 5e-05] [loss: 0.0477] ETA: 0:21:01.036947
[Epoch 27/60] [lr 5e-05] [loss: 0.0331] ETA: 0:21:16.457902
[Epoch 28/60] [lr 5e-05] [loss: 0.0695] ETA: 0:18:42.170174
[Epoch 28/60] [lr 5e-05] [loss: 0.0313] ETA: 0:20:49.905964
[Epoch 28/60] [lr 5e-05] [loss: 0.0343] ETA: 0:20:39.368608
[Epoch 28/60] [lr 5e-05] [loss: 0.0284] ETA: 0:20:49.332052
[Epoch 28/60] [lr 5e-05] [loss: 0.0464] ETA: 0:18:48.503332
[Epoch 28/60] [lr 5e-05] [loss: 0.0626] ETA: 0:20:31.479285
[Epoch 28/60] [lr 5e-05] [loss: 0.0387] ETA: 0:20:00.060096
[Epoch 29/60] [lr 5e-05] [loss: 0.0355] ETA: 0:20:11.684875
[Epoch 29/60] [lr 5e-05] [loss: 0.0351] ETA: 0:19:27.232434
[Epoch 29/60] [lr 5e-05] [loss: 0.0686] ETA: 0:14:32.339826
[Epoch 29/60] [lr 5e-05] [loss: 0.0586] ETA: 0:16:03.919474
[Epoch 29/60] [lr 5e-05] [loss: 0.043] ETA: 0:18:10.651902
[Epoch 29/60] [lr 5e-05] [loss: 0.04] ETA: 0:19:23.702568
[Epoch 29/60] [lr 5e-05] [loss: 0.0215] ETA: 0:19:17.479224
[Epoch 30/60] [lr 5e-05] [loss: 0.0371] ETA: 0:19:43.263052
[Epoch 30/60] [lr 5e-05] [loss: 0.0392] ETA: 0:19:34.472208
[Epoch 30/60] [lr 5e-05] [loss: 0.0575] ETA: 0:19:26.158879
[Epoch 30/60] [lr 5e-05] [loss: 0.028] ETA: 0:18:58.564024
[Epoch 30/60] [lr 5e-05] [loss: 0.0495] ETA: 0:17:37.095180
[Epoch 30/60] [lr 5e-05] [loss: 0.0506] ETA: 0:17:17.329550
[Epoch 30/60] [lr 5e-05] [loss: 0.0474] ETA: 0:19:16.208854
[Epoch 31/60] [lr 5e-05] [loss: 0.0243] ETA: 0:18:46.948778
[Epoch 31/60] [lr 5e-05] [loss: 0.0246] ETA: 0:18:53.533810
[Epoch 31/60] [lr 5e-05] [loss: 0.0397] ETA: 0:18:37.473089
[Epoch 31/60] [lr 5e-05] [loss: 0.0599] ETA: 0:16:58.778643
[Epoch 31/60] [lr 5e-05] [loss: 0.0285] ETA: 0:18:37.333116
[Epoch 31/60] [lr 5e-05] [loss: 0.0408] ETA: 0:17:02.005327
[Epoch 31/60] [lr 5e-05] [loss: 0.0606] ETA: 0:18:29.596810
[Epoch 32/60] [lr 5e-05] [loss: 0.0343] ETA: 0:16:20.795305
[Epoch 32/60] [lr 5e-05] [loss: 0.0659] ETA: 0:16:50.476984
[Epoch 32/60] [lr 5e-05] [loss: 0.085] ETA: 0:16:24.320215
[Epoch 32/60] [lr 5e-05] [loss: 0.0495] ETA: 0:16:11.589073
[Epoch 32/60] [lr 5e-05] [loss: 0.0408] ETA: 0:17:59.182049
[Epoch 32/60] [lr 5e-05] [loss: 0.0849] ETA: 0:14:27.634677
[Epoch 32/60] [lr 5e-05] [loss: 0.0378] ETA: 0:15:58.344955
[Epoch 33/60] [lr 5e-05] [loss: 0.0407] ETA: 0:13:58.687410
[Epoch 33/60] [lr 5e-05] [loss: 0.0354] ETA: 0:17:25.044718
[Epoch 33/60] [lr 5e-05] [loss: 0.0645] ETA: 0:15:38.347356
[Epoch 33/60] [lr 5e-05] [loss: 0.0378] ETA: 0:15:30.972212
[Epoch 33/60] [lr 5e-05] [loss: 0.0328] ETA: 0:17:06.552369
[Epoch 33/60] [lr 5e-05] [loss: 0.0546] ETA: 0:14:06.908770
[Epoch 33/60] [lr 5e-05] [loss: 0.0164] ETA: 0:16:51.970559
[Epoch 34/60] [lr 5e-05] [loss: 0.0596] ETA: 0:15:22.617851
[Epoch 34/60] [lr 5e-05] [loss: 0.0247] ETA: 0:17:19.703817
[Epoch 34/60] [lr 5e-05] [loss: 0.0659] ETA: 0:14:06.242903
[Epoch 34/60] [lr 5e-05] [loss: 0.0218] ETA: 0:16:27.481934
[Epoch 34/60] [lr 5e-05] [loss: 0.0209] ETA: 0:16:26.342290
[Epoch 34/60] [lr 5e-05] [loss: 0.0267] ETA: 0:17:10.796646
[Epoch 34/60] [lr 5e-05] [loss: 0.0274] ETA: 0:16:26.434477
[Epoch 35/60] [lr 5e-05] [loss: 0.0576] ETA: 0:15:04.013675
[Epoch 35/60] [lr 5e-05] [loss: 0.0238] ETA: 0:16:35.321566
[Epoch 35/60] [lr 5e-05] [loss: 0.0257] ETA: 0:16:31.923064
[Epoch 35/60] [lr 5e-05] [loss: 0.0284] ETA: 0:16:37.902721
[Epoch 35/60] [lr 5e-05] [loss: 0.0526] ETA: 0:15:04.024225
[Epoch 35/60] [lr 5e-05] [loss: 0.0575] ETA: 0:14:16.693220
[Epoch 35/60] [lr 5e-05] [loss: 0.0139] ETA: 0:15:36.539555
[Epoch 36/60] [lr 5e-05] [loss: 0.0211] ETA: 0:15:31.752754
[Epoch 36/60] [lr 5e-05] [loss: 0.0489] ETA: 0:14:04.006759
[Epoch 36/60] [lr 5e-05] [loss: 0.0305] ETA: 0:14:03.629302
[Epoch 36/60] [lr 5e-05] [loss: 0.0624] ETA: 0:14:05.082570
[Epoch 36/60] [lr 5e-05] [loss: 0.0379] ETA: 0:15:16.949532
[Epoch 36/60] [lr 5e-05] [loss: 0.0502] ETA: 0:15:00.670815
[Epoch 36/60] [lr 5e-05] [loss: 0.0283] ETA: 0:15:03.139564
[Epoch 37/60] [lr 5e-05] [loss: 0.0469] ETA: 0:13:41.599340
[Epoch 37/60] [lr 5e-05] [loss: 0.0615] ETA: 0:13:35.356861
[Epoch 37/60] [lr 5e-05] [loss: 0.0382] ETA: 0:13:36.161273
[Epoch 37/60] [lr 5e-05] [loss: 0.0552] ETA: 0:11:55.980610
[Epoch 37/60] [lr 5e-05] [loss: 0.03] ETA: 0:14:27.245853
[Epoch 37/60] [lr 5e-05] [loss: 0.0391] ETA: 0:14:27.690197
[Epoch 37/60] [lr 5e-05] [loss: 0.0453] ETA: 0:12:50.775165
[Epoch 38/60] [lr 5e-05] [loss: 0.022] ETA: 0:14:04.918675
[Epoch 38/60] [lr 5e-05] [loss: 0.0336] ETA: 0:14:07.024652
[Epoch 38/60] [lr 5e-05] [loss: 0.0453] ETA: 0:13:00.042697
[Epoch 38/60] [lr 5e-05] [loss: 0.0276] ETA: 0:14:08.252197
[Epoch 38/60] [lr 5e-05] [loss: 0.0576] ETA: 0:12:26.560609
[Epoch 38/60] [lr 5e-05] [loss: 0.029] ETA: 0:12:33.124569
[Epoch 38/60] [lr 5e-05] [loss: 0.0157] ETA: 0:13:35.645421
[Epoch 39/60] [lr 5e-05] [loss: 0.0638] ETA: 0:12:26.875666
[Epoch 39/60] [lr 5e-05] [loss: 0.0749] ETA: 0:11:01.869649
[Epoch 39/60] [lr 5e-05] [loss: 0.0221] ETA: 0:13:30.383945
[Epoch 39/60] [lr 5e-05] [loss: 0.0319] ETA: 0:13:22.910728
[Epoch 39/60] [lr 5e-05] [loss: 0.064] ETA: 0:12:00.724161
[Epoch 39/60] [lr 5e-05] [loss: 0.0293] ETA: 0:13:05.279790
[Epoch 39/60] [lr 5e-05] [loss: 0.0163] ETA: 0:12:57.346554
[Epoch 40/60] [lr 5e-05] [loss: 0.022] ETA: 0:13:00.284185
[Epoch 40/60] [lr 5e-05] [loss: 0.0336] ETA: 0:12:55.750232
[Epoch 40/60] [lr 5e-05] [loss: 0.0517] ETA: 0:11:41.710243
[Epoch 40/60] [lr 5e-05] [loss: 0.0271] ETA: 0:12:53.562362
[Epoch 40/60] [lr 5e-05] [loss: 0.034] ETA: 0:12:49.490514
[Epoch 40/60] [lr 5e-05] [loss: 0.0706] ETA: 0:10:20.900617
[Epoch 40/60] [lr 5e-05] [loss: 0.0335] ETA: 0:12:35.034199
[Epoch 41/60] [lr 5e-05] [loss: 0.0256] ETA: 0:12:18.950663
[Epoch 41/60] [lr 5e-05] [loss: 0.0431] ETA: 0:11:09.512598
[Epoch 41/60] [lr 5e-05] [loss: 0.0457] ETA: 0:11:13.927501
[Epoch 41/60] [lr 5e-05] [loss: 0.0307] ETA: 0:11:56.202580
[Epoch 41/60] [lr 5e-05] [loss: 0.0535] ETA: 0:09:48.448000
[Epoch 41/60] [lr 5e-05] [loss: 0.036] ETA: 0:11:54.699064
[Epoch 41/60] [lr 5e-05] [loss: 0.033] ETA: 0:10:31.324857
[Epoch 42/60] [lr 5e-05] [loss: 0.0585] ETA: 0:10:42.897112
[Epoch 42/60] [lr 5e-05] [loss: 0.0507] ETA: 0:10:30.146317
[Epoch 42/60] [lr 5e-05] [loss: 0.0387] ETA: 0:10:16.513817
[Epoch 42/60] [lr 5e-05] [loss: 0.0517] ETA: 0:10:22.569483
[Epoch 42/60] [lr 5e-05] [loss: 0.0285] ETA: 0:10:04.859268
[Epoch 42/60] [lr 5e-05] [loss: 0.0339] ETA: 0:11:27.328114
[Epoch 42/60] [lr 5e-05] [loss: 0.032] ETA: 0:11:15.727758
[Epoch 43/60] [lr 5e-05] [loss: 0.0497] ETA: 0:11:02.769276
[Epoch 43/60] [lr 5e-05] [loss: 0.0147] ETA: 0:11:00.426075
[Epoch 43/60] [lr 5e-05] [loss: 0.0236] ETA: 0:10:48.308393
[Epoch 43/60] [lr 5e-05] [loss: 0.0387] ETA: 0:10:51.344647
[Epoch 43/60] [lr 5e-05] [loss: 0.0276] ETA: 0:09:34.189741
[Epoch 43/60] [lr 5e-05] [loss: 0.0615] ETA: 0:09:38.631560
[Epoch 43/60] [lr 5e-05] [loss: 0.0769] ETA: 0:08:25.853475
[Epoch 44/60] [lr 5e-05] [loss: 0.0378] ETA: 0:10:26.234333
[Epoch 44/60] [lr 5e-05] [loss: 0.0438] ETA: 0:09:32.567639
[Epoch 44/60] [lr 5e-05] [loss: 0.058] ETA: 0:08:18.004370
[Epoch 44/60] [lr 5e-05] [loss: 0.08] ETA: 0:07:13.373724
[Epoch 44/60] [lr 5e-05] [loss: 0.0324] ETA: 0:09:13.015530
[Epoch 44/60] [lr 5e-05] [loss: 0.0473] ETA: 0:09:06.259242
[Epoch 44/60] [lr 5e-05] [loss: 0.042] ETA: 0:09:40.226054
[Epoch 45/60] [lr 5e-05] [loss: 0.0468] ETA: 0:08:45.952982
[Epoch 45/60] [lr 5e-05] [loss: 0.0205] ETA: 0:09:43.350959
[Epoch 45/60] [lr 5e-05] [loss: 0.0572] ETA: 0:08:41.457616
[Epoch 45/60] [lr 5e-05] [loss: 0.0209] ETA: 0:09:21.257590
[Epoch 45/60] [lr 5e-05] [loss: 0.0371] ETA: 0:09:27.744696
[Epoch 45/60] [lr 5e-05] [loss: 0.0417] ETA: 0:08:26.784935
[Epoch 45/60] [lr 5e-05] [loss: 0.0502] ETA: 0:07:21.464810
[Epoch 46/60] [lr 5e-05] [loss: 0.0368] ETA: 0:08:16.619581
[Epoch 46/60] [lr 5e-05] [loss: 0.0172] ETA: 0:08:50.337171
[Epoch 46/60] [lr 5e-05] [loss: 0.0258] ETA: 0:08:03.599347
[Epoch 46/60] [lr 5e-05] [loss: 0.029] ETA: 0:08:50.945601
[Epoch 46/60] [lr 5e-05] [loss: 0.0416] ETA: 0:08:46.403787
[Epoch 46/60] [lr 5e-05] [loss: 0.0334] ETA: 0:08:34.808254
[Epoch 46/60] [lr 5e-05] [loss: 0.0398] ETA: 0:07:46.584180
[Epoch 47/60] [lr 5e-05] [loss: 0.0665] ETA: 0:07:42.094913
[Epoch 47/60] [lr 5e-05] [loss: 0.0487] ETA: 0:07:01.587972
[Epoch 47/60] [lr 5e-05] [loss: 0.0349] ETA: 0:08:10.946404
[Epoch 47/60] [lr 5e-05] [loss: 0.0417] ETA: 0:06:27.434587
[Epoch 47/60] [lr 5e-05] [loss: 0.0497] ETA: 0:07:34.726812
[Epoch 47/60] [lr 5e-05] [loss: 0.0266] ETA: 0:07:51.944597
[Epoch 47/60] [lr 5e-05] [loss: 0.0298] ETA: 0:07:50.516926
[Epoch 48/60] [lr 5e-05] [loss: 0.0344] ETA: 0:07:55.513945
[Epoch 48/60] [lr 5e-05] [loss: 0.0475] ETA: 0:07:07.303311
[Epoch 48/60] [lr 5e-05] [loss: 0.0248] ETA: 0:07:34.104012
[Epoch 48/60] [lr 5e-05] [loss: 0.0259] ETA: 0:07:29.566222
[Epoch 48/60] [lr 5e-05] [loss: 0.0503] ETA: 0:06:47.140624
[Epoch 48/60] [lr 5e-05] [loss: 0.0341] ETA: 0:07:19.705853
[Epoch 48/60] [lr 5e-05] [loss: 0.0261] ETA: 0:07:08.263596
[Epoch 49/60] [lr 5e-05] [loss: 0.0233] ETA: 0:07:12.819217
[Epoch 49/60] [lr 5e-05] [loss: 0.0401] ETA: 0:06:18.282747
[Epoch 49/60] [lr 5e-05] [loss: 0.045] ETA: 0:06:11.878228
[Epoch 49/60] [lr 5e-05] [loss: 0.0422] ETA: 0:06:17.212933
[Epoch 49/60] [lr 5e-05] [loss: 0.0366] ETA: 0:06:48.446778
[Epoch 49/60] [lr 5e-05] [loss: 0.0314] ETA: 0:05:34.018201
[Epoch 49/60] [lr 5e-05] [loss: 0.038] ETA: 0:05:55.614569
[Epoch 50/60] [lr 2.5e-05] [loss: 0.0299] ETA: 0:06:34.205961
[Epoch 50/60] [lr 2.5e-05] [loss: 0.036] ETA: 0:05:44.281683
[Epoch 50/60] [lr 2.5e-05] [loss: 0.0655] ETA: 0:05:15.545728
[Epoch 50/60] [lr 2.5e-05] [loss: 0.0266] ETA: 0:06:15.348115
[Epoch 50/60] [lr 2.5e-05] [loss: 0.0276] ETA: 0:05:58.883114
[Epoch 50/60] [lr 2.5e-05] [loss: 0.062] ETA: 0:04:57.389278
[Epoch 50/60] [lr 2.5e-05] [loss: 0.0245] ETA: 0:05:58.321724
[Epoch 51/60] [lr 2.5e-05] [loss: 0.0498] ETA: 0:06:09.688742
[Epoch 51/60] [lr 2.5e-05] [loss: 0.0414] ETA: 0:05:47.796290
[Epoch 51/60] [lr 2.5e-05] [loss: 0.0354] ETA: 0:05:08.035158
[Epoch 51/60] [lr 2.5e-05] [loss: 0.0304] ETA: 0:05:40.650352
[Epoch 51/60] [lr 2.5e-05] [loss: 0.0321] ETA: 0:05:29.334389
[Epoch 51/60] [lr 2.5e-05] [loss: 0.0245] ETA: 0:05:15.575475
[Epoch 51/60] [lr 2.5e-05] [loss: 0.0503] ETA: 0:04:18.163972
[Epoch 52/60] [lr 2.5e-05] [loss: 0.0544] ETA: 0:04:48.413744
[Epoch 52/60] [lr 2.5e-05] [loss: 0.0328] ETA: 0:04:40.836907
[Epoch 52/60] [lr 2.5e-05] [loss: 0.0262] ETA: 0:04:59.949123
[Epoch 52/60] [lr 2.5e-05] [loss: 0.0555] ETA: 0:04:55.069164
[Epoch 52/60] [lr 2.5e-05] [loss: 0.0283] ETA: 0:05:01.862549
[Epoch 52/60] [lr 2.5e-05] [loss: 0.0405] ETA: 0:04:25.302233
[Epoch 52/60] [lr 2.5e-05] [loss: 0.0286] ETA: 0:04:08.169024
[Epoch 53/60] [lr 2.5e-05] [loss: 0.0508] ETA: 0:03:46.992695
[Epoch 53/60] [lr 2.5e-05] [loss: 0.0489] ETA: 0:04:06.949730
[Epoch 53/60] [lr 2.5e-05] [loss: 0.0449] ETA: 0:04:20.416729
[Epoch 53/60] [lr 2.5e-05] [loss: 0.0267] ETA: 0:04:19.437195
[Epoch 53/60] [lr 2.5e-05] [loss: 0.0317] ETA: 0:03:43.280571
[Epoch 53/60] [lr 2.5e-05] [loss: 0.0304] ETA: 0:03:57.210598
[Epoch 53/60] [lr 2.5e-05] [loss: 0.029] ETA: 0:03:54.247416
[Epoch 54/60] [lr 2.5e-05] [loss: 0.0559] ETA: 0:03:32.797013
[Epoch 54/60] [lr 2.5e-05] [loss: 0.0316] ETA: 0:03:49.652005
[Epoch 54/60] [lr 2.5e-05] [loss: 0.0601] ETA: 0:03:01.278096
[Epoch 54/60] [lr 2.5e-05] [loss: 0.0424] ETA: 0:03:20.535416
[Epoch 54/60] [lr 2.5e-05] [loss: 0.0308] ETA: 0:03:27.224738
[Epoch 54/60] [lr 2.5e-05] [loss: 0.0364] ETA: 0:03:04.239148
[Epoch 54/60] [lr 2.5e-05] [loss: 0.0243] ETA: 0:03:19.280273
[Epoch 55/60] [lr 2.5e-05] [loss: 0.0226] ETA: 0:03:14.535702
[Epoch 55/60] [lr 2.5e-05] [loss: 0.0794] ETA: 0:02:34.038762
[Epoch 55/60] [lr 2.5e-05] [loss: 0.0307] ETA: 0:03:01.723293
[Epoch 55/60] [lr 2.5e-05] [loss: 0.0331] ETA: 0:02:56.713142
[Epoch 55/60] [lr 2.5e-05] [loss: 0.0226] ETA: 0:02:53.077826
[Epoch 55/60] [lr 2.5e-05] [loss: 0.0284] ETA: 0:02:43.123198
[Epoch 55/60] [lr 2.5e-05] [loss: 0.0466] ETA: 0:02:25.639143
[Epoch 56/60] [lr 2.5e-05] [loss: 0.0303] ETA: 0:02:38.112803
[Epoch 56/60] [lr 2.5e-05] [loss: 0.0302] ETA: 0:02:33.663054
[Epoch 56/60] [lr 2.5e-05] [loss: 0.0168] ETA: 0:02:23.704712
[Epoch 56/60] [lr 2.5e-05] [loss: 0.0439] ETA: 0:02:06.503212
[Epoch 56/60] [lr 2.5e-05] [loss: 0.0308] ETA: 0:02:12.362986
[Epoch 56/60] [lr 2.5e-05] [loss: 0.0189] ETA: 0:02:03.871568
[Epoch 56/60] [lr 2.5e-05] [loss: 0.0169] ETA: 0:02:00.999063
[Epoch 57/60] [lr 2.5e-05] [loss: 0.0558] ETA: 0:01:48.224952
[Epoch 57/60] [lr 2.5e-05] [loss: 0.0196] ETA: 0:01:50.962383
[Epoch 57/60] [lr 2.5e-05] [loss: 0.0488] ETA: 0:01:37.038489
[Epoch 57/60] [lr 2.5e-05] [loss: 0.0332] ETA: 0:01:38.101868
[Epoch 57/60] [lr 2.5e-05] [loss: 0.0303] ETA: 0:01:33.888222
[Epoch 57/60] [lr 2.5e-05] [loss: 0.0301] ETA: 0:01:17.298965
[Epoch 57/60] [lr 2.5e-05] [loss: 0.0145] ETA: 0:01:20.273301
[Epoch 58/60] [lr 2.5e-05] [loss: 0.0584] ETA: 0:01:09.735525
[Epoch 58/60] [lr 2.5e-05] [loss: 0.0236] ETA: 0:01:12.074940
[Epoch 58/60] [lr 2.5e-05] [loss: 0.0441] ETA: 0:01:05.273444
[Epoch 58/60] [lr 2.5e-05] [loss: 0.0198] ETA: 0:00:59.231380
[Epoch 58/60] [lr 2.5e-05] [loss: 0.0273] ETA: 0:00:52.718432
[Epoch 58/60] [lr 2.5e-05] [loss: 0.0335] ETA: 0:00:47.408375
[Epoch 58/60] [lr 2.5e-05] [loss: 0.0409] ETA: 0:00:34.166536
[Epoch 59/60] [lr 2.5e-05] [loss: 0.0218] ETA: 0:00:38.679227
[Epoch 59/60] [lr 2.5e-05] [loss: 0.0263] ETA: 0:00:32.879079
[Epoch 59/60] [lr 2.5e-05] [loss: 0.0242] ETA: 0:00:26.671407
[Epoch 59/60] [lr 2.5e-05] [loss: 0.0699] ETA: 0:00:17.089343
[Epoch 59/60] [lr 2.5e-05] [loss: 0.0698] ETA: 0:00:13.399591
[Epoch 59/60] [lr 2.5e-05] [loss: 0.0653] ETA: 0:00:07.872591
[Epoch 59/60] [lr 2.5e-05] [loss: 0.0282] ETA: 0:00:02.503826
done
pytorch_duration_seconds=2221
/root/autodl-tmp/SIBA-Jittor/checkpoints/pytorch_msrs_roadscene_60e_20260727_siba_official_protocol/07-27-06-00/SIBA_epoch60.pth 2313647 bytes
end_time=2026-07-27T06:37:38+08:00
Mon Jul 27 06:37:38 2026       
+-----------------------------------------------------------------------------------------+
| NVIDIA-SMI 580.105.08             Driver Version: 580.105.08     CUDA Version: 13.0     |
+-----------------------------------------+------------------------+----------------------+
| GPU  Name                 Persistence-M | Bus-Id          Disp.A | Volatile Uncorr. ECC |
| Fan  Temp   Perf          Pwr:Usage/Cap |           Memory-Usage | GPU-Util  Compute M. |
|                                         |                        |               MIG M. |
|=========================================+========================+======================|
|   0  NVIDIA GeForce RTX 3090        On  |   00000000:4F:00.0 Off |                  N/A |
| 62%   61C    P0            175W /  350W |       0MiB /  24576MiB |     17%      Default |
|                                         |                        |                  N/A |
+-----------------------------------------+------------------------+----------------------+

+-----------------------------------------------------------------------------------------+
| Processes:                                                                              |
|  GPU   GI   CI              PID   Type   Process name                        GPU Memory |
|        ID   ID                                                               Usage      |
|=========================================================================================|
|  No running processes found                                                             |
+-----------------------------------------------------------------------------------------+
