[i 0727 04:40:02.198447 88 compiler.py:955] Jittor(1.3.11.0) src: /root/autodl-tmp/envs/siba_jittor/lib/python3.8/site-packages/jittor
[i 0727 04:40:02.202263 88 compiler.py:956] g++ at /usr/bin/g++(9.3.0)
[i 0727 04:40:02.202313 88 compiler.py:957] cache_path: /root/autodl-tmp/.cache/jittor_gpu/.cache/jittor/jt1.3.11/g++9.3.0/py3.8.18/Linux-5.15.0-9xc8/IntelRXeonRPlaxf4/fe1b/default
[i 0727 04:40:02.205065 88 __init__.py:412] Found /usr/local/cuda/bin/nvcc(11.3.109) at /usr/local/cuda/bin/nvcc.
[i 0727 04:40:02.208577 88 __init__.py:412] Found addr2line(2.34) at /usr/bin/addr2line.
[i 0727 04:40:02.491362 88 compiler.py:1012] cuda key:cu11.3.109_sm_86
[i 0727 04:40:02.972923 88 __init__.py:227] Total mem: 755.27GB, using 16 procs for compiling.
[i 0727 04:40:03.063421 88 jit_compiler.cc:28] Load cc_path: /usr/bin/g++
[i 0727 04:40:03.395853 88 init.cc:63] Found cuda archs: [86,]
[i 0727 04:40:05.030138 88 cuda_flags.cc:55] CUDA enabled.
[alignment] forward activations: start
[alignment] forward activations: done
[alignment] losses: start
[alignment] losses: done
[alignment] pre-clip gradients: start
[alignment] pre-clip gradients: done

Compiling Operators(4/6) used: 2.38s eta: 1.19s Compiling Operators(6/6) used: 3.38s eta:    0s 
[alignment] post-clip gradients: start
[alignment] post-clip gradients: done
[alignment] Adam step: start
[alignment] Adam step: done
[alignment] reference-gradient clip: start
[alignment] reference-gradient clip: done
[alignment] reference-gradient Adam step: start
[alignment] reference-gradient Adam step: done
{
  "check_count": 706,
  "activation_max_abs": 0.00020205974578857422,
  "loss_max_abs": 2.9802322387695312e-06,
  "gradient_preclip_cosine": 0.9999452541779544,
  "gradient_preclip_relative_l2": 0.010508415539397813,
  "reference_gradient_postclip_max_abs": 4.889443516731262e-09,
  "reference_gradient_parameter_after_step_max_abs": 2.9802322387695312e-08,
  "passed": true
}
